
> Configure project :
Fabric Loom: 1.17.21

> Task :clean

> Task :compileJava
Note: Some input files use or override a deprecated API.
Note: Recompile with -Xlint:deprecation for details.

> Task :processResources
> Task :classes
> Task :compileClientJava
> Task :processClientResources NO-SOURCE
> Task :processIncludeJars
> Task :jar
> Task :sourcesJar
> Task :assemble
> Task :clientClasses
> Task :compileTestJava NO-SOURCE
> Task :processTestResources NO-SOURCE
> Task :testClasses UP-TO-DATE
> Task :test NO-SOURCE
> Task :validateAccessWidener UP-TO-DATE
> Task :check UP-TO-DATE
> Task :build

[Incubating] Problems report is available at: file:///C:/Users/enzot/curseforge/minecraft/Instances/Mods%20SNC/snc_energies/build/reports/problems/problems-report.html

Deprecated Gradle features were used in this build, making it incompatible with Gradle 10.

You can use '--warning-mode all' to show the individual deprecation warnings and determine if they come from your own scripts or plugins.

For more on this, please refer to https://docs.gradle.org/9.5.1/userguide/command_line_interface.html#sec:command_line_warnings in the Gradle documentation.

BUILD SUCCESSFUL in 16s
8 actionable tasks: 7 executed, 1 up-to-date
