[04:59:27] [main/INFO] (FabricLoader/GameProvider) Loading Minecraft 26.3 with Fabric Loader 0.19.5
[04:59:27] [main/INFO] (FabricLoader/Mappings) Mappings not present!
[04:59:28] [main/INFO] (FabricLoader) Loading 46 mods:
	- fabric-advancement-api-v1 1.0.0+38c7a2d55d
	- fabric-api 0.161.0+26.3
	- fabric-api-base 2.0.6+fcdff87f5d
	- fabric-api-lookup-api-v1 2.0.24+3434d6d95d
	- fabric-biome-api-v1 20.0.9+74ed1ea55d
	- fabric-block-api-v1 3.1.0+0ae6f9115d
	- fabric-block-getter-api-v2 2.0.9+3434d6d95d
	- fabric-command-api-v2 3.1.2+fcdff87f5d
	- fabric-content-registries-v0 15.0.4+74ed1ea55d
	- fabric-convention-tags-v2 4.10.3+6b5b47fd5d
	- fabric-crash-report-info-v1 1.0.7+fcdff87f5d
	- fabric-creative-tab-api-v1 5.0.21+fcdff87f5d
	- fabric-data-attachment-api-v1 2.2.30+3434d6d95d
	- fabric-data-generation-api-v1 27.2.4+427eab975d
	- fabric-debug-api-v1 1.0.4+3434d6d95d
	- fabric-dimensions-v1 5.1.19+47f74c985d
	- fabric-entity-events-v1 6.0.4+3434d6d95d
	- fabric-events-interaction-v0 5.3.6+3434d6d95d
	- fabric-game-rule-api-v1 4.0.10+3434d6d95d
	- fabric-gametest-api-v1 4.0.32+3434d6d95d
	- fabric-item-api-v1 14.7.0+cf6bc2db5d
	- fabric-lifecycle-events-v1 4.1.9+ffef5f675d
	- fabric-loot-api-v3 4.0.8+4068fd645d
	- fabric-menu-api-v1 2.0.27+ed66f0a35d
	- fabric-message-api-v1 7.0.10+3434d6d95d
	- fabric-networking-api-v1 6.3.8+fcdff87f5d
	- fabric-object-builder-api-v1 24.1.9+3434d6d95d
	- fabric-particles-v1 5.0.24+3434d6d95d
	- fabric-permission-api-v1 1.0.8+fcdff87f5d
	- fabric-recipe-api-v1 10.0.8+fcdff87f5d
	- fabric-registry-sync-v0 8.0.1+fcdff87f5d
	- fabric-rendering-fluids-v1 6.0.6+3434d6d95d
	- fabric-resource-conditions-api-v1 6.1.5+3434d6d95d
	- fabric-resource-loader-v0 3.3.26+4fc5413f5d
	- fabric-resource-loader-v1 3.0.4+fcdff87f5d
	- fabric-serialization-api-v1 2.0.7+74ed1ea55d
	- fabric-tag-api-v1 2.1.10+fcdff87f5d
	- fabric-transfer-api-v1 8.0.25+fcdff87f5d
	- fabric-transitive-access-wideners-v1 8.1.16+52268a0e5d
	- fabricloader 0.19.5
	- intoxicantes 1.2.57
	- java 25
	- minecraft 26.3
	- mixinextras 0.5.5
	- snc_energies 0.4.0
	- snc_functional_test 1.0.0
[04:59:28] [main/INFO] (FabricLoader/Mixin) SpongePowered MIXIN Subsystem Version=0.8.7 Source=file:/C:/Users/enzot/.gradle/caches/modules-2/files-2.1/net.fabricmc/sponge-mixin/0.17.4+mixin.0.8.7/5f66cc9f59b8efaa942155a3d5a30599bf6640dd/sponge-mixin-0.17.4+mixin.0.8.7.jar Service=Knot/Fabric Env=SERVER
[04:59:30] [main/INFO] (FabricLoader/MixinExtras|Service) Initializing MixinExtras via com.llamalad7.mixinextras.service.MixinExtrasServiceImpl(version=0.5.5).
[04:59:53] [main/INFO] (SNC Energies) SNC Energies blocks constructed
[04:59:53] [main/INFO] (SNC Energies) SNC Energies block entities registered
[04:59:53] [main/INFO] (SNC Energies) SNC Energies items registered
[04:59:53] [main/INFO] (SNC Energies) SNC Energies menus registered
[04:59:53] [main/INFO] (SNC Energies) SNC Energies recipes ready
[04:59:53] [main/INFO] (SNC Energies) SNC Adventures 1.2.57 detected; optional biomass integration enabled
[04:59:53] [main/INFO] (SNC Energies) SNC Energies initialized: the grid is live!
[04:59:54] [main/INFO] (intoxicantes) [Intoxicantes] Plantacoes, bebidas, NPCs e substancias ficticias registradas. Lembre: e so jogo!
[04:59:54] [main/INFO] (Minecraft) Environment: Environment[discoveryUrl=https://discovery.minecraftservices.com/minecraft/client, name=PROD]
[04:59:59] [Worker-Main-3/INFO] (Minecraft) Loaded 1877 advancements
[04:59:59] [main/INFO] (BiomeModificationImpl) Applied 132 biome modifications to 56 of 67 new biomes in 25.73 ms
[04:59:59] [Server thread/INFO] (intoxicantes) [Market] Posicao do Mercado carregada: 73, 50, -9
[04:59:59] [Server thread/INFO] (intoxicantes) [Intoxicantes] Sistema de dinheiro R$ e Mercado Esquinao inicializados.
[04:59:59] [Server thread/INFO] (Minecraft) Starting minecraft server version 26.3
[04:59:59] [Server thread/INFO] (Minecraft) Loading properties
[04:59:59] [Server thread/INFO] (Minecraft) Default game type: SURVIVAL
[04:59:59] [Server thread/INFO] (Minecraft) Generating keypair
[04:59:59] [Server thread/INFO] (Minecraft) Starting Minecraft server on 127.0.0.1:25577
[05:00:00] [Server thread/WARN] (Minecraft) **** SERVER IS RUNNING IN OFFLINE/INSECURE MODE!
[05:00:00] [Server thread/WARN] (Minecraft) The server will make no attempt to authenticate usernames. Beware.
[05:00:00] [Server thread/WARN] (Minecraft) While this makes the game possible to play without internet access, it also opens up the ability for hackers to connect with any username they choose.
[05:00:00] [Server thread/WARN] (Minecraft) To change this, set "online-mode" to "true" in the server.properties file.
[05:00:00] [Server thread/INFO] (Minecraft) Preparing level "machine-test"
[05:00:01] [Server thread/INFO] (Minecraft) Loading 25 persistent chunks...
[05:00:01] [Server thread/INFO] (Minecraft) Preparing spawn area: 28%
[05:00:01] [Server thread/INFO] (Minecraft) Preparing spawn area: 28%
[05:00:02] [Server thread/INFO] (Minecraft) Time elapsed: 974 ms
[05:00:02] [Server thread/INFO] (Minecraft) Done (1.764s)! For help, type "help"
[05:00:02] [Server thread/INFO] (Minecraft) Saving chunks for level 'ServerLevel[machine-test]'/minecraft:overworld
[05:00:02] [Server thread/INFO] (Minecraft) Saving chunks for level 'ServerLevel[machine-test]'/minecraft:the_end
[05:00:02] [Server thread/INFO] (Minecraft) Saving chunks for level 'ServerLevel[machine-test]'/minecraft:the_nether
[05:00:04] [Server thread/INFO] (SNC Energies) FUNCTIONAL PASS: companion biomass registry matches the selected test profile
[05:00:04] [Server thread/INFO] (SNC Energies) FUNCTIONAL PASS: empty biomass cannot produce energy
[05:00:04] [Server thread/INFO] (SNC Energies) FUNCTIONAL PASS: Adventures bagasse resolves through the optional biomass tag
[05:00:04] [Server thread/INFO] (SNC Energies) FUNCTIONAL PASS: stove menu accepts Adventures bagasse
[05:00:04] [Server thread/INFO] (SNC Energies) FUNCTIONAL PASS: one bagasse produces exactly 8000 energy and consumes exactly one item
[05:00:04] [Server thread/INFO] (SNC Energies) FUNCTIONAL PASS: biomass inventory and energy survive save/load
[05:00:04] [Server thread/INFO] (SNC Energies) FUNCTIONAL PASS: transfer conserves a one-unit source with a 160-unit budget
[05:00:04] [Server thread/INFO] (SNC Energies) FUNCTIONAL PASS: generator exposes its menu
[05:00:04] [Server thread/INFO] (SNC Energies) FUNCTIONAL PASS: furnace exposes its menu
[05:00:04] [Server thread/INFO] (SNC Energies) FUNCTIONAL PASS: crusher exposes its menu
[05:00:04] [Server thread/INFO] (SNC Energies) FUNCTIONAL PASS: menu retains synchronized energy and burn values
[05:00:04] [Server thread/INFO] (SNC Energies) FUNCTIONAL PASS: wood stove exposes its own fuel menu
[05:00:04] [Server thread/INFO] (SNC Energies) FUNCTIONAL PASS: wood stove accepts logs, planks and sticks
[05:00:04] [Server thread/INFO] (SNC Energies) FUNCTIONAL PASS: wood stove rejects non-wood and nonflammable fuel
[05:00:04] [Server thread/INFO] (SNC Energies) FUNCTIONAL PASS: obstruction blocks placement without replacing terrain: north
[05:00:04] [Server thread/INFO] (SNC Energies) FUNCTIONAL PASS: clear footprint accepted: north
[05:00:04] [Server thread/INFO] (SNC Energies) FUNCTIONAL PASS: structural cell shares controller north / 1
[05:00:04] [Server thread/INFO] (SNC Energies) FUNCTIONAL PASS: structural cell shares controller north / 2
[05:00:04] [Server thread/INFO] (SNC Energies) FUNCTIONAL PASS: structural cell shares controller north / 3
[05:00:04] [Server thread/INFO] (SNC Energies) FUNCTIONAL PASS: structural cell shares controller north / 4
[05:00:04] [Server thread/INFO] (SNC Energies) FUNCTIONAL PASS: structural cell shares controller north / 5
[05:00:04] [Server thread/INFO] (SNC Energies) FUNCTIONAL PASS: structural cell shares controller north / 6
[05:00:04] [Server thread/INFO] (SNC Energies) FUNCTIONAL PASS: structural cell shares controller north / 7
[05:00:04] [Server thread/INFO] (SNC Energies) FUNCTIONAL PASS: structure cannot be separated by pistons: north
[05:00:04] [Server thread/INFO] (SNC Energies) FUNCTIONAL PASS: breaking chimney removes cell north / 0
[05:00:04] [Server thread/INFO] (SNC Energies) FUNCTIONAL PASS: breaking chimney removes cell north / 1
[05:00:04] [Server thread/INFO] (SNC Energies) FUNCTIONAL PASS: breaking chimney removes cell north / 2
[05:00:04] [Server thread/INFO] (SNC Energies) FUNCTIONAL PASS: breaking chimney removes cell north / 3
[05:00:04] [Server thread/INFO] (SNC Energies) FUNCTIONAL PASS: breaking chimney removes cell north / 4
[05:00:04] [Server thread/INFO] (SNC Energies) FUNCTIONAL PASS: breaking chimney removes cell north / 5
[05:00:04] [Server thread/INFO] (SNC Energies) FUNCTIONAL PASS: breaking chimney removes cell north / 6
[05:00:04] [Server thread/INFO] (SNC Energies) FUNCTIONAL PASS: breaking chimney removes cell north / 7
[05:00:04] [Server thread/INFO] (SNC Energies) FUNCTIONAL PASS: breaking structure drops exactly one stove: north
[05:00:04] [Server thread/INFO] (SNC Energies) FUNCTIONAL PASS: obstruction blocks placement without replacing terrain: south
[05:00:04] [Server thread/INFO] (SNC Energies) FUNCTIONAL PASS: clear footprint accepted: south
[05:00:04] [Server thread/INFO] (SNC Energies) FUNCTIONAL PASS: structural cell shares controller south / 1
[05:00:04] [Server thread/INFO] (SNC Energies) FUNCTIONAL PASS: structural cell shares controller south / 2
[05:00:04] [Server thread/INFO] (SNC Energies) FUNCTIONAL PASS: structural cell shares controller south / 3
[05:00:04] [Server thread/INFO] (SNC Energies) FUNCTIONAL PASS: structural cell shares controller south / 4
[05:00:04] [Server thread/INFO] (SNC Energies) FUNCTIONAL PASS: structural cell shares controller south / 5
[05:00:04] [Server thread/INFO] (SNC Energies) FUNCTIONAL PASS: structural cell shares controller south / 6
[05:00:04] [Server thread/INFO] (SNC Energies) FUNCTIONAL PASS: structural cell shares controller south / 7
[05:00:04] [Server thread/INFO] (SNC Energies) FUNCTIONAL PASS: structure cannot be separated by pistons: south
[05:00:04] [Server thread/INFO] (SNC Energies) FUNCTIONAL PASS: breaking chimney removes cell south / 0
[05:00:04] [Server thread/INFO] (SNC Energies) FUNCTIONAL PASS: breaking chimney removes cell south / 1
[05:00:04] [Server thread/INFO] (SNC Energies) FUNCTIONAL PASS: breaking chimney removes cell south / 2
[05:00:04] [Server thread/INFO] (SNC Energies) FUNCTIONAL PASS: breaking chimney removes cell south / 3
[05:00:04] [Server thread/INFO] (SNC Energies) FUNCTIONAL PASS: breaking chimney removes cell south / 4
[05:00:04] [Server thread/INFO] (SNC Energies) FUNCTIONAL PASS: breaking chimney removes cell south / 5
[05:00:04] [Server thread/INFO] (SNC Energies) FUNCTIONAL PASS: breaking chimney removes cell south / 6
[05:00:04] [Server thread/INFO] (SNC Energies) FUNCTIONAL PASS: breaking chimney removes cell south / 7
[05:00:04] [Server thread/INFO] (SNC Energies) FUNCTIONAL PASS: breaking structure drops exactly one stove: south
[05:00:04] [Server thread/INFO] (SNC Energies) FUNCTIONAL PASS: obstruction blocks placement without replacing terrain: east
[05:00:04] [Server thread/INFO] (SNC Energies) FUNCTIONAL PASS: clear footprint accepted: east
[05:00:04] [Server thread/INFO] (SNC Energies) FUNCTIONAL PASS: structural cell shares controller east / 1
[05:00:04] [Server thread/INFO] (SNC Energies) FUNCTIONAL PASS: structural cell shares controller east / 2
[05:00:04] [Server thread/INFO] (SNC Energies) FUNCTIONAL PASS: structural cell shares controller east / 3
[05:00:04] [Server thread/INFO] (SNC Energies) FUNCTIONAL PASS: structural cell shares controller east / 4
[05:00:04] [Server thread/INFO] (SNC Energies) FUNCTIONAL PASS: structural cell shares controller east / 5
[05:00:04] [Server thread/INFO] (SNC Energies) FUNCTIONAL PASS: structural cell shares controller east / 6
[05:00:04] [Server thread/INFO] (SNC Energies) FUNCTIONAL PASS: structural cell shares controller east / 7
[05:00:04] [Server thread/INFO] (SNC Energies) FUNCTIONAL PASS: structure cannot be separated by pistons: east
[05:00:04] [Server thread/INFO] (SNC Energies) FUNCTIONAL PASS: breaking chimney removes cell east / 0
[05:00:04] [Server thread/INFO] (SNC Energies) FUNCTIONAL PASS: breaking chimney removes cell east / 1
[05:00:04] [Server thread/INFO] (SNC Energies) FUNCTIONAL PASS: breaking chimney removes cell east / 2
[05:00:04] [Server thread/INFO] (SNC Energies) FUNCTIONAL PASS: breaking chimney removes cell east / 3
[05:00:04] [Server thread/INFO] (SNC Energies) FUNCTIONAL PASS: breaking chimney removes cell east / 4
[05:00:04] [Server thread/INFO] (SNC Energies) FUNCTIONAL PASS: breaking chimney removes cell east / 5
[05:00:04] [Server thread/INFO] (SNC Energies) FUNCTIONAL PASS: breaking chimney removes cell east / 6
[05:00:04] [Server thread/INFO] (SNC Energies) FUNCTIONAL PASS: breaking chimney removes cell east / 7
[05:00:04] [Server thread/INFO] (SNC Energies) FUNCTIONAL PASS: breaking structure drops exactly one stove: east
[05:00:04] [Server thread/INFO] (SNC Energies) FUNCTIONAL PASS: obstruction blocks placement without replacing terrain: west
[05:00:04] [Server thread/INFO] (SNC Energies) FUNCTIONAL PASS: clear footprint accepted: west
[05:00:04] [Server thread/INFO] (SNC Energies) FUNCTIONAL PASS: structural cell shares controller west / 1
[05:00:04] [Server thread/INFO] (SNC Energies) FUNCTIONAL PASS: structural cell shares controller west / 2
[05:00:04] [Server thread/INFO] (SNC Energies) FUNCTIONAL PASS: structural cell shares controller west / 3
[05:00:04] [Server thread/INFO] (SNC Energies) FUNCTIONAL PASS: structural cell shares controller west / 4
[05:00:04] [Server thread/INFO] (SNC Energies) FUNCTIONAL PASS: structural cell shares controller west / 5
[05:00:04] [Server thread/INFO] (SNC Energies) FUNCTIONAL PASS: structural cell shares controller west / 6
[05:00:04] [Server thread/INFO] (SNC Energies) FUNCTIONAL PASS: structural cell shares controller west / 7
[05:00:04] [Server thread/INFO] (SNC Energies) FUNCTIONAL PASS: structure cannot be separated by pistons: west
[05:00:04] [Server thread/INFO] (SNC Energies) FUNCTIONAL PASS: breaking chimney removes cell west / 0
[05:00:04] [Server thread/INFO] (SNC Energies) FUNCTIONAL PASS: breaking chimney removes cell west / 1
[05:00:04] [Server thread/INFO] (SNC Energies) FUNCTIONAL PASS: breaking chimney removes cell west / 2
[05:00:04] [Server thread/INFO] (SNC Energies) FUNCTIONAL PASS: breaking chimney removes cell west / 3
[05:00:04] [Server thread/INFO] (SNC Energies) FUNCTIONAL PASS: breaking chimney removes cell west / 4
[05:00:04] [Server thread/INFO] (SNC Energies) FUNCTIONAL PASS: breaking chimney removes cell west / 5
[05:00:04] [Server thread/INFO] (SNC Energies) FUNCTIONAL PASS: breaking chimney removes cell west / 6
[05:00:04] [Server thread/INFO] (SNC Energies) FUNCTIONAL PASS: breaking chimney removes cell west / 7
[05:00:04] [Server thread/INFO] (SNC Energies) FUNCTIONAL PASS: breaking structure drops exactly one stove: west
[05:00:04] [Server thread/INFO] (SNC Energies) FUNCTIONAL PASS: legacy compact stove keeps its original footprint
[05:00:04] [Server thread/INFO] (SNC Energies) FUNCTIONAL PASS: workshop refuses obstructed footprint: north
[05:00:04] [Server thread/INFO] (SNC Energies) FUNCTIONAL PASS: workshop part shares controller: north/0
[05:00:04] [Server thread/INFO] (SNC Energies) FUNCTIONAL PASS: workshop structural parts have no duplicate inventory
[05:00:04] [Server thread/INFO] (SNC Energies) FUNCTIONAL PASS: workshop part shares controller: north/1
[05:00:04] [Server thread/INFO] (SNC Energies) FUNCTIONAL PASS: workshop structural parts have no duplicate inventory
[05:00:04] [Server thread/INFO] (SNC Energies) FUNCTIONAL PASS: workshop part shares controller: north/2
[05:00:04] [Server thread/INFO] (SNC Energies) FUNCTIONAL PASS: workshop structural parts have no duplicate inventory
[05:00:04] [Server thread/INFO] (SNC Energies) FUNCTIONAL PASS: workshop part shares controller: north/3
[05:00:04] [Server thread/INFO] (SNC Energies) FUNCTIONAL PASS: workshop structural parts have no duplicate inventory
[05:00:04] [Server thread/INFO] (SNC Energies) FUNCTIONAL PASS: workshop removal cleans every cell
[05:00:04] [Server thread/INFO] (SNC Energies) FUNCTIONAL PASS: workshop removal cleans every cell
[05:00:04] [Server thread/INFO] (SNC Energies) FUNCTIONAL PASS: workshop removal cleans every cell
[05:00:04] [Server thread/INFO] (SNC Energies) FUNCTIONAL PASS: workshop removal cleans every cell
[05:00:04] [Server thread/INFO] (SNC Energies) FUNCTIONAL PASS: workshop drops exactly one machine; delta=1
[05:00:04] [Server thread/INFO] (SNC Energies) FUNCTIONAL PASS: workshop returns stored items exactly once
[05:00:04] [Server thread/INFO] (SNC Energies) FUNCTIONAL PASS: workshop refuses obstructed footprint: east
[05:00:04] [Server thread/INFO] (SNC Energies) FUNCTIONAL PASS: workshop part shares controller: east/0
[05:00:04] [Server thread/INFO] (SNC Energies) FUNCTIONAL PASS: workshop structural parts have no duplicate inventory
[05:00:04] [Server thread/INFO] (SNC Energies) FUNCTIONAL PASS: workshop part shares controller: east/1
[05:00:04] [Server thread/INFO] (SNC Energies) FUNCTIONAL PASS: workshop structural parts have no duplicate inventory
[05:00:04] [Server thread/INFO] (SNC Energies) FUNCTIONAL PASS: workshop part shares controller: east/2
[05:00:04] [Server thread/INFO] (SNC Energies) FUNCTIONAL PASS: workshop structural parts have no duplicate inventory
[05:00:04] [Server thread/INFO] (SNC Energies) FUNCTIONAL PASS: workshop part shares controller: east/3
[05:00:04] [Server thread/INFO] (SNC Energies) FUNCTIONAL PASS: workshop structural parts have no duplicate inventory
[05:00:04] [Server thread/INFO] (SNC Energies) FUNCTIONAL PASS: workshop removal cleans every cell
[05:00:04] [Server thread/INFO] (SNC Energies) FUNCTIONAL PASS: workshop removal cleans every cell
[05:00:04] [Server thread/INFO] (SNC Energies) FUNCTIONAL PASS: workshop removal cleans every cell
[05:00:04] [Server thread/INFO] (SNC Energies) FUNCTIONAL PASS: workshop removal cleans every cell
[05:00:04] [Server thread/INFO] (SNC Energies) FUNCTIONAL PASS: workshop drops exactly one machine; delta=1
[05:00:04] [Server thread/INFO] (SNC Energies) FUNCTIONAL PASS: workshop returns stored items exactly once
[05:00:04] [Server thread/INFO] (SNC Energies) FUNCTIONAL PASS: workshop refuses obstructed footprint: south
[05:00:04] [Server thread/INFO] (SNC Energies) FUNCTIONAL PASS: workshop part shares controller: south/0
[05:00:04] [Server thread/INFO] (SNC Energies) FUNCTIONAL PASS: workshop structural parts have no duplicate inventory
[05:00:04] [Server thread/INFO] (SNC Energies) FUNCTIONAL PASS: workshop part shares controller: south/1
[05:00:04] [Server thread/INFO] (SNC Energies) FUNCTIONAL PASS: workshop structural parts have no duplicate inventory
[05:00:04] [Server thread/INFO] (SNC Energies) FUNCTIONAL PASS: workshop part shares controller: south/2
[05:00:04] [Server thread/INFO] (SNC Energies) FUNCTIONAL PASS: workshop structural parts have no duplicate inventory
[05:00:04] [Server thread/INFO] (SNC Energies) FUNCTIONAL PASS: workshop part shares controller: south/3
[05:00:04] [Server thread/INFO] (SNC Energies) FUNCTIONAL PASS: workshop structural parts have no duplicate inventory
[05:00:04] [Server thread/INFO] (SNC Energies) FUNCTIONAL PASS: workshop removal cleans every cell
[05:00:04] [Server thread/INFO] (SNC Energies) FUNCTIONAL PASS: workshop removal cleans every cell
[05:00:04] [Server thread/INFO] (SNC Energies) FUNCTIONAL PASS: workshop removal cleans every cell
[05:00:04] [Server thread/INFO] (SNC Energies) FUNCTIONAL PASS: workshop removal cleans every cell
[05:00:04] [Server thread/INFO] (SNC Energies) FUNCTIONAL PASS: workshop drops exactly one machine; delta=1
[05:00:04] [Server thread/INFO] (SNC Energies) FUNCTIONAL PASS: workshop returns stored items exactly once
[05:00:04] [Server thread/INFO] (SNC Energies) FUNCTIONAL PASS: workshop refuses obstructed footprint: west
[05:00:04] [Server thread/INFO] (SNC Energies) FUNCTIONAL PASS: workshop part shares controller: west/0
[05:00:04] [Server thread/INFO] (SNC Energies) FUNCTIONAL PASS: workshop structural parts have no duplicate inventory
[05:00:04] [Server thread/INFO] (SNC Energies) FUNCTIONAL PASS: workshop part shares controller: west/1
[05:00:04] [Server thread/INFO] (SNC Energies) FUNCTIONAL PASS: workshop structural parts have no duplicate inventory
[05:00:04] [Server thread/INFO] (SNC Energies) FUNCTIONAL PASS: workshop part shares controller: west/2
[05:00:04] [Server thread/INFO] (SNC Energies) FUNCTIONAL PASS: workshop structural parts have no duplicate inventory
[05:00:04] [Server thread/INFO] (SNC Energies) FUNCTIONAL PASS: workshop part shares controller: west/3
[05:00:04] [Server thread/INFO] (SNC Energies) FUNCTIONAL PASS: workshop structural parts have no duplicate inventory
[05:00:04] [Server thread/INFO] (SNC Energies) FUNCTIONAL PASS: workshop removal cleans every cell
[05:00:04] [Server thread/INFO] (SNC Energies) FUNCTIONAL PASS: workshop removal cleans every cell
[05:00:04] [Server thread/INFO] (SNC Energies) FUNCTIONAL PASS: workshop removal cleans every cell
[05:00:04] [Server thread/INFO] (SNC Energies) FUNCTIONAL PASS: workshop removal cleans every cell
[05:00:04] [Server thread/INFO] (SNC Energies) FUNCTIONAL PASS: workshop drops exactly one machine; delta=1
[05:00:04] [Server thread/INFO] (SNC Energies) FUNCTIONAL PASS: workshop returns stored items exactly once
[05:00:04] [Server thread/INFO] (SNC Energies) FUNCTIONAL PASS: workshop refuses obstructed footprint: north
[05:00:04] [Server thread/INFO] (SNC Energies) FUNCTIONAL PASS: workshop part shares controller: north/0
[05:00:04] [Server thread/INFO] (SNC Energies) FUNCTIONAL PASS: workshop structural parts have no duplicate inventory
[05:00:04] [Server thread/INFO] (SNC Energies) FUNCTIONAL PASS: workshop part shares controller: north/1
[05:00:04] [Server thread/INFO] (SNC Energies) FUNCTIONAL PASS: workshop structural parts have no duplicate inventory
[05:00:04] [Server thread/INFO] (SNC Energies) FUNCTIONAL PASS: workshop part shares controller: north/2
[05:00:04] [Server thread/INFO] (SNC Energies) FUNCTIONAL PASS: workshop structural parts have no duplicate inventory
[05:00:04] [Server thread/INFO] (SNC Energies) FUNCTIONAL PASS: workshop part shares controller: north/3
[05:00:04] [Server thread/INFO] (SNC Energies) FUNCTIONAL PASS: workshop structural parts have no duplicate inventory
[05:00:04] [Server thread/INFO] (SNC Energies) FUNCTIONAL PASS: workshop removal cleans every cell
[05:00:04] [Server thread/INFO] (SNC Energies) FUNCTIONAL PASS: workshop removal cleans every cell
[05:00:04] [Server thread/INFO] (SNC Energies) FUNCTIONAL PASS: workshop removal cleans every cell
[05:00:04] [Server thread/INFO] (SNC Energies) FUNCTIONAL PASS: workshop removal cleans every cell
[05:00:04] [Server thread/INFO] (SNC Energies) FUNCTIONAL PASS: workshop drops exactly one machine; delta=1
[05:00:04] [Server thread/INFO] (SNC Energies) FUNCTIONAL PASS: workshop returns stored items exactly once
[05:00:04] [Server thread/INFO] (SNC Energies) FUNCTIONAL PASS: workshop refuses obstructed footprint: east
[05:00:04] [Server thread/INFO] (SNC Energies) FUNCTIONAL PASS: workshop part shares controller: east/0
[05:00:04] [Server thread/INFO] (SNC Energies) FUNCTIONAL PASS: workshop structural parts have no duplicate inventory
[05:00:04] [Server thread/INFO] (SNC Energies) FUNCTIONAL PASS: workshop part shares controller: east/1
[05:00:04] [Server thread/INFO] (SNC Energies) FUNCTIONAL PASS: workshop structural parts have no duplicate inventory
[05:00:04] [Server thread/INFO] (SNC Energies) FUNCTIONAL PASS: workshop part shares controller: east/2
[05:00:04] [Server thread/INFO] (SNC Energies) FUNCTIONAL PASS: workshop structural parts have no duplicate inventory
[05:00:04] [Server thread/INFO] (SNC Energies) FUNCTIONAL PASS: workshop part shares controller: east/3
[05:00:04] [Server thread/INFO] (SNC Energies) FUNCTIONAL PASS: workshop structural parts have no duplicate inventory
[05:00:04] [Server thread/INFO] (SNC Energies) FUNCTIONAL PASS: workshop removal cleans every cell
[05:00:04] [Server thread/INFO] (SNC Energies) FUNCTIONAL PASS: workshop removal cleans every cell
[05:00:04] [Server thread/INFO] (SNC Energies) FUNCTIONAL PASS: workshop removal cleans every cell
[05:00:04] [Server thread/INFO] (SNC Energies) FUNCTIONAL PASS: workshop removal cleans every cell
[05:00:04] [Server thread/INFO] (SNC Energies) FUNCTIONAL PASS: workshop drops exactly one machine; delta=1
[05:00:04] [Server thread/INFO] (SNC Energies) FUNCTIONAL PASS: workshop returns stored items exactly once
[05:00:04] [Server thread/INFO] (SNC Energies) FUNCTIONAL PASS: workshop refuses obstructed footprint: south
[05:00:04] [Server thread/INFO] (SNC Energies) FUNCTIONAL PASS: workshop part shares controller: south/0
[05:00:04] [Server thread/INFO] (SNC Energies) FUNCTIONAL PASS: workshop structural parts have no duplicate inventory
[05:00:04] [Server thread/INFO] (SNC Energies) FUNCTIONAL PASS: workshop part shares controller: south/1
[05:00:04] [Server thread/INFO] (SNC Energies) FUNCTIONAL PASS: workshop structural parts have no duplicate inventory
[05:00:04] [Server thread/INFO] (SNC Energies) FUNCTIONAL PASS: workshop part shares controller: south/2
[05:00:04] [Server thread/INFO] (SNC Energies) FUNCTIONAL PASS: workshop structural parts have no duplicate inventory
[05:00:04] [Server thread/INFO] (SNC Energies) FUNCTIONAL PASS: workshop part shares controller: south/3
[05:00:04] [Server thread/INFO] (SNC Energies) FUNCTIONAL PASS: workshop structural parts have no duplicate inventory
[05:00:04] [Server thread/INFO] (SNC Energies) FUNCTIONAL PASS: workshop removal cleans every cell
[05:00:04] [Server thread/INFO] (SNC Energies) FUNCTIONAL PASS: workshop removal cleans every cell
[05:00:04] [Server thread/INFO] (SNC Energies) FUNCTIONAL PASS: workshop removal cleans every cell
[05:00:04] [Server thread/INFO] (SNC Energies) FUNCTIONAL PASS: workshop removal cleans every cell
[05:00:04] [Server thread/INFO] (SNC Energies) FUNCTIONAL PASS: workshop drops exactly one machine; delta=1
[05:00:04] [Server thread/INFO] (SNC Energies) FUNCTIONAL PASS: workshop returns stored items exactly once
[05:00:04] [Server thread/INFO] (SNC Energies) FUNCTIONAL PASS: workshop refuses obstructed footprint: west
[05:00:04] [Server thread/INFO] (SNC Energies) FUNCTIONAL PASS: workshop part shares controller: west/0
[05:00:04] [Server thread/INFO] (SNC Energies) FUNCTIONAL PASS: workshop structural parts have no duplicate inventory
[05:00:04] [Server thread/INFO] (SNC Energies) FUNCTIONAL PASS: workshop part shares controller: west/1
[05:00:04] [Server thread/INFO] (SNC Energies) FUNCTIONAL PASS: workshop structural parts have no duplicate inventory
[05:00:04] [Server thread/INFO] (SNC Energies) FUNCTIONAL PASS: workshop part shares controller: west/2
[05:00:04] [Server thread/INFO] (SNC Energies) FUNCTIONAL PASS: workshop structural parts have no duplicate inventory
[05:00:04] [Server thread/INFO] (SNC Energies) FUNCTIONAL PASS: workshop part shares controller: west/3
[05:00:04] [Server thread/INFO] (SNC Energies) FUNCTIONAL PASS: workshop structural parts have no duplicate inventory
[05:00:04] [Server thread/INFO] (SNC Energies) FUNCTIONAL PASS: workshop removal cleans every cell
[05:00:04] [Server thread/INFO] (SNC Energies) FUNCTIONAL PASS: workshop removal cleans every cell
[05:00:04] [Server thread/INFO] (SNC Energies) FUNCTIONAL PASS: workshop removal cleans every cell
[05:00:04] [Server thread/INFO] (SNC Energies) FUNCTIONAL PASS: workshop removal cleans every cell
[05:00:04] [Server thread/INFO] (SNC Energies) FUNCTIONAL PASS: workshop drops exactly one machine; delta=1
[05:00:04] [Server thread/INFO] (SNC Energies) FUNCTIONAL PASS: workshop returns stored items exactly once
[05:00:04] [Server thread/INFO] (SNC Energies) FUNCTIONAL PASS: manual workshop waits for work
[05:00:04] [Server thread/INFO] (SNC Energies) FUNCTIONAL PASS: crank is server-authoritative and limited to one charge per tick
[05:00:04] [Server thread/INFO] (SNC Energies) FUNCTIONAL PASS: full residue slot blocks all input and work consumption
[05:00:04] [Server thread/INFO] (SNC Energies) FUNCTIONAL PASS: workshop persists partial processing, work and input
[05:00:04] [Server thread/INFO] (SNC Energies) FUNCTIONAL PASS: milling conserves exact ingredient, product, residue and work quantities
[05:00:04] [Server thread/INFO] (SNC Energies) FUNCTIONAL PASS: workshop sided access protects input and output slots
[05:00:04] [Server thread/INFO] (SNC Energies) FUNCTIONAL PASS: invalid workshop button is rejected
[05:00:04] [Server thread/INFO] (SNC Energies) FUNCTIONAL PASS: removed workshop cannot be cranked through a stale menu
[05:00:04] [Server thread/INFO] (SNC Energies) FUNCTIONAL PASS: press produces oil and meal atomically without free containers
[05:00:04] [Server thread/INFO] (SNC Energies) FUNCTIONAL PASS: four rice husks produce one briquette without a phantom residue
[05:00:04] [Server thread/INFO] (SNC Energies) FUNCTIONAL PASS: regional fuels expose documented burn values
[05:00:04] [Server thread/INFO] (SNC Energies) FUNCTIONAL PASS: changing recipe cannot reuse progress from a different ingredient
[05:00:04] [Server thread/INFO] (SNC Energies) FUNCTIONAL PASS: output stack components are preserved rather than overwritten
[05:00:04] [Server thread/INFO] (SNC Energies) FUNCTIONAL PASS: young crop returns seed without harvest exploit
[05:00:04] [Server thread/INFO] (SNC Energies) FUNCTIONAL PASS: mature crop yields documented seeds and produce
[05:00:04] [Server thread/INFO] (SNC Energies) FUNCTIONAL PASS: young crop returns seed without harvest exploit
[05:00:04] [Server thread/INFO] (SNC Energies) FUNCTIONAL PASS: mature crop yields documented seeds and produce
[05:00:04] [Server thread/INFO] (SNC Energies) FUNCTIONAL PASS: young crop returns seed without harvest exploit
[05:00:04] [Server thread/INFO] (SNC Energies) FUNCTIONAL PASS: mature crop yields documented seeds and produce
[05:00:04] [Server thread/INFO] (SNC Energies) FUNCTIONAL PASS: optional mate milling preserves the batch without phantom residue
[05:00:05] [Server thread/INFO] (SNC Energies) FUNCTIONAL PASS: mate infusion returns its bowl after consumption
[05:00:05] [Server thread/INFO] (SNC Energies) FUNCTIONAL PASS: industrial footprint rejects obstruction: BOILER / north
[05:00:05] [Server thread/INFO] (SNC Energies) FUNCTIONAL PASS: industrial multiblock has exactly one controller and inventory: BOILER / north
[05:00:05] [Server thread/INFO] (SNC Energies) FUNCTIONAL PASS: industrial removal returns one machine and exact inventory: BOILER / north
[05:00:05] [Server thread/INFO] (SNC Energies) FUNCTIONAL PASS: industrial footprint rejects obstruction: BOILER / east
[05:00:05] [Server thread/INFO] (SNC Energies) FUNCTIONAL PASS: industrial multiblock has exactly one controller and inventory: BOILER / east
[05:00:05] [Server thread/INFO] (SNC Energies) FUNCTIONAL PASS: industrial removal returns one machine and exact inventory: BOILER / east
[05:00:05] [Server thread/INFO] (SNC Energies) FUNCTIONAL PASS: industrial footprint rejects obstruction: BOILER / south
[05:00:05] [Server thread/INFO] (SNC Energies) FUNCTIONAL PASS: industrial multiblock has exactly one controller and inventory: BOILER / south
[05:00:05] [Server thread/INFO] (SNC Energies) FUNCTIONAL PASS: industrial removal returns one machine and exact inventory: BOILER / south
[05:00:05] [Server thread/INFO] (SNC Energies) FUNCTIONAL PASS: industrial footprint rejects obstruction: BOILER / west
[05:00:05] [Server thread/INFO] (SNC Energies) FUNCTIONAL PASS: industrial multiblock has exactly one controller and inventory: BOILER / west
[05:00:05] [Server thread/INFO] (SNC Energies) FUNCTIONAL PASS: industrial removal returns one machine and exact inventory: BOILER / west
[05:00:05] [Server thread/INFO] (SNC Energies) FUNCTIONAL PASS: industrial footprint rejects obstruction: SAWMILL / north
[05:00:05] [Server thread/INFO] (SNC Energies) FUNCTIONAL PASS: industrial multiblock has exactly one controller and inventory: SAWMILL / north
[05:00:05] [Server thread/INFO] (SNC Energies) FUNCTIONAL PASS: industrial removal returns one machine and exact inventory: SAWMILL / north
[05:00:05] [Server thread/INFO] (SNC Energies) FUNCTIONAL PASS: industrial footprint rejects obstruction: SAWMILL / east
[05:00:05] [Server thread/INFO] (SNC Energies) FUNCTIONAL PASS: industrial multiblock has exactly one controller and inventory: SAWMILL / east
[05:00:05] [Server thread/INFO] (SNC Energies) FUNCTIONAL PASS: industrial removal returns one machine and exact inventory: SAWMILL / east
[05:00:05] [Server thread/INFO] (SNC Energies) FUNCTIONAL PASS: industrial footprint rejects obstruction: SAWMILL / south
[05:00:05] [Server thread/INFO] (SNC Energies) FUNCTIONAL PASS: industrial multiblock has exactly one controller and inventory: SAWMILL / south
[05:00:05] [Server thread/INFO] (SNC Energies) FUNCTIONAL PASS: industrial removal returns one machine and exact inventory: SAWMILL / south
[05:00:05] [Server thread/INFO] (SNC Energies) FUNCTIONAL PASS: industrial footprint rejects obstruction: SAWMILL / west
[05:00:05] [Server thread/INFO] (SNC Energies) FUNCTIONAL PASS: industrial multiblock has exactly one controller and inventory: SAWMILL / west
[05:00:05] [Server thread/INFO] (SNC Energies) FUNCTIONAL PASS: industrial removal returns one machine and exact inventory: SAWMILL / west
[05:00:05] [Server thread/INFO] (SNC Energies) FUNCTIONAL PASS: industrial footprint rejects obstruction: FOUNDRY / north
[05:00:05] [Server thread/INFO] (SNC Energies) FUNCTIONAL PASS: industrial multiblock has exactly one controller and inventory: FOUNDRY / north
[05:00:05] [Server thread/INFO] (SNC Energies) FUNCTIONAL PASS: industrial removal returns one machine and exact inventory: FOUNDRY / north
[05:00:05] [Server thread/INFO] (SNC Energies) FUNCTIONAL PASS: industrial footprint rejects obstruction: FOUNDRY / east
[05:00:05] [Server thread/INFO] (SNC Energies) FUNCTIONAL PASS: industrial multiblock has exactly one controller and inventory: FOUNDRY / east
[05:00:05] [Server thread/INFO] (SNC Energies) FUNCTIONAL PASS: industrial removal returns one machine and exact inventory: FOUNDRY / east
[05:00:05] [Server thread/INFO] (SNC Energies) FUNCTIONAL PASS: industrial footprint rejects obstruction: FOUNDRY / south
[05:00:05] [Server thread/INFO] (SNC Energies) FUNCTIONAL PASS: industrial multiblock has exactly one controller and inventory: FOUNDRY / south
[05:00:05] [Server thread/INFO] (SNC Energies) FUNCTIONAL PASS: industrial removal returns one machine and exact inventory: FOUNDRY / south
[05:00:05] [Server thread/INFO] (SNC Energies) FUNCTIONAL PASS: industrial footprint rejects obstruction: FOUNDRY / west
[05:00:05] [Server thread/INFO] (SNC Energies) FUNCTIONAL PASS: industrial multiblock has exactly one controller and inventory: FOUNDRY / west
[05:00:05] [Server thread/INFO] (SNC Energies) FUNCTIONAL PASS: industrial removal returns one machine and exact inventory: FOUNDRY / west
[05:00:05] [Server thread/INFO] (SNC Energies) FUNCTIONAL PASS: industrial footprint rejects obstruction: TURBINE / north
[05:00:05] [Server thread/INFO] (SNC Energies) FUNCTIONAL PASS: industrial multiblock has exactly one controller and inventory: TURBINE / north
[05:00:05] [Server thread/INFO] (SNC Energies) FUNCTIONAL PASS: industrial removal returns one machine and exact inventory: TURBINE / north
[05:00:05] [Server thread/INFO] (SNC Energies) FUNCTIONAL PASS: industrial footprint rejects obstruction: TURBINE / east
[05:00:05] [Server thread/INFO] (SNC Energies) FUNCTIONAL PASS: industrial multiblock has exactly one controller and inventory: TURBINE / east
[05:00:05] [Server thread/INFO] (SNC Energies) FUNCTIONAL PASS: industrial removal returns one machine and exact inventory: TURBINE / east
[05:00:05] [Server thread/INFO] (SNC Energies) FUNCTIONAL PASS: industrial footprint rejects obstruction: TURBINE / south
[05:00:05] [Server thread/INFO] (SNC Energies) FUNCTIONAL PASS: industrial multiblock has exactly one controller and inventory: TURBINE / south
[05:00:05] [Server thread/INFO] (SNC Energies) FUNCTIONAL PASS: industrial removal returns one machine and exact inventory: TURBINE / south
[05:00:05] [Server thread/INFO] (SNC Energies) FUNCTIONAL PASS: industrial footprint rejects obstruction: TURBINE / west
[05:00:05] [Server thread/INFO] (SNC Energies) FUNCTIONAL PASS: industrial multiblock has exactly one controller and inventory: TURBINE / west
[05:00:05] [Server thread/INFO] (SNC Energies) FUNCTIONAL PASS: industrial removal returns one machine and exact inventory: TURBINE / west
[05:00:05] [Server thread/INFO] (SNC Energies) FUNCTIONAL PASS: industrial footprint rejects obstruction: LAMINATOR / north
[05:00:05] [Server thread/INFO] (SNC Energies) FUNCTIONAL PASS: industrial multiblock has exactly one controller and inventory: LAMINATOR / north
[05:00:05] [Server thread/INFO] (SNC Energies) FUNCTIONAL PASS: industrial removal returns one machine and exact inventory: LAMINATOR / north
[05:00:05] [Server thread/INFO] (SNC Energies) FUNCTIONAL PASS: industrial footprint rejects obstruction: LAMINATOR / east
[05:00:05] [Server thread/INFO] (SNC Energies) FUNCTIONAL PASS: industrial multiblock has exactly one controller and inventory: LAMINATOR / east
[05:00:05] [Server thread/INFO] (SNC Energies) FUNCTIONAL PASS: industrial removal returns one machine and exact inventory: LAMINATOR / east
[05:00:05] [Server thread/INFO] (SNC Energies) FUNCTIONAL PASS: industrial footprint rejects obstruction: LAMINATOR / south
[05:00:05] [Server thread/INFO] (SNC Energies) FUNCTIONAL PASS: industrial multiblock has exactly one controller and inventory: LAMINATOR / south
[05:00:05] [Server thread/INFO] (SNC Energies) FUNCTIONAL PASS: industrial removal returns one machine and exact inventory: LAMINATOR / south
[05:00:05] [Server thread/INFO] (SNC Energies) FUNCTIONAL PASS: industrial footprint rejects obstruction: LAMINATOR / west
[05:00:05] [Server thread/INFO] (SNC Energies) FUNCTIONAL PASS: industrial multiblock has exactly one controller and inventory: LAMINATOR / west
[05:00:05] [Server thread/INFO] (SNC Energies) FUNCTIONAL PASS: industrial removal returns one machine and exact inventory: LAMINATOR / west
[05:00:05] [Server thread/INFO] (SNC Energies) FUNCTIONAL PASS: industrial footprint rejects obstruction: DRYER / north
[05:00:05] [Server thread/INFO] (SNC Energies) FUNCTIONAL PASS: industrial multiblock has exactly one controller and inventory: DRYER / north
[05:00:05] [Server thread/INFO] (SNC Energies) FUNCTIONAL PASS: industrial removal returns one machine and exact inventory: DRYER / north
[05:00:05] [Server thread/INFO] (SNC Energies) FUNCTIONAL PASS: industrial footprint rejects obstruction: DRYER / east
[05:00:05] [Server thread/INFO] (SNC Energies) FUNCTIONAL PASS: industrial multiblock has exactly one controller and inventory: DRYER / east
[05:00:05] [Server thread/INFO] (SNC Energies) FUNCTIONAL PASS: industrial removal returns one machine and exact inventory: DRYER / east
[05:00:05] [Server thread/INFO] (SNC Energies) FUNCTIONAL PASS: industrial footprint rejects obstruction: DRYER / south
[05:00:05] [Server thread/INFO] (SNC Energies) FUNCTIONAL PASS: industrial multiblock has exactly one controller and inventory: DRYER / south
[05:00:05] [Server thread/INFO] (SNC Energies) FUNCTIONAL PASS: industrial removal returns one machine and exact inventory: DRYER / south
[05:00:05] [Server thread/INFO] (SNC Energies) FUNCTIONAL PASS: industrial footprint rejects obstruction: DRYER / west
[05:00:05] [Server thread/INFO] (SNC Energies) FUNCTIONAL PASS: industrial multiblock has exactly one controller and inventory: DRYER / west
[05:00:05] [Server thread/INFO] (SNC Energies) FUNCTIONAL PASS: industrial removal returns one machine and exact inventory: DRYER / west
[05:00:05] [Server thread/INFO] (SNC Energies) FUNCTIONAL PASS: industrial footprint rejects obstruction: EXTRACTOR / north
[05:00:05] [Server thread/INFO] (SNC Energies) FUNCTIONAL PASS: industrial multiblock has exactly one controller and inventory: EXTRACTOR / north
[05:00:05] [Server thread/INFO] (SNC Energies) FUNCTIONAL PASS: industrial removal returns one machine and exact inventory: EXTRACTOR / north
[05:00:05] [Server thread/INFO] (SNC Energies) FUNCTIONAL PASS: industrial footprint rejects obstruction: EXTRACTOR / east
[05:00:05] [Server thread/INFO] (SNC Energies) FUNCTIONAL PASS: industrial multiblock has exactly one controller and inventory: EXTRACTOR / east
[05:00:05] [Server thread/INFO] (SNC Energies) FUNCTIONAL PASS: industrial removal returns one machine and exact inventory: EXTRACTOR / east
[05:00:05] [Server thread/INFO] (SNC Energies) FUNCTIONAL PASS: industrial footprint rejects obstruction: EXTRACTOR / south
[05:00:05] [Server thread/INFO] (SNC Energies) FUNCTIONAL PASS: industrial multiblock has exactly one controller and inventory: EXTRACTOR / south
[05:00:05] [Server thread/INFO] (SNC Energies) FUNCTIONAL PASS: industrial removal returns one machine and exact inventory: EXTRACTOR / south
[05:00:05] [Server thread/INFO] (SNC Energies) FUNCTIONAL PASS: industrial footprint rejects obstruction: EXTRACTOR / west
[05:00:05] [Server thread/INFO] (SNC Energies) FUNCTIONAL PASS: industrial multiblock has exactly one controller and inventory: EXTRACTOR / west
[05:00:05] [Server thread/INFO] (SNC Energies) FUNCTIONAL PASS: industrial removal returns one machine and exact inventory: EXTRACTOR / west
[05:00:05] [Server thread/INFO] (SNC Energies) FUNCTIONAL PASS: industrial footprint rejects obstruction: REFINERY / north
[05:00:05] [Server thread/INFO] (SNC Energies) FUNCTIONAL PASS: industrial multiblock has exactly one controller and inventory: REFINERY / north
[05:00:05] [Server thread/INFO] (SNC Energies) FUNCTIONAL PASS: industrial removal returns one machine and exact inventory: REFINERY / north
[05:00:05] [Server thread/INFO] (SNC Energies) FUNCTIONAL PASS: industrial footprint rejects obstruction: REFINERY / east
[05:00:05] [Server thread/INFO] (SNC Energies) FUNCTIONAL PASS: industrial multiblock has exactly one controller and inventory: REFINERY / east
[05:00:05] [Server thread/INFO] (SNC Energies) FUNCTIONAL PASS: industrial removal returns one machine and exact inventory: REFINERY / east
[05:00:05] [Server thread/INFO] (SNC Energies) FUNCTIONAL PASS: industrial footprint rejects obstruction: REFINERY / south
[05:00:05] [Server thread/INFO] (SNC Energies) FUNCTIONAL PASS: industrial multiblock has exactly one controller and inventory: REFINERY / south
[05:00:05] [Server thread/INFO] (SNC Energies) FUNCTIONAL PASS: industrial removal returns one machine and exact inventory: REFINERY / south
[05:00:05] [Server thread/INFO] (SNC Energies) FUNCTIONAL PASS: industrial footprint rejects obstruction: REFINERY / west
[05:00:05] [Server thread/INFO] (SNC Energies) FUNCTIONAL PASS: industrial multiblock has exactly one controller and inventory: REFINERY / west
[05:00:05] [Server thread/INFO] (SNC Energies) FUNCTIONAL PASS: industrial removal returns one machine and exact inventory: REFINERY / west
[05:00:05] [Server thread/INFO] (SNC Energies) FUNCTIONAL PASS: industrial footprint rejects obstruction: SYNTHESIZER / north
[05:00:05] [Server thread/INFO] (SNC Energies) FUNCTIONAL PASS: industrial multiblock has exactly one controller and inventory: SYNTHESIZER / north
[05:00:05] [Server thread/INFO] (SNC Energies) FUNCTIONAL PASS: industrial removal returns one machine and exact inventory: SYNTHESIZER / north
[05:00:05] [Server thread/INFO] (SNC Energies) FUNCTIONAL PASS: industrial footprint rejects obstruction: SYNTHESIZER / east
[05:00:05] [Server thread/INFO] (SNC Energies) FUNCTIONAL PASS: industrial multiblock has exactly one controller and inventory: SYNTHESIZER / east
[05:00:05] [Server thread/INFO] (SNC Energies) FUNCTIONAL PASS: industrial removal returns one machine and exact inventory: SYNTHESIZER / east
[05:00:05] [Server thread/INFO] (SNC Energies) FUNCTIONAL PASS: industrial footprint rejects obstruction: SYNTHESIZER / south
[05:00:05] [Server thread/INFO] (SNC Energies) FUNCTIONAL PASS: industrial multiblock has exactly one controller and inventory: SYNTHESIZER / south
[05:00:05] [Server thread/INFO] (SNC Energies) FUNCTIONAL PASS: industrial removal returns one machine and exact inventory: SYNTHESIZER / south
[05:00:05] [Server thread/INFO] (SNC Energies) FUNCTIONAL PASS: industrial footprint rejects obstruction: SYNTHESIZER / west
[05:00:05] [Server thread/INFO] (SNC Energies) FUNCTIONAL PASS: industrial multiblock has exactly one controller and inventory: SYNTHESIZER / west
[05:00:05] [Server thread/INFO] (SNC Energies) FUNCTIONAL PASS: industrial removal returns one machine and exact inventory: SYNTHESIZER / west
[05:00:05] [Server thread/INFO] (SNC Energies) FUNCTIONAL PASS: dry boiler consumes neither fuel nor water
[05:00:05] [Server thread/INFO] (SNC Energies) FUNCTIONAL PASS: boiler conserves two water buckets, fuel and 16000 mB steam
[05:00:05] [Server thread/INFO] (SNC Energies) FUNCTIONAL PASS: full boiler pauses fuel consumption safely
[05:00:05] [Server thread/INFO] (SNC Energies) FUNCTIONAL PASS: boiler fluids and bucket inventory survive persistence
[05:00:05] [Server thread/INFO] (SNC Energies) FUNCTIONAL PASS: steam network conserves a bounded transfer across two ducts
[05:00:05] [Server thread/INFO] (SNC Energies) FUNCTIONAL PASS: steam ducts have no electric cable entities or per-pipe ticks
[05:00:05] [Server thread/INFO] (SNC Energies) FUNCTIONAL PASS: steam insertion rejects overflow and negative amounts
[05:00:05] [Server thread/INFO] (SNC Energies) FUNCTIONAL PASS: full consumer cannot delete or duplicate source steam
[05:00:05] [Server thread/INFO] (SNC Energies) FUNCTIONAL PASS: turbine converts 8000 mB into exactly 8000 E and cannot accept back-fed power
[05:00:05] [Server thread/INFO] (SNC Energies) FUNCTIONAL PASS: blocked output prevents all processing: wood_0
[05:00:05] [Server thread/INFO] (SNC Energies) FUNCTIONAL PASS: industrial partial batch survives save/load: wood_0
[05:00:05] [Server thread/INFO] (SNC Energies) FUNCTIONAL PASS: industrial recipe conserves inputs, outputs and operating cost: wood_0
[05:00:05] [Server thread/INFO] (SNC Energies) FUNCTIONAL PASS: reagent consumption matches recipe contract: wood_0
[05:00:05] [Server thread/INFO] (SNC Energies) FUNCTIONAL PASS: blocked output prevents all processing: wood_1
[05:00:05] [Server thread/INFO] (SNC Energies) FUNCTIONAL PASS: industrial partial batch survives save/load: wood_1
[05:00:05] [Server thread/INFO] (SNC Energies) FUNCTIONAL PASS: industrial recipe conserves inputs, outputs and operating cost: wood_1
[05:00:05] [Server thread/INFO] (SNC Energies) FUNCTIONAL PASS: reagent consumption matches recipe contract: wood_1
[05:00:05] [Server thread/INFO] (SNC Energies) FUNCTIONAL PASS: blocked output prevents all processing: wood_2
[05:00:05] [Server thread/INFO] (SNC Energies) FUNCTIONAL PASS: industrial partial batch survives save/load: wood_2
[05:00:05] [Server thread/INFO] (SNC Energies) FUNCTIONAL PASS: industrial recipe conserves inputs, outputs and operating cost: wood_2
[05:00:05] [Server thread/INFO] (SNC Energies) FUNCTIONAL PASS: reagent consumption matches recipe contract: wood_2
[05:00:05] [Server thread/INFO] (SNC Energies) FUNCTIONAL PASS: blocked output prevents all processing: wood_3
[05:00:05] [Server thread/INFO] (SNC Energies) FUNCTIONAL PASS: industrial partial batch survives save/load: wood_3
[05:00:05] [Server thread/INFO] (SNC Energies) FUNCTIONAL PASS: industrial recipe conserves inputs, outputs and operating cost: wood_3
[05:00:05] [Server thread/INFO] (SNC Energies) FUNCTIONAL PASS: reagent consumption matches recipe contract: wood_3
[05:00:05] [Server thread/INFO] (SNC Energies) FUNCTIONAL PASS: blocked output prevents all processing: wood_4
[05:00:05] [Server thread/INFO] (SNC Energies) FUNCTIONAL PASS: industrial partial batch survives save/load: wood_4
[05:00:05] [Server thread/INFO] (SNC Energies) FUNCTIONAL PASS: industrial recipe conserves inputs, outputs and operating cost: wood_4
[05:00:05] [Server thread/INFO] (SNC Energies) FUNCTIONAL PASS: reagent consumption matches recipe contract: wood_4
[05:00:05] [Server thread/INFO] (SNC Energies) FUNCTIONAL PASS: blocked output prevents all processing: wood_5
[05:00:05] [Server thread/INFO] (SNC Energies) FUNCTIONAL PASS: industrial partial batch survives save/load: wood_5
[05:00:05] [Server thread/INFO] (SNC Energies) FUNCTIONAL PASS: industrial recipe conserves inputs, outputs and operating cost: wood_5
[05:00:05] [Server thread/INFO] (SNC Energies) FUNCTIONAL PASS: reagent consumption matches recipe contract: wood_5
[05:00:05] [Server thread/INFO] (SNC Energies) FUNCTIONAL PASS: blocked output prevents all processing: wood_6
[05:00:05] [Server thread/INFO] (SNC Energies) FUNCTIONAL PASS: industrial partial batch survives save/load: wood_6
[05:00:05] [Server thread/INFO] (SNC Energies) FUNCTIONAL PASS: industrial recipe conserves inputs, outputs and operating cost: wood_6
[05:00:05] [Server thread/INFO] (SNC Energies) FUNCTIONAL PASS: reagent consumption matches recipe contract: wood_6
[05:00:05] [Server thread/INFO] (SNC Energies) FUNCTIONAL PASS: blocked output prevents all processing: wood_7
[05:00:05] [Server thread/INFO] (SNC Energies) FUNCTIONAL PASS: industrial partial batch survives save/load: wood_7
[05:00:05] [Server thread/INFO] (SNC Energies) FUNCTIONAL PASS: industrial recipe conserves inputs, outputs and operating cost: wood_7
[05:00:05] [Server thread/INFO] (SNC Energies) FUNCTIONAL PASS: reagent consumption matches recipe contract: wood_7
[05:00:05] [Server thread/INFO] (SNC Energies) FUNCTIONAL PASS: blocked output prevents all processing: steel_minecraft:coal
[05:00:05] [Server thread/INFO] (SNC Energies) FUNCTIONAL PASS: industrial partial batch survives save/load: steel_minecraft:coal
[05:00:05] [Server thread/INFO] (SNC Energies) FUNCTIONAL PASS: industrial recipe conserves inputs, outputs and operating cost: steel_minecraft:coal
[05:00:05] [Server thread/INFO] (SNC Energies) FUNCTIONAL PASS: reagent consumption matches recipe contract: steel_minecraft:coal
[05:00:05] [Server thread/INFO] (SNC Energies) FUNCTIONAL PASS: blocked output prevents all processing: steel_minecraft:charcoal
[05:00:05] [Server thread/INFO] (SNC Energies) FUNCTIONAL PASS: industrial partial batch survives save/load: steel_minecraft:charcoal
[05:00:05] [Server thread/INFO] (SNC Energies) FUNCTIONAL PASS: industrial recipe conserves inputs, outputs and operating cost: steel_minecraft:charcoal
[05:00:05] [Server thread/INFO] (SNC Energies) FUNCTIONAL PASS: reagent consumption matches recipe contract: steel_minecraft:charcoal
[05:00:05] [Server thread/INFO] (SNC Energies) FUNCTIONAL PASS: blocked output prevents all processing: steel_plate
[05:00:05] [Server thread/INFO] (SNC Energies) FUNCTIONAL PASS: industrial partial batch survives save/load: steel_plate
[05:00:05] [Server thread/INFO] (SNC Energies) FUNCTIONAL PASS: industrial recipe conserves inputs, outputs and operating cost: steel_plate
[05:00:05] [Server thread/INFO] (SNC Energies) FUNCTIONAL PASS: reagent consumption matches recipe contract: steel_plate
[05:00:05] [Server thread/INFO] (SNC Energies) FUNCTIONAL PASS: blocked output prevents all processing: copper_wire
[05:00:05] [Server thread/INFO] (SNC Energies) FUNCTIONAL PASS: industrial partial batch survives save/load: copper_wire
[05:00:05] [Server thread/INFO] (SNC Energies) FUNCTIONAL PASS: industrial recipe conserves inputs, outputs and operating cost: copper_wire
[05:00:05] [Server thread/INFO] (SNC Energies) FUNCTIONAL PASS: reagent consumption matches recipe contract: copper_wire
[05:00:05] [Server thread/INFO] (SNC Energies) FUNCTIONAL PASS: blocked output prevents all processing: rice_batch
[05:00:05] [Server thread/INFO] (SNC Energies) FUNCTIONAL PASS: industrial partial batch survives save/load: rice_batch
[05:00:05] [Server thread/INFO] (SNC Energies) FUNCTIONAL PASS: industrial recipe conserves inputs, outputs and operating cost: rice_batch
[05:00:05] [Server thread/INFO] (SNC Energies) FUNCTIONAL PASS: reagent consumption matches recipe contract: rice_batch
[05:00:05] [Server thread/INFO] (SNC Energies) FUNCTIONAL PASS: blocked output prevents all processing: mate_batch
[05:00:05] [Server thread/INFO] (SNC Energies) FUNCTIONAL PASS: industrial partial batch survives save/load: mate_batch
[05:00:05] [Server thread/INFO] (SNC Energies) FUNCTIONAL PASS: industrial recipe conserves inputs, outputs and operating cost: mate_batch
[05:00:05] [Server thread/INFO] (SNC Energies) FUNCTIONAL PASS: reagent consumption matches recipe contract: mate_batch
[05:00:05] [Server thread/INFO] (SNC Energies) FUNCTIONAL PASS: blocked output prevents all processing: insulation
[05:00:05] [Server thread/INFO] (SNC Energies) FUNCTIONAL PASS: industrial partial batch survives save/load: insulation
[05:00:05] [Server thread/INFO] (SNC Energies) FUNCTIONAL PASS: industrial recipe conserves inputs, outputs and operating cost: insulation
[05:00:05] [Server thread/INFO] (SNC Energies) FUNCTIONAL PASS: reagent consumption matches recipe contract: insulation
[05:00:05] [Server thread/INFO] (SNC Energies) FUNCTIONAL PASS: blocked output prevents all processing: oil_batch
[05:00:05] [Server thread/INFO] (SNC Energies) FUNCTIONAL PASS: industrial partial batch survives save/load: oil_batch
[05:00:05] [Server thread/INFO] (SNC Energies) FUNCTIONAL PASS: industrial recipe conserves inputs, outputs and operating cost: oil_batch
[05:00:05] [Server thread/INFO] (SNC Energies) FUNCTIONAL PASS: reagent consumption matches recipe contract: oil_batch
[05:00:05] [Server thread/INFO] (SNC Energies) FUNCTIONAL PASS: blocked output prevents all processing: refined_voltaite
[05:00:05] [Server thread/INFO] (SNC Energies) FUNCTIONAL PASS: industrial partial batch survives save/load: refined_voltaite
[05:00:05] [Server thread/INFO] (SNC Energies) FUNCTIONAL PASS: industrial recipe conserves inputs, outputs and operating cost: refined_voltaite
[05:00:05] [Server thread/INFO] (SNC Energies) FUNCTIONAL PASS: reagent consumption matches recipe contract: refined_voltaite
[05:00:05] [Server thread/INFO] (SNC Energies) FUNCTIONAL PASS: blocked output prevents all processing: mineral_matrix
[05:00:05] [Server thread/INFO] (SNC Energies) FUNCTIONAL PASS: industrial partial batch survives save/load: mineral_matrix
[05:00:05] [Server thread/INFO] (SNC Energies) FUNCTIONAL PASS: industrial recipe conserves inputs, outputs and operating cost: mineral_matrix
[05:00:05] [Server thread/INFO] (SNC Energies) FUNCTIONAL PASS: reagent consumption matches recipe contract: mineral_matrix
[05:00:05] [Server thread/INFO] (SNC Energies) FUNCTIONAL PASS: blocked output prevents all processing: synthesis_minecraft:raw_iron
[05:00:05] [Server thread/INFO] (SNC Energies) FUNCTIONAL PASS: industrial partial batch survives save/load: synthesis_minecraft:raw_iron
[05:00:05] [Server thread/INFO] (SNC Energies) FUNCTIONAL PASS: industrial recipe conserves inputs, outputs and operating cost: synthesis_minecraft:raw_iron
[05:00:05] [Server thread/INFO] (SNC Energies) FUNCTIONAL PASS: reagent consumption matches recipe contract: synthesis_minecraft:raw_iron
[05:00:05] [Server thread/INFO] (SNC Energies) FUNCTIONAL PASS: blocked output prevents all processing: synthesis_minecraft:raw_copper
[05:00:05] [Server thread/INFO] (SNC Energies) FUNCTIONAL PASS: industrial partial batch survives save/load: synthesis_minecraft:raw_copper
[05:00:05] [Server thread/INFO] (SNC Energies) FUNCTIONAL PASS: industrial recipe conserves inputs, outputs and operating cost: synthesis_minecraft:raw_copper
[05:00:05] [Server thread/INFO] (SNC Energies) FUNCTIONAL PASS: reagent consumption matches recipe contract: synthesis_minecraft:raw_copper
[05:00:05] [Server thread/INFO] (SNC Energies) FUNCTIONAL PASS: blocked output prevents all processing: synthesis_minecraft:raw_gold
[05:00:05] [Server thread/INFO] (SNC Energies) FUNCTIONAL PASS: industrial partial batch survives save/load: synthesis_minecraft:raw_gold
[05:00:05] [Server thread/INFO] (SNC Energies) FUNCTIONAL PASS: industrial recipe conserves inputs, outputs and operating cost: synthesis_minecraft:raw_gold
[05:00:05] [Server thread/INFO] (SNC Energies) FUNCTIONAL PASS: reagent consumption matches recipe contract: synthesis_minecraft:raw_gold
[05:00:05] [Server thread/INFO] (SNC Energies) FUNCTIONAL PASS: blocked output prevents all processing: synthesis_snc_energies:raw_tin
[05:00:05] [Server thread/INFO] (SNC Energies) FUNCTIONAL PASS: industrial partial batch survives save/load: synthesis_snc_energies:raw_tin
[05:00:05] [Server thread/INFO] (SNC Energies) FUNCTIONAL PASS: industrial recipe conserves inputs, outputs and operating cost: synthesis_snc_energies:raw_tin
[05:00:05] [Server thread/INFO] (SNC Energies) FUNCTIONAL PASS: reagent consumption matches recipe contract: synthesis_snc_energies:raw_tin
[05:00:05] [Server thread/INFO] (SNC Energies) FUNCTIONAL PASS: blocked output prevents all processing: synthesis_snc_energies:raw_voltaite
[05:00:05] [Server thread/INFO] (SNC Energies) FUNCTIONAL PASS: industrial partial batch survives save/load: synthesis_snc_energies:raw_voltaite
[05:00:05] [Server thread/INFO] (SNC Energies) FUNCTIONAL PASS: industrial recipe conserves inputs, outputs and operating cost: synthesis_snc_energies:raw_voltaite
[05:00:05] [Server thread/INFO] (SNC Energies) FUNCTIONAL PASS: reagent consumption matches recipe contract: synthesis_snc_energies:raw_voltaite
[05:00:05] [Server thread/INFO] (SNC Energies) FUNCTIONAL PASS: duct network delivers one raw iron into a furnace input without loss or duplication
[05:00:05] [Server thread/INFO] (SNC Energies) FUNCTIONAL PASS: duct buffer exposes standard hopper windows on every face
[05:00:05] [Server thread/INFO] (SNC Energies) FUNCTIONAL PASS: duct holding an item rejects further insertion
[05:00:05] [Server thread/INFO] (SNC Energies) FUNCTIONAL PASS: blocked network parks the item in a duct without merging, ejecting or destroying it
[05:00:05] [Server thread/INFO] (SNC Energies) FUNCTIONAL PASS: parked item resumes delivery once the destination accepts again
[05:00:05] [Server thread/INFO] (SNC Energies) FUNCTIONAL PASS: furnace produces before suction check
[05:00:05] [Server thread/INFO] (SNC Energies) FUNCTIONAL PASS: empty duct pulls a finished ingot out of a machine output
[05:00:05] [Server thread/INFO] (SNC Energies) FUNCTIONAL PASS: industrial anchor hosts the controller cell
[05:00:05] [Server thread/INFO] (SNC Energies) FUNCTIONAL PASS: industrial outputs extract only downwards
[05:00:05] [Server thread/INFO] (SNC Energies) FUNCTIONAL PASS: side and top faces offer insertion windows without extraction
[05:00:05] [Server thread/INFO] (SNC Energies) FUNCTIONAL PASS: duct suction removes exactly one plate per step from an industrial output
[05:00:05] [Server thread/INFO] (SNC Energies) FUNCTIONAL PASS: machines default to always-on operation
[05:00:05] [Server thread/INFO] (SNC Energies) FUNCTIONAL PASS: panel toggle switches to redstone mode
[05:00:05] [Server thread/INFO] (SNC Energies) FUNCTIONAL PASS: redstone mode without signal reports the gate status
[05:00:05] [Server thread/INFO] (SNC Energies) FUNCTIONAL PASS: redstone power starts processing
[05:00:05] [Server thread/INFO] (SNC Energies) FUNCTIONAL PASS: in-flight batch completes after the signal drops
[05:00:05] [Server thread/INFO] (SNC Energies) FUNCTIONAL PASS: no new batch starts while unpowered; inputs and gate state are preserved
[05:00:05] [Server thread/INFO] (SNC Energies) FUNCTIONAL PASS: run mode survives persistence
[05:00:05] [Server thread/INFO] (SNC Energies) FUNCTIONAL PASS: gate test machine remains the single controller
[05:00:05] [Server thread/INFO] (SNC Energies) FUNCTIONAL PASS: default face modes keep the 0.2.0 contract: outputs below, inputs elsewhere
[05:00:05] [Server thread/INFO] (SNC Energies) FUNCTIONAL PASS: default windows: extraction only below, insertion above and beside
[05:00:05] [Server thread/INFO] (SNC Energies) FUNCTIONAL PASS: screwdriver reconfigures the front face to output only
[05:00:05] [Server thread/INFO] (SNC Energies) FUNCTIONAL PASS: second cycle turns the front face into a both-ways window
[05:00:05] [Server thread/INFO] (SNC Energies) FUNCTIONAL PASS: screwdriver cycles through to the inverted redstone mode
[05:00:05] [Server thread/INFO] (SNC Energies) FUNCTIONAL PASS: inverted mode runs while unpowered
[05:00:05] [Server thread/INFO] (SNC Energies) FUNCTIONAL PASS: power halts an inverted machine with the new gate status without losing progress
[05:00:05] [Server thread/INFO] (SNC Energies) FUNCTIONAL PASS: inverted machine resumes once the signal drops
[05:00:05] [Server thread/INFO] (SNC Energies) FUNCTIONAL PASS: face modes and the inverted mode persist across save and load
[05:00:05] [Server thread/INFO] (SNC Energies) FUNCTIONAL PASS: empty whitelist lets every item into the duct
[05:00:05] [Server thread/INFO] (SNC Energies) FUNCTIONAL PASS: whitelist admits only listed items through the insertion windows
[05:00:05] [Server thread/INFO] (SNC Energies) FUNCTIONAL PASS: whitelist blocks suction of an unlisted machine output
[05:00:05] [Server thread/INFO] (SNC Energies) FUNCTIONAL PASS: whitelisted output leaves the machine window without loss
[05:00:05] [Server thread/INFO] (SNC Energies) FUNCTIONAL PASS: filter persists across save and load
[05:00:05] [Server thread/INFO] (SNC Energies) FUNCTIONAL PASS: clearing the whitelist restores universal acceptance
[05:00:19] [Server thread/INFO] (SNC Energies) FUNCTIONAL PASS: large stove supplies energy through a cable on its far structural cell
[05:00:19] [Server thread/INFO] (SNC Energies) FUNCTIONAL PASS: large chimney shares the controller lit state
[05:00:19] [Server thread/INFO] (SNC Energies) FUNCTIONAL PASS: wood stove powers an electric furnace from one log
[05:00:19] [Server thread/INFO] (SNC Energies) FUNCTIONAL PASS: wood stove consumes logs and retains remaining burn
[05:00:19] [Server thread/INFO] (SNC Energies) FUNCTIONAL PASS: generator and multi-cable network smelt iron using native ticks
[05:00:19] [Server thread/INFO] (SNC Energies) FUNCTIONAL PASS: crusher produces two Voltaite dust
[05:00:19] [Server thread/INFO] (SNC Energies) FUNCTIONAL PASS: one coal starts a persistent burn
[05:00:19] [Server thread/INFO] (SNC Energies) FUNCTIONAL PASS: surplus power charges battery
[05:00:19] [Server thread/INFO] (SNC Energies) FUNCTIONAL PASS: incompatible output prevents consumption or item conversion
[05:00:19] [Server thread/INFO] (SNC Energies) FUNCTIONAL PASS: generator energy and burn survive serialization
[05:00:19] [Server thread/INFO] (SNC Energies) FUNCTIONAL PASS: furnace inventory and energy survive serialization
[05:00:29] [Server thread/INFO] (SNC Energies) FUNCTIONAL PASS: battery powers furnace without generator and dust smelts to ingot
[05:00:29] [Server thread/INFO] (SNC Energies) FUNCTIONAL PASS: no global machine tick registrations remain
[05:00:29] [Server thread/INFO] (SNC Energies) FUNCTIONAL TESTS PASSED
[05:00:29] [Server thread/INFO] (Minecraft) Stopping server
[05:00:29] [Server thread/INFO] (Minecraft) Saving players
[05:00:29] [Server thread/INFO] (Minecraft) Saving worlds
[05:00:29] [Server thread/INFO] (Minecraft) Saving chunks for level 'ServerLevel[machine-test]'/minecraft:overworld
[05:00:29] [Server thread/INFO] (Minecraft) Saving chunks for level 'ServerLevel[machine-test]'/minecraft:the_end
[05:00:29] [Server thread/INFO] (Minecraft) Saving chunks for level 'ServerLevel[machine-test]'/minecraft:the_nether
