[17:08:12] [main/INFO] (FabricLoader/GameProvider) Loading Minecraft 26.3 with Fabric Loader 0.19.5
[17:08:12] [main/INFO] (FabricLoader/Mappings) Mappings not present!
[17:08:13] [main/INFO] (FabricLoader) Loading 45 mods:
	- fabric-advancement-api-v1 1.0.0+38c7a2d55d
	- fabric-api 0.161.0+26.3
	- fabric-api-base 2.0.6+fcdff87f5d
	- fabric-api-lookup-api-v1 2.0.24+3434d6d95d
	- fabric-biome-api-v1 20.0.9+74ed1ea55d
	- fabric-block-api-v1 3.1.0+0ae6f9115d
	- fabric-block-getter-api-v2 2.0.9+3434d6d95d
	- fabric-command-api-v2 3.1.2+fcdff87f5d
	- fabric-content-registries-v0 15.0.4+74ed1ea55d
	- fabric-convention-tags-v2 4.10.3+6b5b47fd5d
	- fabric-crash-report-info-v1 1.0.7+fcdff87f5d
	- fabric-creative-tab-api-v1 5.0.21+fcdff87f5d
	- fabric-data-attachment-api-v1 2.2.30+3434d6d95d
	- fabric-data-generation-api-v1 27.2.4+427eab975d
	- fabric-debug-api-v1 1.0.4+3434d6d95d
	- fabric-dimensions-v1 5.1.19+47f74c985d
	- fabric-entity-events-v1 6.0.4+3434d6d95d
	- fabric-events-interaction-v0 5.3.6+3434d6d95d
	- fabric-game-rule-api-v1 4.0.10+3434d6d95d
	- fabric-gametest-api-v1 4.0.32+3434d6d95d
	- fabric-item-api-v1 14.7.0+cf6bc2db5d
	- fabric-lifecycle-events-v1 4.1.9+ffef5f675d
	- fabric-loot-api-v3 4.0.8+4068fd645d
	- fabric-menu-api-v1 2.0.27+ed66f0a35d
	- fabric-message-api-v1 7.0.10+3434d6d95d
	- fabric-networking-api-v1 6.3.8+fcdff87f5d
	- fabric-object-builder-api-v1 24.1.9+3434d6d95d
	- fabric-particles-v1 5.0.24+3434d6d95d
	- fabric-permission-api-v1 1.0.8+fcdff87f5d
	- fabric-recipe-api-v1 10.0.8+fcdff87f5d
	- fabric-registry-sync-v0 8.0.1+fcdff87f5d
	- fabric-rendering-fluids-v1 6.0.6+3434d6d95d
	- fabric-resource-conditions-api-v1 6.1.5+3434d6d95d
	- fabric-resource-loader-v0 3.3.26+4fc5413f5d
	- fabric-resource-loader-v1 3.0.4+fcdff87f5d
	- fabric-serialization-api-v1 2.0.7+74ed1ea55d
	- fabric-tag-api-v1 2.1.10+fcdff87f5d
	- fabric-transfer-api-v1 8.0.25+fcdff87f5d
	- fabric-transitive-access-wideners-v1 8.1.16+52268a0e5d
	- fabricloader 0.19.5
	- java 25
	- minecraft 26.3
	- mixinextras 0.5.5
	- snc_energies 0.7.0
	- snc_functional_test 1.0.0
[17:08:13] [main/INFO] (FabricLoader/Mixin) SpongePowered MIXIN Subsystem Version=0.8.7 Source=file:/C:/Users/enzot/.gradle/caches/modules-2/files-2.1/net.fabricmc/sponge-mixin/0.17.4+mixin.0.8.7/5f66cc9f59b8efaa942155a3d5a30599bf6640dd/sponge-mixin-0.17.4+mixin.0.8.7.jar Service=Knot/Fabric Env=SERVER
[17:08:14] [main/INFO] (FabricLoader/MixinExtras|Service) Initializing MixinExtras via com.llamalad7.mixinextras.service.MixinExtrasServiceImpl(version=0.5.5).
[17:08:26] [main/INFO] (SNC Energies) SNC Energies blocks constructed
[17:08:27] [main/INFO] (SNC Energies) SNC Energies block entities registered
[17:08:27] [main/INFO] (SNC Energies) SNC Energies entities registered
[17:08:27] [main/INFO] (SNC Energies) SNC Energies items registered
[17:08:27] [main/INFO] (SNC Energies) SNC Energies menus registered
[17:08:27] [main/INFO] (SNC Energies) SNC Energies recipes ready
[17:08:27] [main/INFO] (SNC Energies) SNC Energies mercadao retrogen registered
[17:08:27] [main/INFO] (SNC Energies) SNC Adventures absent; standalone progression enabled
[17:08:27] [main/INFO] (SNC Energies) SNC Energies initialized: the grid is live!
[17:08:27] [main/INFO] (Minecraft) Environment: Environment[discoveryUrl=https://discovery.minecraftservices.com/minecraft/client, name=PROD]
[17:08:30] [Worker-Main-6/INFO] (Minecraft) Loaded 1866 advancements
[17:08:30] [main/INFO] (BiomeModificationImpl) Applied 112 biome modifications to 56 of 67 new biomes in 11.80 ms
[17:08:30] [Server thread/INFO] (Minecraft) Starting minecraft server version 26.3
[17:08:30] [Server thread/INFO] (Minecraft) Loading properties
[17:08:30] [Server thread/INFO] (Minecraft) Default game type: SURVIVAL
[17:08:30] [Server thread/INFO] (Minecraft) Generating keypair
[17:08:30] [Server thread/INFO] (Minecraft) Starting Minecraft server on 127.0.0.1:25577
[17:08:31] [Server thread/WARN] (Minecraft) **** SERVER IS RUNNING IN OFFLINE/INSECURE MODE!
[17:08:31] [Server thread/WARN] (Minecraft) The server will make no attempt to authenticate usernames. Beware.
[17:08:31] [Server thread/WARN] (Minecraft) While this makes the game possible to play without internet access, it also opens up the ability for hackers to connect with any username they choose.
[17:08:31] [Server thread/WARN] (Minecraft) To change this, set "online-mode" to "true" in the server.properties file.
[17:08:31] [Server thread/INFO] (Minecraft) Preparing level "machine-test"
[17:08:31] [Server thread/INFO] (Minecraft) Loading 35 persistent chunks...
[17:08:31] [Server thread/INFO] (Minecraft) Preparing spawn area: 22%
[17:08:32] [Server thread/INFO] (Minecraft) Preparing spawn area: 22%
[17:08:32] [Server thread/INFO] (Minecraft) Preparing spawn area: 22%
[17:08:32] [Server thread/INFO] (Minecraft) Time elapsed: 1107 ms
[17:08:32] [Server thread/INFO] (Minecraft) Done (1.747s)! For help, type "help"
[17:08:32] [Server thread/INFO] (Minecraft) Saving chunks for level 'ServerLevel[machine-test]'/minecraft:overworld
[17:08:33] [Server thread/INFO] (Minecraft) Saving chunks for level 'ServerLevel[machine-test]'/minecraft:the_nether
[17:08:33] [Server thread/INFO] (Minecraft) Saving chunks for level 'ServerLevel[machine-test]'/minecraft:the_end
[17:08:35] [Server thread/INFO] (SNC Energies) FUNCTIONAL PASS: companion biomass registry matches the selected test profile
[17:08:35] [Server thread/INFO] (SNC Energies) FUNCTIONAL PASS: empty biomass cannot produce energy
[17:08:35] [Server thread/INFO] (SNC Energies) FUNCTIONAL PASS: transfer conserves a one-unit source with a 160-unit budget
[17:08:35] [Server thread/INFO] (SNC Energies) FUNCTIONAL PASS: generator exposes its menu
[17:08:35] [Server thread/INFO] (SNC Energies) FUNCTIONAL PASS: furnace exposes its menu
[17:08:35] [Server thread/INFO] (SNC Energies) FUNCTIONAL PASS: crusher exposes its menu
[17:08:35] [Server thread/INFO] (SNC Energies) FUNCTIONAL PASS: menu retains synchronized energy and burn values
[17:08:35] [Server thread/INFO] (SNC Energies) FUNCTIONAL PASS: wood stove exposes its own fuel menu
[17:08:35] [Server thread/INFO] (SNC Energies) FUNCTIONAL PASS: wood stove accepts logs, planks and sticks
[17:08:35] [Server thread/INFO] (SNC Energies) FUNCTIONAL PASS: wood stove rejects non-wood and nonflammable fuel
[17:08:35] [Server thread/INFO] (SNC Energies) FUNCTIONAL PASS: obstruction blocks placement without replacing terrain: north
[17:08:35] [Server thread/INFO] (SNC Energies) FUNCTIONAL PASS: clear footprint accepted: north
[17:08:35] [Server thread/INFO] (SNC Energies) FUNCTIONAL PASS: structural cell shares controller north / 1
[17:08:35] [Server thread/INFO] (SNC Energies) FUNCTIONAL PASS: structural cell shares controller north / 2
[17:08:35] [Server thread/INFO] (SNC Energies) FUNCTIONAL PASS: structural cell shares controller north / 3
[17:08:35] [Server thread/INFO] (SNC Energies) FUNCTIONAL PASS: structural cell shares controller north / 4
[17:08:35] [Server thread/INFO] (SNC Energies) FUNCTIONAL PASS: structural cell shares controller north / 5
[17:08:35] [Server thread/INFO] (SNC Energies) FUNCTIONAL PASS: structural cell shares controller north / 6
[17:08:35] [Server thread/INFO] (SNC Energies) FUNCTIONAL PASS: structural cell shares controller north / 7
[17:08:35] [Server thread/INFO] (SNC Energies) FUNCTIONAL PASS: structure cannot be separated by pistons: north
[17:08:35] [Server thread/INFO] (SNC Energies) FUNCTIONAL PASS: breaking chimney removes cell north / 0
[17:08:35] [Server thread/INFO] (SNC Energies) FUNCTIONAL PASS: breaking chimney removes cell north / 1
[17:08:35] [Server thread/INFO] (SNC Energies) FUNCTIONAL PASS: breaking chimney removes cell north / 2
[17:08:35] [Server thread/INFO] (SNC Energies) FUNCTIONAL PASS: breaking chimney removes cell north / 3
[17:08:35] [Server thread/INFO] (SNC Energies) FUNCTIONAL PASS: breaking chimney removes cell north / 4
[17:08:35] [Server thread/INFO] (SNC Energies) FUNCTIONAL PASS: breaking chimney removes cell north / 5
[17:08:35] [Server thread/INFO] (SNC Energies) FUNCTIONAL PASS: breaking chimney removes cell north / 6
[17:08:35] [Server thread/INFO] (SNC Energies) FUNCTIONAL PASS: breaking chimney removes cell north / 7
[17:08:35] [Server thread/INFO] (SNC Energies) FUNCTIONAL PASS: breaking structure drops exactly one stove: north
[17:08:35] [Server thread/INFO] (SNC Energies) FUNCTIONAL PASS: obstruction blocks placement without replacing terrain: south
[17:08:35] [Server thread/INFO] (SNC Energies) FUNCTIONAL PASS: clear footprint accepted: south
[17:08:35] [Server thread/INFO] (SNC Energies) FUNCTIONAL PASS: structural cell shares controller south / 1
[17:08:35] [Server thread/INFO] (SNC Energies) FUNCTIONAL PASS: structural cell shares controller south / 2
[17:08:35] [Server thread/INFO] (SNC Energies) FUNCTIONAL PASS: structural cell shares controller south / 3
[17:08:35] [Server thread/INFO] (SNC Energies) FUNCTIONAL PASS: structural cell shares controller south / 4
[17:08:35] [Server thread/INFO] (SNC Energies) FUNCTIONAL PASS: structural cell shares controller south / 5
[17:08:35] [Server thread/INFO] (SNC Energies) FUNCTIONAL PASS: structural cell shares controller south / 6
[17:08:35] [Server thread/INFO] (SNC Energies) FUNCTIONAL PASS: structural cell shares controller south / 7
[17:08:35] [Server thread/INFO] (SNC Energies) FUNCTIONAL PASS: structure cannot be separated by pistons: south
[17:08:35] [Server thread/INFO] (SNC Energies) FUNCTIONAL PASS: breaking chimney removes cell south / 0
[17:08:35] [Server thread/INFO] (SNC Energies) FUNCTIONAL PASS: breaking chimney removes cell south / 1
[17:08:35] [Server thread/INFO] (SNC Energies) FUNCTIONAL PASS: breaking chimney removes cell south / 2
[17:08:35] [Server thread/INFO] (SNC Energies) FUNCTIONAL PASS: breaking chimney removes cell south / 3
[17:08:35] [Server thread/INFO] (SNC Energies) FUNCTIONAL PASS: breaking chimney removes cell south / 4
[17:08:35] [Server thread/INFO] (SNC Energies) FUNCTIONAL PASS: breaking chimney removes cell south / 5
[17:08:35] [Server thread/INFO] (SNC Energies) FUNCTIONAL PASS: breaking chimney removes cell south / 6
[17:08:35] [Server thread/INFO] (SNC Energies) FUNCTIONAL PASS: breaking chimney removes cell south / 7
[17:08:35] [Server thread/INFO] (SNC Energies) FUNCTIONAL PASS: breaking structure drops exactly one stove: south
[17:08:35] [Server thread/INFO] (SNC Energies) FUNCTIONAL PASS: obstruction blocks placement without replacing terrain: east
[17:08:35] [Server thread/INFO] (SNC Energies) FUNCTIONAL PASS: clear footprint accepted: east
[17:08:35] [Server thread/INFO] (SNC Energies) FUNCTIONAL PASS: structural cell shares controller east / 1
[17:08:35] [Server thread/INFO] (SNC Energies) FUNCTIONAL PASS: structural cell shares controller east / 2
[17:08:35] [Server thread/INFO] (SNC Energies) FUNCTIONAL PASS: structural cell shares controller east / 3
[17:08:35] [Server thread/INFO] (SNC Energies) FUNCTIONAL PASS: structural cell shares controller east / 4
[17:08:35] [Server thread/INFO] (SNC Energies) FUNCTIONAL PASS: structural cell shares controller east / 5
[17:08:35] [Server thread/INFO] (SNC Energies) FUNCTIONAL PASS: structural cell shares controller east / 6
[17:08:35] [Server thread/INFO] (SNC Energies) FUNCTIONAL PASS: structural cell shares controller east / 7
[17:08:35] [Server thread/INFO] (SNC Energies) FUNCTIONAL PASS: structure cannot be separated by pistons: east
[17:08:35] [Server thread/INFO] (SNC Energies) FUNCTIONAL PASS: breaking chimney removes cell east / 0
[17:08:35] [Server thread/INFO] (SNC Energies) FUNCTIONAL PASS: breaking chimney removes cell east / 1
[17:08:35] [Server thread/INFO] (SNC Energies) FUNCTIONAL PASS: breaking chimney removes cell east / 2
[17:08:35] [Server thread/INFO] (SNC Energies) FUNCTIONAL PASS: breaking chimney removes cell east / 3
[17:08:35] [Server thread/INFO] (SNC Energies) FUNCTIONAL PASS: breaking chimney removes cell east / 4
[17:08:35] [Server thread/INFO] (SNC Energies) FUNCTIONAL PASS: breaking chimney removes cell east / 5
[17:08:35] [Server thread/INFO] (SNC Energies) FUNCTIONAL PASS: breaking chimney removes cell east / 6
[17:08:35] [Server thread/INFO] (SNC Energies) FUNCTIONAL PASS: breaking chimney removes cell east / 7
[17:08:35] [Server thread/INFO] (SNC Energies) FUNCTIONAL PASS: breaking structure drops exactly one stove: east
[17:08:35] [Server thread/INFO] (SNC Energies) FUNCTIONAL PASS: obstruction blocks placement without replacing terrain: west
[17:08:35] [Server thread/INFO] (SNC Energies) FUNCTIONAL PASS: clear footprint accepted: west
[17:08:35] [Server thread/INFO] (SNC Energies) FUNCTIONAL PASS: structural cell shares controller west / 1
[17:08:35] [Server thread/INFO] (SNC Energies) FUNCTIONAL PASS: structural cell shares controller west / 2
[17:08:35] [Server thread/INFO] (SNC Energies) FUNCTIONAL PASS: structural cell shares controller west / 3
[17:08:35] [Server thread/INFO] (SNC Energies) FUNCTIONAL PASS: structural cell shares controller west / 4
[17:08:35] [Server thread/INFO] (SNC Energies) FUNCTIONAL PASS: structural cell shares controller west / 5
[17:08:35] [Server thread/INFO] (SNC Energies) FUNCTIONAL PASS: structural cell shares controller west / 6
[17:08:35] [Server thread/INFO] (SNC Energies) FUNCTIONAL PASS: structural cell shares controller west / 7
[17:08:35] [Server thread/INFO] (SNC Energies) FUNCTIONAL PASS: structure cannot be separated by pistons: west
[17:08:35] [Server thread/INFO] (SNC Energies) FUNCTIONAL PASS: breaking chimney removes cell west / 0
[17:08:35] [Server thread/INFO] (SNC Energies) FUNCTIONAL PASS: breaking chimney removes cell west / 1
[17:08:35] [Server thread/INFO] (SNC Energies) FUNCTIONAL PASS: breaking chimney removes cell west / 2
[17:08:35] [Server thread/INFO] (SNC Energies) FUNCTIONAL PASS: breaking chimney removes cell west / 3
[17:08:35] [Server thread/INFO] (SNC Energies) FUNCTIONAL PASS: breaking chimney removes cell west / 4
[17:08:35] [Server thread/INFO] (SNC Energies) FUNCTIONAL PASS: breaking chimney removes cell west / 5
[17:08:35] [Server thread/INFO] (SNC Energies) FUNCTIONAL PASS: breaking chimney removes cell west / 6
[17:08:35] [Server thread/INFO] (SNC Energies) FUNCTIONAL PASS: breaking chimney removes cell west / 7
[17:08:35] [Server thread/INFO] (SNC Energies) FUNCTIONAL PASS: breaking structure drops exactly one stove: west
[17:08:35] [Server thread/INFO] (SNC Energies) FUNCTIONAL PASS: legacy compact stove keeps its original footprint
[17:08:35] [Server thread/INFO] (SNC Energies) FUNCTIONAL PASS: workshop refuses obstructed footprint: north
[17:08:35] [Server thread/INFO] (SNC Energies) FUNCTIONAL PASS: workshop part shares controller: north/0
[17:08:35] [Server thread/INFO] (SNC Energies) FUNCTIONAL PASS: workshop structural parts have no duplicate inventory
[17:08:35] [Server thread/INFO] (SNC Energies) FUNCTIONAL PASS: workshop part shares controller: north/1
[17:08:35] [Server thread/INFO] (SNC Energies) FUNCTIONAL PASS: workshop structural parts have no duplicate inventory
[17:08:35] [Server thread/INFO] (SNC Energies) FUNCTIONAL PASS: workshop part shares controller: north/2
[17:08:35] [Server thread/INFO] (SNC Energies) FUNCTIONAL PASS: workshop structural parts have no duplicate inventory
[17:08:35] [Server thread/INFO] (SNC Energies) FUNCTIONAL PASS: workshop part shares controller: north/3
[17:08:35] [Server thread/INFO] (SNC Energies) FUNCTIONAL PASS: workshop structural parts have no duplicate inventory
[17:08:35] [Server thread/INFO] (SNC Energies) FUNCTIONAL PASS: workshop removal cleans every cell
[17:08:35] [Server thread/INFO] (SNC Energies) FUNCTIONAL PASS: workshop removal cleans every cell
[17:08:35] [Server thread/INFO] (SNC Energies) FUNCTIONAL PASS: workshop removal cleans every cell
[17:08:35] [Server thread/INFO] (SNC Energies) FUNCTIONAL PASS: workshop removal cleans every cell
[17:08:35] [Server thread/INFO] (SNC Energies) FUNCTIONAL PASS: workshop drops exactly one machine; delta=1
[17:08:35] [Server thread/INFO] (SNC Energies) FUNCTIONAL PASS: workshop returns stored items exactly once
[17:08:35] [Server thread/INFO] (SNC Energies) FUNCTIONAL PASS: workshop refuses obstructed footprint: east
[17:08:35] [Server thread/INFO] (SNC Energies) FUNCTIONAL PASS: workshop part shares controller: east/0
[17:08:35] [Server thread/INFO] (SNC Energies) FUNCTIONAL PASS: workshop structural parts have no duplicate inventory
[17:08:35] [Server thread/INFO] (SNC Energies) FUNCTIONAL PASS: workshop part shares controller: east/1
[17:08:35] [Server thread/INFO] (SNC Energies) FUNCTIONAL PASS: workshop structural parts have no duplicate inventory
[17:08:35] [Server thread/INFO] (SNC Energies) FUNCTIONAL PASS: workshop part shares controller: east/2
[17:08:35] [Server thread/INFO] (SNC Energies) FUNCTIONAL PASS: workshop structural parts have no duplicate inventory
[17:08:35] [Server thread/INFO] (SNC Energies) FUNCTIONAL PASS: workshop part shares controller: east/3
[17:08:35] [Server thread/INFO] (SNC Energies) FUNCTIONAL PASS: workshop structural parts have no duplicate inventory
[17:08:35] [Server thread/INFO] (SNC Energies) FUNCTIONAL PASS: workshop removal cleans every cell
[17:08:35] [Server thread/INFO] (SNC Energies) FUNCTIONAL PASS: workshop removal cleans every cell
[17:08:35] [Server thread/INFO] (SNC Energies) FUNCTIONAL PASS: workshop removal cleans every cell
[17:08:35] [Server thread/INFO] (SNC Energies) FUNCTIONAL PASS: workshop removal cleans every cell
[17:08:35] [Server thread/INFO] (SNC Energies) FUNCTIONAL PASS: workshop drops exactly one machine; delta=1
[17:08:35] [Server thread/INFO] (SNC Energies) FUNCTIONAL PASS: workshop returns stored items exactly once
[17:08:35] [Server thread/INFO] (SNC Energies) FUNCTIONAL PASS: workshop refuses obstructed footprint: south
[17:08:35] [Server thread/INFO] (SNC Energies) FUNCTIONAL PASS: workshop part shares controller: south/0
[17:08:35] [Server thread/INFO] (SNC Energies) FUNCTIONAL PASS: workshop structural parts have no duplicate inventory
[17:08:35] [Server thread/INFO] (SNC Energies) FUNCTIONAL PASS: workshop part shares controller: south/1
[17:08:35] [Server thread/INFO] (SNC Energies) FUNCTIONAL PASS: workshop structural parts have no duplicate inventory
[17:08:35] [Server thread/INFO] (SNC Energies) FUNCTIONAL PASS: workshop part shares controller: south/2
[17:08:35] [Server thread/INFO] (SNC Energies) FUNCTIONAL PASS: workshop structural parts have no duplicate inventory
[17:08:35] [Server thread/INFO] (SNC Energies) FUNCTIONAL PASS: workshop part shares controller: south/3
[17:08:35] [Server thread/INFO] (SNC Energies) FUNCTIONAL PASS: workshop structural parts have no duplicate inventory
[17:08:35] [Server thread/INFO] (SNC Energies) FUNCTIONAL PASS: workshop removal cleans every cell
[17:08:35] [Server thread/INFO] (SNC Energies) FUNCTIONAL PASS: workshop removal cleans every cell
[17:08:35] [Server thread/INFO] (SNC Energies) FUNCTIONAL PASS: workshop removal cleans every cell
[17:08:35] [Server thread/INFO] (SNC Energies) FUNCTIONAL PASS: workshop removal cleans every cell
[17:08:35] [Server thread/INFO] (SNC Energies) FUNCTIONAL PASS: workshop drops exactly one machine; delta=1
[17:08:35] [Server thread/INFO] (SNC Energies) FUNCTIONAL PASS: workshop returns stored items exactly once
[17:08:35] [Server thread/INFO] (SNC Energies) FUNCTIONAL PASS: workshop refuses obstructed footprint: west
[17:08:35] [Server thread/INFO] (SNC Energies) FUNCTIONAL PASS: workshop part shares controller: west/0
[17:08:35] [Server thread/INFO] (SNC Energies) FUNCTIONAL PASS: workshop structural parts have no duplicate inventory
[17:08:35] [Server thread/INFO] (SNC Energies) FUNCTIONAL PASS: workshop part shares controller: west/1
[17:08:35] [Server thread/INFO] (SNC Energies) FUNCTIONAL PASS: workshop structural parts have no duplicate inventory
[17:08:35] [Server thread/INFO] (SNC Energies) FUNCTIONAL PASS: workshop part shares controller: west/2
[17:08:35] [Server thread/INFO] (SNC Energies) FUNCTIONAL PASS: workshop structural parts have no duplicate inventory
[17:08:35] [Server thread/INFO] (SNC Energies) FUNCTIONAL PASS: workshop part shares controller: west/3
[17:08:35] [Server thread/INFO] (SNC Energies) FUNCTIONAL PASS: workshop structural parts have no duplicate inventory
[17:08:35] [Server thread/INFO] (SNC Energies) FUNCTIONAL PASS: workshop removal cleans every cell
[17:08:35] [Server thread/INFO] (SNC Energies) FUNCTIONAL PASS: workshop removal cleans every cell
[17:08:35] [Server thread/INFO] (SNC Energies) FUNCTIONAL PASS: workshop removal cleans every cell
[17:08:35] [Server thread/INFO] (SNC Energies) FUNCTIONAL PASS: workshop removal cleans every cell
[17:08:35] [Server thread/INFO] (SNC Energies) FUNCTIONAL PASS: workshop drops exactly one machine; delta=1
[17:08:35] [Server thread/INFO] (SNC Energies) FUNCTIONAL PASS: workshop returns stored items exactly once
[17:08:35] [Server thread/INFO] (SNC Energies) FUNCTIONAL PASS: workshop refuses obstructed footprint: north
[17:08:35] [Server thread/INFO] (SNC Energies) FUNCTIONAL PASS: workshop part shares controller: north/0
[17:08:35] [Server thread/INFO] (SNC Energies) FUNCTIONAL PASS: workshop structural parts have no duplicate inventory
[17:08:35] [Server thread/INFO] (SNC Energies) FUNCTIONAL PASS: workshop part shares controller: north/1
[17:08:35] [Server thread/INFO] (SNC Energies) FUNCTIONAL PASS: workshop structural parts have no duplicate inventory
[17:08:35] [Server thread/INFO] (SNC Energies) FUNCTIONAL PASS: workshop part shares controller: north/2
[17:08:35] [Server thread/INFO] (SNC Energies) FUNCTIONAL PASS: workshop structural parts have no duplicate inventory
[17:08:35] [Server thread/INFO] (SNC Energies) FUNCTIONAL PASS: workshop part shares controller: north/3
[17:08:35] [Server thread/INFO] (SNC Energies) FUNCTIONAL PASS: workshop structural parts have no duplicate inventory
[17:08:35] [Server thread/INFO] (SNC Energies) FUNCTIONAL PASS: workshop removal cleans every cell
[17:08:35] [Server thread/INFO] (SNC Energies) FUNCTIONAL PASS: workshop removal cleans every cell
[17:08:35] [Server thread/INFO] (SNC Energies) FUNCTIONAL PASS: workshop removal cleans every cell
[17:08:35] [Server thread/INFO] (SNC Energies) FUNCTIONAL PASS: workshop removal cleans every cell
[17:08:35] [Server thread/INFO] (SNC Energies) FUNCTIONAL PASS: workshop drops exactly one machine; delta=1
[17:08:35] [Server thread/INFO] (SNC Energies) FUNCTIONAL PASS: workshop returns stored items exactly once
[17:08:35] [Server thread/INFO] (SNC Energies) FUNCTIONAL PASS: workshop refuses obstructed footprint: east
[17:08:35] [Server thread/INFO] (SNC Energies) FUNCTIONAL PASS: workshop part shares controller: east/0
[17:08:35] [Server thread/INFO] (SNC Energies) FUNCTIONAL PASS: workshop structural parts have no duplicate inventory
[17:08:35] [Server thread/INFO] (SNC Energies) FUNCTIONAL PASS: workshop part shares controller: east/1
[17:08:35] [Server thread/INFO] (SNC Energies) FUNCTIONAL PASS: workshop structural parts have no duplicate inventory
[17:08:35] [Server thread/INFO] (SNC Energies) FUNCTIONAL PASS: workshop part shares controller: east/2
[17:08:35] [Server thread/INFO] (SNC Energies) FUNCTIONAL PASS: workshop structural parts have no duplicate inventory
[17:08:35] [Server thread/INFO] (SNC Energies) FUNCTIONAL PASS: workshop part shares controller: east/3
[17:08:35] [Server thread/INFO] (SNC Energies) FUNCTIONAL PASS: workshop structural parts have no duplicate inventory
[17:08:35] [Server thread/INFO] (SNC Energies) FUNCTIONAL PASS: workshop removal cleans every cell
[17:08:35] [Server thread/INFO] (SNC Energies) FUNCTIONAL PASS: workshop removal cleans every cell
[17:08:35] [Server thread/INFO] (SNC Energies) FUNCTIONAL PASS: workshop removal cleans every cell
[17:08:35] [Server thread/INFO] (SNC Energies) FUNCTIONAL PASS: workshop removal cleans every cell
[17:08:35] [Server thread/INFO] (SNC Energies) FUNCTIONAL PASS: workshop drops exactly one machine; delta=1
[17:08:35] [Server thread/INFO] (SNC Energies) FUNCTIONAL PASS: workshop returns stored items exactly once
[17:08:35] [Server thread/INFO] (SNC Energies) FUNCTIONAL PASS: workshop refuses obstructed footprint: south
[17:08:35] [Server thread/INFO] (SNC Energies) FUNCTIONAL PASS: workshop part shares controller: south/0
[17:08:35] [Server thread/INFO] (SNC Energies) FUNCTIONAL PASS: workshop structural parts have no duplicate inventory
[17:08:35] [Server thread/INFO] (SNC Energies) FUNCTIONAL PASS: workshop part shares controller: south/1
[17:08:35] [Server thread/INFO] (SNC Energies) FUNCTIONAL PASS: workshop structural parts have no duplicate inventory
[17:08:35] [Server thread/INFO] (SNC Energies) FUNCTIONAL PASS: workshop part shares controller: south/2
[17:08:35] [Server thread/INFO] (SNC Energies) FUNCTIONAL PASS: workshop structural parts have no duplicate inventory
[17:08:35] [Server thread/INFO] (SNC Energies) FUNCTIONAL PASS: workshop part shares controller: south/3
[17:08:35] [Server thread/INFO] (SNC Energies) FUNCTIONAL PASS: workshop structural parts have no duplicate inventory
[17:08:35] [Server thread/INFO] (SNC Energies) FUNCTIONAL PASS: workshop removal cleans every cell
[17:08:35] [Server thread/INFO] (SNC Energies) FUNCTIONAL PASS: workshop removal cleans every cell
[17:08:35] [Server thread/INFO] (SNC Energies) FUNCTIONAL PASS: workshop removal cleans every cell
[17:08:35] [Server thread/INFO] (SNC Energies) FUNCTIONAL PASS: workshop removal cleans every cell
[17:08:35] [Server thread/INFO] (SNC Energies) FUNCTIONAL PASS: workshop drops exactly one machine; delta=1
[17:08:35] [Server thread/INFO] (SNC Energies) FUNCTIONAL PASS: workshop returns stored items exactly once
[17:08:35] [Server thread/INFO] (SNC Energies) FUNCTIONAL PASS: workshop refuses obstructed footprint: west
[17:08:35] [Server thread/INFO] (SNC Energies) FUNCTIONAL PASS: workshop part shares controller: west/0
[17:08:35] [Server thread/INFO] (SNC Energies) FUNCTIONAL PASS: workshop structural parts have no duplicate inventory
[17:08:35] [Server thread/INFO] (SNC Energies) FUNCTIONAL PASS: workshop part shares controller: west/1
[17:08:35] [Server thread/INFO] (SNC Energies) FUNCTIONAL PASS: workshop structural parts have no duplicate inventory
[17:08:35] [Server thread/INFO] (SNC Energies) FUNCTIONAL PASS: workshop part shares controller: west/2
[17:08:35] [Server thread/INFO] (SNC Energies) FUNCTIONAL PASS: workshop structural parts have no duplicate inventory
[17:08:35] [Server thread/INFO] (SNC Energies) FUNCTIONAL PASS: workshop part shares controller: west/3
[17:08:35] [Server thread/INFO] (SNC Energies) FUNCTIONAL PASS: workshop structural parts have no duplicate inventory
[17:08:35] [Server thread/INFO] (SNC Energies) FUNCTIONAL PASS: workshop removal cleans every cell
[17:08:35] [Server thread/INFO] (SNC Energies) FUNCTIONAL PASS: workshop removal cleans every cell
[17:08:35] [Server thread/INFO] (SNC Energies) FUNCTIONAL PASS: workshop removal cleans every cell
[17:08:35] [Server thread/INFO] (SNC Energies) FUNCTIONAL PASS: workshop removal cleans every cell
[17:08:35] [Server thread/INFO] (SNC Energies) FUNCTIONAL PASS: workshop drops exactly one machine; delta=1
[17:08:35] [Server thread/INFO] (SNC Energies) FUNCTIONAL PASS: workshop returns stored items exactly once
[17:08:35] [Server thread/INFO] (SNC Energies) FUNCTIONAL PASS: manual workshop waits for work
[17:08:35] [Server thread/INFO] (SNC Energies) FUNCTIONAL PASS: crank is server-authoritative and limited to one charge per tick
[17:08:35] [Server thread/INFO] (SNC Energies) FUNCTIONAL PASS: full residue slot blocks all input and work consumption
[17:08:35] [Server thread/INFO] (SNC Energies) FUNCTIONAL PASS: workshop persists partial processing, work and input
[17:08:35] [Server thread/INFO] (SNC Energies) FUNCTIONAL PASS: milling conserves exact ingredient, product, residue and work quantities
[17:08:35] [Server thread/INFO] (SNC Energies) FUNCTIONAL PASS: workshop sided access protects input and output slots
[17:08:35] [Server thread/INFO] (SNC Energies) FUNCTIONAL PASS: invalid workshop button is rejected
[17:08:35] [Server thread/INFO] (SNC Energies) FUNCTIONAL PASS: removed workshop cannot be cranked through a stale menu
[17:08:35] [Server thread/INFO] (SNC Energies) FUNCTIONAL PASS: press produces oil and meal atomically without free containers
[17:08:35] [Server thread/INFO] (SNC Energies) FUNCTIONAL PASS: four rice husks produce one briquette without a phantom residue
[17:08:35] [Server thread/INFO] (SNC Energies) FUNCTIONAL PASS: regional fuels expose documented burn values
[17:08:35] [Server thread/INFO] (SNC Energies) FUNCTIONAL PASS: changing recipe cannot reuse progress from a different ingredient
[17:08:35] [Server thread/INFO] (SNC Energies) FUNCTIONAL PASS: output stack components are preserved rather than overwritten
[17:08:35] [Server thread/INFO] (SNC Energies) FUNCTIONAL PASS: young crop returns seed without harvest exploit
[17:08:35] [Server thread/INFO] (SNC Energies) FUNCTIONAL PASS: mature crop yields documented seeds and produce
[17:08:35] [Server thread/INFO] (SNC Energies) FUNCTIONAL PASS: young crop returns seed without harvest exploit
[17:08:35] [Server thread/INFO] (SNC Energies) FUNCTIONAL PASS: mature crop yields documented seeds and produce
[17:08:35] [Server thread/INFO] (SNC Energies) FUNCTIONAL PASS: young crop returns seed without harvest exploit
[17:08:35] [Server thread/INFO] (SNC Energies) FUNCTIONAL PASS: mature crop yields documented seeds and produce
[17:08:35] [Server thread/INFO] (SNC Energies) FUNCTIONAL PASS: optional mate milling preserves the batch without phantom residue
[17:08:35] [Server thread/INFO] (SNC Energies) FUNCTIONAL PASS: mate infusion returns its bowl after consumption
[17:08:35] [Server thread/INFO] (SNC Energies) FUNCTIONAL PASS: industrial footprint rejects obstruction: BOILER / north
[17:08:35] [Server thread/INFO] (SNC Energies) FUNCTIONAL PASS: industrial multiblock has exactly one controller and inventory: BOILER / north
[17:08:35] [Server thread/INFO] (SNC Energies) FUNCTIONAL PASS: industrial removal returns one machine and exact inventory: BOILER / north
[17:08:35] [Server thread/INFO] (SNC Energies) FUNCTIONAL PASS: industrial footprint rejects obstruction: BOILER / east
[17:08:35] [Server thread/INFO] (SNC Energies) FUNCTIONAL PASS: industrial multiblock has exactly one controller and inventory: BOILER / east
[17:08:35] [Server thread/INFO] (SNC Energies) FUNCTIONAL PASS: industrial removal returns one machine and exact inventory: BOILER / east
[17:08:35] [Server thread/INFO] (SNC Energies) FUNCTIONAL PASS: industrial footprint rejects obstruction: BOILER / south
[17:08:35] [Server thread/INFO] (SNC Energies) FUNCTIONAL PASS: industrial multiblock has exactly one controller and inventory: BOILER / south
[17:08:35] [Server thread/INFO] (SNC Energies) FUNCTIONAL PASS: industrial removal returns one machine and exact inventory: BOILER / south
[17:08:35] [Server thread/INFO] (SNC Energies) FUNCTIONAL PASS: industrial footprint rejects obstruction: BOILER / west
[17:08:35] [Server thread/INFO] (SNC Energies) FUNCTIONAL PASS: industrial multiblock has exactly one controller and inventory: BOILER / west
[17:08:35] [Server thread/INFO] (SNC Energies) FUNCTIONAL PASS: industrial removal returns one machine and exact inventory: BOILER / west
[17:08:35] [Server thread/INFO] (SNC Energies) FUNCTIONAL PASS: industrial footprint rejects obstruction: SAWMILL / north
[17:08:35] [Server thread/INFO] (SNC Energies) FUNCTIONAL PASS: industrial multiblock has exactly one controller and inventory: SAWMILL / north
[17:08:35] [Server thread/INFO] (SNC Energies) FUNCTIONAL PASS: industrial removal returns one machine and exact inventory: SAWMILL / north
[17:08:35] [Server thread/INFO] (SNC Energies) FUNCTIONAL PASS: industrial footprint rejects obstruction: SAWMILL / east
[17:08:35] [Server thread/INFO] (SNC Energies) FUNCTIONAL PASS: industrial multiblock has exactly one controller and inventory: SAWMILL / east
[17:08:35] [Server thread/INFO] (SNC Energies) FUNCTIONAL PASS: industrial removal returns one machine and exact inventory: SAWMILL / east
[17:08:35] [Server thread/INFO] (SNC Energies) FUNCTIONAL PASS: industrial footprint rejects obstruction: SAWMILL / south
[17:08:35] [Server thread/INFO] (SNC Energies) FUNCTIONAL PASS: industrial multiblock has exactly one controller and inventory: SAWMILL / south
[17:08:35] [Server thread/INFO] (SNC Energies) FUNCTIONAL PASS: industrial removal returns one machine and exact inventory: SAWMILL / south
[17:08:35] [Server thread/INFO] (SNC Energies) FUNCTIONAL PASS: industrial footprint rejects obstruction: SAWMILL / west
[17:08:35] [Server thread/INFO] (SNC Energies) FUNCTIONAL PASS: industrial multiblock has exactly one controller and inventory: SAWMILL / west
[17:08:35] [Server thread/INFO] (SNC Energies) FUNCTIONAL PASS: industrial removal returns one machine and exact inventory: SAWMILL / west
[17:08:35] [Server thread/INFO] (SNC Energies) FUNCTIONAL PASS: industrial footprint rejects obstruction: FOUNDRY / north
[17:08:35] [Server thread/INFO] (SNC Energies) FUNCTIONAL PASS: industrial multiblock has exactly one controller and inventory: FOUNDRY / north
[17:08:35] [Server thread/INFO] (SNC Energies) FUNCTIONAL PASS: industrial removal returns one machine and exact inventory: FOUNDRY / north
[17:08:35] [Server thread/INFO] (SNC Energies) FUNCTIONAL PASS: industrial footprint rejects obstruction: FOUNDRY / east
[17:08:35] [Server thread/INFO] (SNC Energies) FUNCTIONAL PASS: industrial multiblock has exactly one controller and inventory: FOUNDRY / east
[17:08:35] [Server thread/INFO] (SNC Energies) FUNCTIONAL PASS: industrial removal returns one machine and exact inventory: FOUNDRY / east
[17:08:35] [Server thread/INFO] (SNC Energies) FUNCTIONAL PASS: industrial footprint rejects obstruction: FOUNDRY / south
[17:08:35] [Server thread/INFO] (SNC Energies) FUNCTIONAL PASS: industrial multiblock has exactly one controller and inventory: FOUNDRY / south
[17:08:35] [Server thread/INFO] (SNC Energies) FUNCTIONAL PASS: industrial removal returns one machine and exact inventory: FOUNDRY / south
[17:08:35] [Server thread/INFO] (SNC Energies) FUNCTIONAL PASS: industrial footprint rejects obstruction: FOUNDRY / west
[17:08:35] [Server thread/INFO] (SNC Energies) FUNCTIONAL PASS: industrial multiblock has exactly one controller and inventory: FOUNDRY / west
[17:08:35] [Server thread/INFO] (SNC Energies) FUNCTIONAL PASS: industrial removal returns one machine and exact inventory: FOUNDRY / west
[17:08:35] [Server thread/INFO] (SNC Energies) FUNCTIONAL PASS: industrial footprint rejects obstruction: TURBINE / north
[17:08:35] [Server thread/INFO] (SNC Energies) FUNCTIONAL PASS: industrial multiblock has exactly one controller and inventory: TURBINE / north
[17:08:35] [Server thread/INFO] (SNC Energies) FUNCTIONAL PASS: industrial removal returns one machine and exact inventory: TURBINE / north
[17:08:35] [Server thread/INFO] (SNC Energies) FUNCTIONAL PASS: industrial footprint rejects obstruction: TURBINE / east
[17:08:35] [Server thread/INFO] (SNC Energies) FUNCTIONAL PASS: industrial multiblock has exactly one controller and inventory: TURBINE / east
[17:08:35] [Server thread/INFO] (SNC Energies) FUNCTIONAL PASS: industrial removal returns one machine and exact inventory: TURBINE / east
[17:08:35] [Server thread/INFO] (SNC Energies) FUNCTIONAL PASS: industrial footprint rejects obstruction: TURBINE / south
[17:08:35] [Server thread/INFO] (SNC Energies) FUNCTIONAL PASS: industrial multiblock has exactly one controller and inventory: TURBINE / south
[17:08:35] [Server thread/INFO] (SNC Energies) FUNCTIONAL PASS: industrial removal returns one machine and exact inventory: TURBINE / south
[17:08:35] [Server thread/INFO] (SNC Energies) FUNCTIONAL PASS: industrial footprint rejects obstruction: TURBINE / west
[17:08:35] [Server thread/INFO] (SNC Energies) FUNCTIONAL PASS: industrial multiblock has exactly one controller and inventory: TURBINE / west
[17:08:35] [Server thread/INFO] (SNC Energies) FUNCTIONAL PASS: industrial removal returns one machine and exact inventory: TURBINE / west
[17:08:35] [Server thread/INFO] (SNC Energies) FUNCTIONAL PASS: industrial footprint rejects obstruction: LAMINATOR / north
[17:08:35] [Server thread/INFO] (SNC Energies) FUNCTIONAL PASS: industrial multiblock has exactly one controller and inventory: LAMINATOR / north
[17:08:35] [Server thread/INFO] (SNC Energies) FUNCTIONAL PASS: industrial removal returns one machine and exact inventory: LAMINATOR / north
[17:08:35] [Server thread/INFO] (SNC Energies) FUNCTIONAL PASS: industrial footprint rejects obstruction: LAMINATOR / east
[17:08:35] [Server thread/INFO] (SNC Energies) FUNCTIONAL PASS: industrial multiblock has exactly one controller and inventory: LAMINATOR / east
[17:08:35] [Server thread/INFO] (SNC Energies) FUNCTIONAL PASS: industrial removal returns one machine and exact inventory: LAMINATOR / east
[17:08:35] [Server thread/INFO] (SNC Energies) FUNCTIONAL PASS: industrial footprint rejects obstruction: LAMINATOR / south
[17:08:35] [Server thread/INFO] (SNC Energies) FUNCTIONAL PASS: industrial multiblock has exactly one controller and inventory: LAMINATOR / south
[17:08:35] [Server thread/INFO] (SNC Energies) FUNCTIONAL PASS: industrial removal returns one machine and exact inventory: LAMINATOR / south
[17:08:35] [Server thread/INFO] (SNC Energies) FUNCTIONAL PASS: industrial footprint rejects obstruction: LAMINATOR / west
[17:08:35] [Server thread/INFO] (SNC Energies) FUNCTIONAL PASS: industrial multiblock has exactly one controller and inventory: LAMINATOR / west
[17:08:35] [Server thread/INFO] (SNC Energies) FUNCTIONAL PASS: industrial removal returns one machine and exact inventory: LAMINATOR / west
[17:08:35] [Server thread/INFO] (SNC Energies) FUNCTIONAL PASS: industrial footprint rejects obstruction: DRYER / north
[17:08:35] [Server thread/INFO] (SNC Energies) FUNCTIONAL PASS: industrial multiblock has exactly one controller and inventory: DRYER / north
[17:08:35] [Server thread/INFO] (SNC Energies) FUNCTIONAL PASS: industrial removal returns one machine and exact inventory: DRYER / north
[17:08:35] [Server thread/INFO] (SNC Energies) FUNCTIONAL PASS: industrial footprint rejects obstruction: DRYER / east
[17:08:35] [Server thread/INFO] (SNC Energies) FUNCTIONAL PASS: industrial multiblock has exactly one controller and inventory: DRYER / east
[17:08:35] [Server thread/INFO] (SNC Energies) FUNCTIONAL PASS: industrial removal returns one machine and exact inventory: DRYER / east
[17:08:35] [Server thread/INFO] (SNC Energies) FUNCTIONAL PASS: industrial footprint rejects obstruction: DRYER / south
[17:08:35] [Server thread/INFO] (SNC Energies) FUNCTIONAL PASS: industrial multiblock has exactly one controller and inventory: DRYER / south
[17:08:35] [Server thread/INFO] (SNC Energies) FUNCTIONAL PASS: industrial removal returns one machine and exact inventory: DRYER / south
[17:08:35] [Server thread/INFO] (SNC Energies) FUNCTIONAL PASS: industrial footprint rejects obstruction: DRYER / west
[17:08:35] [Server thread/INFO] (SNC Energies) FUNCTIONAL PASS: industrial multiblock has exactly one controller and inventory: DRYER / west
[17:08:35] [Server thread/INFO] (SNC Energies) FUNCTIONAL PASS: industrial removal returns one machine and exact inventory: DRYER / west
[17:08:35] [Server thread/INFO] (SNC Energies) FUNCTIONAL PASS: industrial footprint rejects obstruction: EXTRACTOR / north
[17:08:35] [Server thread/INFO] (SNC Energies) FUNCTIONAL PASS: industrial multiblock has exactly one controller and inventory: EXTRACTOR / north
[17:08:35] [Server thread/INFO] (SNC Energies) FUNCTIONAL PASS: industrial removal returns one machine and exact inventory: EXTRACTOR / north
[17:08:35] [Server thread/INFO] (SNC Energies) FUNCTIONAL PASS: industrial footprint rejects obstruction: EXTRACTOR / east
[17:08:35] [Server thread/INFO] (SNC Energies) FUNCTIONAL PASS: industrial multiblock has exactly one controller and inventory: EXTRACTOR / east
[17:08:35] [Server thread/INFO] (SNC Energies) FUNCTIONAL PASS: industrial removal returns one machine and exact inventory: EXTRACTOR / east
[17:08:35] [Server thread/INFO] (SNC Energies) FUNCTIONAL PASS: industrial footprint rejects obstruction: EXTRACTOR / south
[17:08:35] [Server thread/INFO] (SNC Energies) FUNCTIONAL PASS: industrial multiblock has exactly one controller and inventory: EXTRACTOR / south
[17:08:35] [Server thread/INFO] (SNC Energies) FUNCTIONAL PASS: industrial removal returns one machine and exact inventory: EXTRACTOR / south
[17:08:35] [Server thread/INFO] (SNC Energies) FUNCTIONAL PASS: industrial footprint rejects obstruction: EXTRACTOR / west
[17:08:35] [Server thread/INFO] (SNC Energies) FUNCTIONAL PASS: industrial multiblock has exactly one controller and inventory: EXTRACTOR / west
[17:08:35] [Server thread/INFO] (SNC Energies) FUNCTIONAL PASS: industrial removal returns one machine and exact inventory: EXTRACTOR / west
[17:08:35] [Server thread/INFO] (SNC Energies) FUNCTIONAL PASS: industrial footprint rejects obstruction: REFINERY / north
[17:08:35] [Server thread/INFO] (SNC Energies) FUNCTIONAL PASS: industrial multiblock has exactly one controller and inventory: REFINERY / north
[17:08:35] [Server thread/INFO] (SNC Energies) FUNCTIONAL PASS: industrial removal returns one machine and exact inventory: REFINERY / north
[17:08:35] [Server thread/INFO] (SNC Energies) FUNCTIONAL PASS: industrial footprint rejects obstruction: REFINERY / east
[17:08:35] [Server thread/INFO] (SNC Energies) FUNCTIONAL PASS: industrial multiblock has exactly one controller and inventory: REFINERY / east
[17:08:35] [Server thread/INFO] (SNC Energies) FUNCTIONAL PASS: industrial removal returns one machine and exact inventory: REFINERY / east
[17:08:35] [Server thread/INFO] (SNC Energies) FUNCTIONAL PASS: industrial footprint rejects obstruction: REFINERY / south
[17:08:35] [Server thread/INFO] (SNC Energies) FUNCTIONAL PASS: industrial multiblock has exactly one controller and inventory: REFINERY / south
[17:08:35] [Server thread/INFO] (SNC Energies) FUNCTIONAL PASS: industrial removal returns one machine and exact inventory: REFINERY / south
[17:08:35] [Server thread/INFO] (SNC Energies) FUNCTIONAL PASS: industrial footprint rejects obstruction: REFINERY / west
[17:08:35] [Server thread/INFO] (SNC Energies) FUNCTIONAL PASS: industrial multiblock has exactly one controller and inventory: REFINERY / west
[17:08:35] [Server thread/INFO] (SNC Energies) FUNCTIONAL PASS: industrial removal returns one machine and exact inventory: REFINERY / west
[17:08:35] [Server thread/INFO] (SNC Energies) FUNCTIONAL PASS: industrial footprint rejects obstruction: SYNTHESIZER / north
[17:08:35] [Server thread/INFO] (SNC Energies) FUNCTIONAL PASS: industrial multiblock has exactly one controller and inventory: SYNTHESIZER / north
[17:08:35] [Server thread/INFO] (SNC Energies) FUNCTIONAL PASS: industrial removal returns one machine and exact inventory: SYNTHESIZER / north
[17:08:35] [Server thread/INFO] (SNC Energies) FUNCTIONAL PASS: industrial footprint rejects obstruction: SYNTHESIZER / east
[17:08:35] [Server thread/INFO] (SNC Energies) FUNCTIONAL PASS: industrial multiblock has exactly one controller and inventory: SYNTHESIZER / east
[17:08:35] [Server thread/INFO] (SNC Energies) FUNCTIONAL PASS: industrial removal returns one machine and exact inventory: SYNTHESIZER / east
[17:08:35] [Server thread/INFO] (SNC Energies) FUNCTIONAL PASS: industrial footprint rejects obstruction: SYNTHESIZER / south
[17:08:35] [Server thread/INFO] (SNC Energies) FUNCTIONAL PASS: industrial multiblock has exactly one controller and inventory: SYNTHESIZER / south
[17:08:35] [Server thread/INFO] (SNC Energies) FUNCTIONAL PASS: industrial removal returns one machine and exact inventory: SYNTHESIZER / south
[17:08:35] [Server thread/INFO] (SNC Energies) FUNCTIONAL PASS: industrial footprint rejects obstruction: SYNTHESIZER / west
[17:08:35] [Server thread/INFO] (SNC Energies) FUNCTIONAL PASS: industrial multiblock has exactly one controller and inventory: SYNTHESIZER / west
[17:08:35] [Server thread/INFO] (SNC Energies) FUNCTIONAL PASS: industrial removal returns one machine and exact inventory: SYNTHESIZER / west
[17:08:35] [Server thread/INFO] (SNC Energies) FUNCTIONAL PASS: industrial footprint rejects obstruction: COMPACTOR / north
[17:08:35] [Server thread/INFO] (SNC Energies) FUNCTIONAL PASS: industrial multiblock has exactly one controller and inventory: COMPACTOR / north
[17:08:35] [Server thread/INFO] (SNC Energies) FUNCTIONAL PASS: industrial removal returns one machine and exact inventory: COMPACTOR / north
[17:08:35] [Server thread/INFO] (SNC Energies) FUNCTIONAL PASS: industrial footprint rejects obstruction: COMPACTOR / east
[17:08:35] [Server thread/INFO] (SNC Energies) FUNCTIONAL PASS: industrial multiblock has exactly one controller and inventory: COMPACTOR / east
[17:08:35] [Server thread/INFO] (SNC Energies) FUNCTIONAL PASS: industrial removal returns one machine and exact inventory: COMPACTOR / east
[17:08:35] [Server thread/INFO] (SNC Energies) FUNCTIONAL PASS: industrial footprint rejects obstruction: COMPACTOR / south
[17:08:35] [Server thread/INFO] (SNC Energies) FUNCTIONAL PASS: industrial multiblock has exactly one controller and inventory: COMPACTOR / south
[17:08:35] [Server thread/INFO] (SNC Energies) FUNCTIONAL PASS: industrial removal returns one machine and exact inventory: COMPACTOR / south
[17:08:35] [Server thread/INFO] (SNC Energies) FUNCTIONAL PASS: industrial footprint rejects obstruction: COMPACTOR / west
[17:08:35] [Server thread/INFO] (SNC Energies) FUNCTIONAL PASS: industrial multiblock has exactly one controller and inventory: COMPACTOR / west
[17:08:35] [Server thread/INFO] (SNC Energies) FUNCTIONAL PASS: industrial removal returns one machine and exact inventory: COMPACTOR / west
[17:08:35] [Server thread/INFO] (SNC Energies) FUNCTIONAL PASS: dry boiler consumes neither fuel nor water
[17:08:35] [Server thread/INFO] (SNC Energies) FUNCTIONAL PASS: boiler conserves two water buckets, fuel and 16000 mB steam
[17:08:35] [Server thread/INFO] (SNC Energies) FUNCTIONAL PASS: full boiler pauses fuel consumption safely
[17:08:35] [Server thread/INFO] (SNC Energies) FUNCTIONAL PASS: boiler fluids and bucket inventory survive persistence
[17:08:35] [Server thread/INFO] (SNC Energies) FUNCTIONAL PASS: steam network conserves a bounded transfer across two ducts
[17:08:35] [Server thread/INFO] (SNC Energies) FUNCTIONAL PASS: steam ducts have no electric cable entities or per-pipe ticks
[17:08:35] [Server thread/INFO] (SNC Energies) FUNCTIONAL PASS: steam insertion rejects overflow and negative amounts
[17:08:35] [Server thread/INFO] (SNC Energies) FUNCTIONAL PASS: full consumer cannot delete or duplicate source steam
[17:08:35] [Server thread/INFO] (SNC Energies) FUNCTIONAL PASS: turbine converts 8000 mB into exactly 8000 E and cannot accept back-fed power
[17:08:35] [Server thread/INFO] (SNC Energies) FUNCTIONAL PASS: blocked output prevents all processing: wood_0
[17:08:35] [Server thread/INFO] (SNC Energies) FUNCTIONAL PASS: industrial partial batch survives save/load: wood_0
[17:08:35] [Server thread/INFO] (SNC Energies) FUNCTIONAL PASS: industrial recipe conserves inputs, outputs and operating cost: wood_0
[17:08:35] [Server thread/INFO] (SNC Energies) FUNCTIONAL PASS: reagent consumption matches recipe contract: wood_0
[17:08:35] [Server thread/INFO] (SNC Energies) FUNCTIONAL PASS: blocked output prevents all processing: wood_1
[17:08:35] [Server thread/INFO] (SNC Energies) FUNCTIONAL PASS: industrial partial batch survives save/load: wood_1
[17:08:35] [Server thread/INFO] (SNC Energies) FUNCTIONAL PASS: industrial recipe conserves inputs, outputs and operating cost: wood_1
[17:08:35] [Server thread/INFO] (SNC Energies) FUNCTIONAL PASS: reagent consumption matches recipe contract: wood_1
[17:08:35] [Server thread/INFO] (SNC Energies) FUNCTIONAL PASS: blocked output prevents all processing: wood_2
[17:08:35] [Server thread/INFO] (SNC Energies) FUNCTIONAL PASS: industrial partial batch survives save/load: wood_2
[17:08:35] [Server thread/INFO] (SNC Energies) FUNCTIONAL PASS: industrial recipe conserves inputs, outputs and operating cost: wood_2
[17:08:35] [Server thread/INFO] (SNC Energies) FUNCTIONAL PASS: reagent consumption matches recipe contract: wood_2
[17:08:35] [Server thread/INFO] (SNC Energies) FUNCTIONAL PASS: blocked output prevents all processing: wood_3
[17:08:35] [Server thread/INFO] (SNC Energies) FUNCTIONAL PASS: industrial partial batch survives save/load: wood_3
[17:08:35] [Server thread/INFO] (SNC Energies) FUNCTIONAL PASS: industrial recipe conserves inputs, outputs and operating cost: wood_3
[17:08:35] [Server thread/INFO] (SNC Energies) FUNCTIONAL PASS: reagent consumption matches recipe contract: wood_3
[17:08:35] [Server thread/INFO] (SNC Energies) FUNCTIONAL PASS: blocked output prevents all processing: wood_4
[17:08:35] [Server thread/INFO] (SNC Energies) FUNCTIONAL PASS: industrial partial batch survives save/load: wood_4
[17:08:35] [Server thread/INFO] (SNC Energies) FUNCTIONAL PASS: industrial recipe conserves inputs, outputs and operating cost: wood_4
[17:08:35] [Server thread/INFO] (SNC Energies) FUNCTIONAL PASS: reagent consumption matches recipe contract: wood_4
[17:08:35] [Server thread/INFO] (SNC Energies) FUNCTIONAL PASS: blocked output prevents all processing: wood_5
[17:08:35] [Server thread/INFO] (SNC Energies) FUNCTIONAL PASS: industrial partial batch survives save/load: wood_5
[17:08:35] [Server thread/INFO] (SNC Energies) FUNCTIONAL PASS: industrial recipe conserves inputs, outputs and operating cost: wood_5
[17:08:35] [Server thread/INFO] (SNC Energies) FUNCTIONAL PASS: reagent consumption matches recipe contract: wood_5
[17:08:35] [Server thread/INFO] (SNC Energies) FUNCTIONAL PASS: blocked output prevents all processing: wood_6
[17:08:35] [Server thread/INFO] (SNC Energies) FUNCTIONAL PASS: industrial partial batch survives save/load: wood_6
[17:08:35] [Server thread/INFO] (SNC Energies) FUNCTIONAL PASS: industrial recipe conserves inputs, outputs and operating cost: wood_6
[17:08:35] [Server thread/INFO] (SNC Energies) FUNCTIONAL PASS: reagent consumption matches recipe contract: wood_6
[17:08:35] [Server thread/INFO] (SNC Energies) FUNCTIONAL PASS: blocked output prevents all processing: wood_7
[17:08:35] [Server thread/INFO] (SNC Energies) FUNCTIONAL PASS: industrial partial batch survives save/load: wood_7
[17:08:35] [Server thread/INFO] (SNC Energies) FUNCTIONAL PASS: industrial recipe conserves inputs, outputs and operating cost: wood_7
[17:08:35] [Server thread/INFO] (SNC Energies) FUNCTIONAL PASS: reagent consumption matches recipe contract: wood_7
[17:08:35] [Server thread/INFO] (SNC Energies) FUNCTIONAL PASS: blocked output prevents all processing: steel_minecraft:coal
[17:08:35] [Server thread/INFO] (SNC Energies) FUNCTIONAL PASS: industrial partial batch survives save/load: steel_minecraft:coal
[17:08:35] [Server thread/INFO] (SNC Energies) FUNCTIONAL PASS: industrial recipe conserves inputs, outputs and operating cost: steel_minecraft:coal
[17:08:35] [Server thread/INFO] (SNC Energies) FUNCTIONAL PASS: reagent consumption matches recipe contract: steel_minecraft:coal
[17:08:35] [Server thread/INFO] (SNC Energies) FUNCTIONAL PASS: blocked output prevents all processing: steel_minecraft:charcoal
[17:08:35] [Server thread/INFO] (SNC Energies) FUNCTIONAL PASS: industrial partial batch survives save/load: steel_minecraft:charcoal
[17:08:35] [Server thread/INFO] (SNC Energies) FUNCTIONAL PASS: industrial recipe conserves inputs, outputs and operating cost: steel_minecraft:charcoal
[17:08:35] [Server thread/INFO] (SNC Energies) FUNCTIONAL PASS: reagent consumption matches recipe contract: steel_minecraft:charcoal
[17:08:35] [Server thread/INFO] (SNC Energies) FUNCTIONAL PASS: blocked output prevents all processing: steel_plate
[17:08:35] [Server thread/INFO] (SNC Energies) FUNCTIONAL PASS: industrial partial batch survives save/load: steel_plate
[17:08:35] [Server thread/INFO] (SNC Energies) FUNCTIONAL PASS: industrial recipe conserves inputs, outputs and operating cost: steel_plate
[17:08:35] [Server thread/INFO] (SNC Energies) FUNCTIONAL PASS: reagent consumption matches recipe contract: steel_plate
[17:08:35] [Server thread/INFO] (SNC Energies) FUNCTIONAL PASS: blocked output prevents all processing: copper_wire
[17:08:35] [Server thread/INFO] (SNC Energies) FUNCTIONAL PASS: industrial partial batch survives save/load: copper_wire
[17:08:35] [Server thread/INFO] (SNC Energies) FUNCTIONAL PASS: industrial recipe conserves inputs, outputs and operating cost: copper_wire
[17:08:35] [Server thread/INFO] (SNC Energies) FUNCTIONAL PASS: reagent consumption matches recipe contract: copper_wire
[17:08:35] [Server thread/INFO] (SNC Energies) FUNCTIONAL PASS: blocked output prevents all processing: rice_batch
[17:08:35] [Server thread/INFO] (SNC Energies) FUNCTIONAL PASS: industrial partial batch survives save/load: rice_batch
[17:08:35] [Server thread/INFO] (SNC Energies) FUNCTIONAL PASS: industrial recipe conserves inputs, outputs and operating cost: rice_batch
[17:08:35] [Server thread/INFO] (SNC Energies) FUNCTIONAL PASS: reagent consumption matches recipe contract: rice_batch
[17:08:35] [Server thread/INFO] (SNC Energies) FUNCTIONAL PASS: blocked output prevents all processing: mate_batch
[17:08:35] [Server thread/INFO] (SNC Energies) FUNCTIONAL PASS: industrial partial batch survives save/load: mate_batch
[17:08:35] [Server thread/INFO] (SNC Energies) FUNCTIONAL PASS: industrial recipe conserves inputs, outputs and operating cost: mate_batch
[17:08:35] [Server thread/INFO] (SNC Energies) FUNCTIONAL PASS: reagent consumption matches recipe contract: mate_batch
[17:08:35] [Server thread/INFO] (SNC Energies) FUNCTIONAL PASS: blocked output prevents all processing: insulation
[17:08:35] [Server thread/INFO] (SNC Energies) FUNCTIONAL PASS: industrial partial batch survives save/load: insulation
[17:08:35] [Server thread/INFO] (SNC Energies) FUNCTIONAL PASS: industrial recipe conserves inputs, outputs and operating cost: insulation
[17:08:35] [Server thread/INFO] (SNC Energies) FUNCTIONAL PASS: reagent consumption matches recipe contract: insulation
[17:08:35] [Server thread/INFO] (SNC Energies) FUNCTIONAL PASS: blocked output prevents all processing: oil_batch
[17:08:35] [Server thread/INFO] (SNC Energies) FUNCTIONAL PASS: industrial partial batch survives save/load: oil_batch
[17:08:35] [Server thread/INFO] (SNC Energies) FUNCTIONAL PASS: industrial recipe conserves inputs, outputs and operating cost: oil_batch
[17:08:35] [Server thread/INFO] (SNC Energies) FUNCTIONAL PASS: reagent consumption matches recipe contract: oil_batch
[17:08:35] [Server thread/INFO] (SNC Energies) FUNCTIONAL PASS: blocked output prevents all processing: refined_voltaite
[17:08:35] [Server thread/INFO] (SNC Energies) FUNCTIONAL PASS: industrial partial batch survives save/load: refined_voltaite
[17:08:35] [Server thread/INFO] (SNC Energies) FUNCTIONAL PASS: industrial recipe conserves inputs, outputs and operating cost: refined_voltaite
[17:08:35] [Server thread/INFO] (SNC Energies) FUNCTIONAL PASS: reagent consumption matches recipe contract: refined_voltaite
[17:08:35] [Server thread/INFO] (SNC Energies) FUNCTIONAL PASS: blocked output prevents all processing: mineral_matrix
[17:08:35] [Server thread/INFO] (SNC Energies) FUNCTIONAL PASS: industrial partial batch survives save/load: mineral_matrix
[17:08:35] [Server thread/INFO] (SNC Energies) FUNCTIONAL PASS: industrial recipe conserves inputs, outputs and operating cost: mineral_matrix
[17:08:35] [Server thread/INFO] (SNC Energies) FUNCTIONAL PASS: reagent consumption matches recipe contract: mineral_matrix
[17:08:35] [Server thread/INFO] (SNC Energies) FUNCTIONAL PASS: blocked output prevents all processing: synthesis_minecraft:raw_iron
[17:08:35] [Server thread/INFO] (SNC Energies) FUNCTIONAL PASS: industrial partial batch survives save/load: synthesis_minecraft:raw_iron
[17:08:35] [Server thread/INFO] (SNC Energies) FUNCTIONAL PASS: industrial recipe conserves inputs, outputs and operating cost: synthesis_minecraft:raw_iron
[17:08:35] [Server thread/INFO] (SNC Energies) FUNCTIONAL PASS: reagent consumption matches recipe contract: synthesis_minecraft:raw_iron
[17:08:35] [Server thread/INFO] (SNC Energies) FUNCTIONAL PASS: blocked output prevents all processing: synthesis_minecraft:raw_copper
[17:08:35] [Server thread/INFO] (SNC Energies) FUNCTIONAL PASS: industrial partial batch survives save/load: synthesis_minecraft:raw_copper
[17:08:35] [Server thread/INFO] (SNC Energies) FUNCTIONAL PASS: industrial recipe conserves inputs, outputs and operating cost: synthesis_minecraft:raw_copper
[17:08:35] [Server thread/INFO] (SNC Energies) FUNCTIONAL PASS: reagent consumption matches recipe contract: synthesis_minecraft:raw_copper
[17:08:35] [Server thread/INFO] (SNC Energies) FUNCTIONAL PASS: blocked output prevents all processing: synthesis_minecraft:raw_gold
[17:08:35] [Server thread/INFO] (SNC Energies) FUNCTIONAL PASS: industrial partial batch survives save/load: synthesis_minecraft:raw_gold
[17:08:35] [Server thread/INFO] (SNC Energies) FUNCTIONAL PASS: industrial recipe conserves inputs, outputs and operating cost: synthesis_minecraft:raw_gold
[17:08:35] [Server thread/INFO] (SNC Energies) FUNCTIONAL PASS: reagent consumption matches recipe contract: synthesis_minecraft:raw_gold
[17:08:35] [Server thread/INFO] (SNC Energies) FUNCTIONAL PASS: blocked output prevents all processing: synthesis_snc_energies:raw_tin
[17:08:35] [Server thread/INFO] (SNC Energies) FUNCTIONAL PASS: industrial partial batch survives save/load: synthesis_snc_energies:raw_tin
[17:08:35] [Server thread/INFO] (SNC Energies) FUNCTIONAL PASS: industrial recipe conserves inputs, outputs and operating cost: synthesis_snc_energies:raw_tin
[17:08:35] [Server thread/INFO] (SNC Energies) FUNCTIONAL PASS: reagent consumption matches recipe contract: synthesis_snc_energies:raw_tin
[17:08:35] [Server thread/INFO] (SNC Energies) FUNCTIONAL PASS: blocked output prevents all processing: synthesis_snc_energies:raw_voltaite
[17:08:35] [Server thread/INFO] (SNC Energies) FUNCTIONAL PASS: industrial partial batch survives save/load: synthesis_snc_energies:raw_voltaite
[17:08:35] [Server thread/INFO] (SNC Energies) FUNCTIONAL PASS: industrial recipe conserves inputs, outputs and operating cost: synthesis_snc_energies:raw_voltaite
[17:08:35] [Server thread/INFO] (SNC Energies) FUNCTIONAL PASS: reagent consumption matches recipe contract: synthesis_snc_energies:raw_voltaite
[17:08:35] [Server thread/INFO] (SNC Energies) FUNCTIONAL PASS: blocked output prevents all processing: hay_block
[17:08:35] [Server thread/INFO] (SNC Energies) FUNCTIONAL PASS: industrial partial batch survives save/load: hay_block
[17:08:35] [Server thread/INFO] (SNC Energies) FUNCTIONAL PASS: industrial recipe conserves inputs, outputs and operating cost: hay_block
[17:08:35] [Server thread/INFO] (SNC Energies) FUNCTIONAL PASS: reagent consumption matches recipe contract: hay_block
[17:08:35] [Server thread/INFO] (SNC Energies) FUNCTIONAL PASS: blocked output prevents all processing: hay_block_rice
[17:08:35] [Server thread/INFO] (SNC Energies) FUNCTIONAL PASS: industrial partial batch survives save/load: hay_block_rice
[17:08:35] [Server thread/INFO] (SNC Energies) FUNCTIONAL PASS: industrial recipe conserves inputs, outputs and operating cost: hay_block_rice
[17:08:35] [Server thread/INFO] (SNC Energies) FUNCTIONAL PASS: reagent consumption matches recipe contract: hay_block_rice
[17:08:35] [Server thread/INFO] (SNC Energies) FUNCTIONAL PASS: blocked output prevents all processing: bone_block
[17:08:35] [Server thread/INFO] (SNC Energies) FUNCTIONAL PASS: industrial partial batch survives save/load: bone_block
[17:08:35] [Server thread/INFO] (SNC Energies) FUNCTIONAL PASS: industrial recipe conserves inputs, outputs and operating cost: bone_block
[17:08:35] [Server thread/INFO] (SNC Energies) FUNCTIONAL PASS: reagent consumption matches recipe contract: bone_block
[17:08:35] [Server thread/INFO] (SNC Energies) FUNCTIONAL PASS: blocked output prevents all processing: rice_husk_bale
[17:08:35] [Server thread/INFO] (SNC Energies) FUNCTIONAL PASS: industrial partial batch survives save/load: rice_husk_bale
[17:08:35] [Server thread/INFO] (SNC Energies) FUNCTIONAL PASS: industrial recipe conserves inputs, outputs and operating cost: rice_husk_bale
[17:08:35] [Server thread/INFO] (SNC Energies) FUNCTIONAL PASS: reagent consumption matches recipe contract: rice_husk_bale
[17:08:35] [Server thread/INFO] (SNC Energies) FUNCTIONAL PASS: blocked output prevents all processing: sawdust_briquette_batch
[17:08:35] [Server thread/INFO] (SNC Energies) FUNCTIONAL PASS: industrial partial batch survives save/load: sawdust_briquette_batch
[17:08:35] [Server thread/INFO] (SNC Energies) FUNCTIONAL PASS: industrial recipe conserves inputs, outputs and operating cost: sawdust_briquette_batch
[17:08:35] [Server thread/INFO] (SNC Energies) FUNCTIONAL PASS: reagent consumption matches recipe contract: sawdust_briquette_batch
[17:08:35] [Server thread/INFO] (SNC Energies) FUNCTIONAL PASS: blocked output prevents all processing: soy_meal_bale
[17:08:35] [Server thread/INFO] (SNC Energies) FUNCTIONAL PASS: industrial partial batch survives save/load: soy_meal_bale
[17:08:35] [Server thread/INFO] (SNC Energies) FUNCTIONAL PASS: industrial recipe conserves inputs, outputs and operating cost: soy_meal_bale
[17:08:35] [Server thread/INFO] (SNC Energies) FUNCTIONAL PASS: reagent consumption matches recipe contract: soy_meal_bale
[17:08:35] [Server thread/INFO] (SNC Energies) FUNCTIONAL PASS: blocked output prevents all processing: sugar_to_cake_base
[17:08:35] [Server thread/INFO] (SNC Energies) FUNCTIONAL PASS: industrial partial batch survives save/load: sugar_to_cake_base
[17:08:35] [Server thread/INFO] (SNC Energies) FUNCTIONAL PASS: industrial recipe conserves inputs, outputs and operating cost: sugar_to_cake_base
[17:08:35] [Server thread/INFO] (SNC Energies) FUNCTIONAL PASS: reagent consumption matches recipe contract: sugar_to_cake_base
[17:08:35] [Server thread/INFO] (SNC Energies) FUNCTIONAL PASS: duct network delivers one raw iron into a furnace input without loss or duplication
[17:08:35] [Server thread/INFO] (SNC Energies) FUNCTIONAL PASS: duct buffer exposes standard hopper windows on every face
[17:08:35] [Server thread/INFO] (SNC Energies) FUNCTIONAL PASS: duct holding an item rejects further insertion
[17:08:35] [Server thread/INFO] (SNC Energies) FUNCTIONAL PASS: blocked network parks the item in a duct without merging, ejecting or destroying it
[17:08:35] [Server thread/INFO] (SNC Energies) FUNCTIONAL PASS: parked item resumes delivery once the destination accepts again
[17:08:35] [Server thread/INFO] (SNC Energies) FUNCTIONAL PASS: furnace produces before suction check
[17:08:35] [Server thread/INFO] (SNC Energies) FUNCTIONAL PASS: empty duct pulls a finished ingot out of a machine output
[17:08:35] [Server thread/INFO] (SNC Energies) FUNCTIONAL PASS: industrial anchor hosts the controller cell
[17:08:35] [Server thread/INFO] (SNC Energies) FUNCTIONAL PASS: industrial outputs extract only downwards
[17:08:35] [Server thread/INFO] (SNC Energies) FUNCTIONAL PASS: side and top faces offer insertion windows without extraction
[17:08:35] [Server thread/INFO] (SNC Energies) FUNCTIONAL PASS: duct suction removes exactly one plate per step from an industrial output
[17:08:35] [Server thread/INFO] (SNC Energies) FUNCTIONAL PASS: machines default to always-on operation
[17:08:35] [Server thread/INFO] (SNC Energies) FUNCTIONAL PASS: panel toggle switches to redstone mode
[17:08:35] [Server thread/INFO] (SNC Energies) FUNCTIONAL PASS: redstone mode without signal reports the gate status
[17:08:35] [Server thread/INFO] (SNC Energies) FUNCTIONAL PASS: redstone power starts processing
[17:08:35] [Server thread/INFO] (SNC Energies) FUNCTIONAL PASS: in-flight batch completes after the signal drops
[17:08:35] [Server thread/INFO] (SNC Energies) FUNCTIONAL PASS: no new batch starts while unpowered; inputs and gate state are preserved
[17:08:35] [Server thread/INFO] (SNC Energies) FUNCTIONAL PASS: run mode survives persistence
[17:08:35] [Server thread/INFO] (SNC Energies) FUNCTIONAL PASS: gate test machine remains the single controller
[17:08:35] [Server thread/INFO] (SNC Energies) FUNCTIONAL PASS: default face modes keep the 0.2.0 contract: outputs below, inputs elsewhere
[17:08:35] [Server thread/INFO] (SNC Energies) FUNCTIONAL PASS: default windows: extraction only below, insertion above and beside
[17:08:35] [Server thread/INFO] (SNC Energies) FUNCTIONAL PASS: screwdriver reconfigures the front face to output only
[17:08:35] [Server thread/INFO] (SNC Energies) FUNCTIONAL PASS: second cycle turns the front face into a both-ways window
[17:08:35] [Server thread/INFO] (SNC Energies) FUNCTIONAL PASS: screwdriver cycles through to the inverted redstone mode
[17:08:35] [Server thread/INFO] (SNC Energies) FUNCTIONAL PASS: inverted mode runs while unpowered
[17:08:35] [Server thread/INFO] (SNC Energies) FUNCTIONAL PASS: power halts an inverted machine with the new gate status without losing progress
[17:08:35] [Server thread/INFO] (SNC Energies) FUNCTIONAL PASS: inverted machine resumes once the signal drops
[17:08:35] [Server thread/INFO] (SNC Energies) FUNCTIONAL PASS: face modes and the inverted mode persist across save and load
[17:08:35] [Server thread/INFO] (SNC Energies) FUNCTIONAL PASS: empty whitelist lets every item into the duct
[17:08:35] [Server thread/INFO] (SNC Energies) FUNCTIONAL PASS: whitelist admits only listed items through the insertion windows
[17:08:35] [Server thread/INFO] (SNC Energies) FUNCTIONAL PASS: whitelist blocks suction of an unlisted machine output
[17:08:35] [Server thread/INFO] (SNC Energies) FUNCTIONAL PASS: whitelisted output leaves the machine window without loss
[17:08:35] [Server thread/INFO] (SNC Energies) FUNCTIONAL PASS: filter persists across save and load
[17:08:35] [Server thread/INFO] (SNC Energies) FUNCTIONAL PASS: clearing the whitelist restores universal acceptance
[17:08:35] [Server thread/INFO] (SNC Energies) FUNCTIONAL PASS: shelf and anchor block entities load
[17:08:35] [Server thread/INFO] (SNC Energies) FUNCTIONAL PASS: beverage shelf bound to the beverage catalog line
[17:08:35] [Server thread/INFO] (SNC Energies) FUNCTIONAL PASS: anchor spawns the Mercajeiro on the counter post
[17:08:35] [Server thread/INFO] (SNC Energies) FUNCTIONAL PASS: Mercajeiro is bound to the market post
[17:08:35] [Server thread/INFO] (SNC Energies) Mercadão catalog ready: 8 offers (0 from Adventures)
[17:08:35] [Server thread/INFO] (SNC Energies) FUNCTIONAL PASS: menu exposes ten counter positions
[17:08:35] [Server thread/INFO] (SNC Energies) FUNCTIONAL PASS: out-of-catalog position is rejected by the server menu
[17:08:35] [Server thread/INFO] (SNC Energies) FUNCTIONAL PASS: standalone profile refuses the sale (no wallet, no second economy)
[17:08:35] [Server thread/INFO] (SNC Energies) SNC Adventures absent; Mercadão runs without wallet purchases
[17:08:35] [Server thread/INFO] (SNC Energies) FUNCTIONAL PASS: no balance exists when Adventures is absent
[17:08:35] [Server thread/INFO] (SNC Energies) FUNCTIONAL PASS: Mercajeiro click opens the purchase menu
[17:08:35] [Server thread/INFO] (SNC Energies) MercadaoFunctionalTest OK
[17:08:35] [Server thread/INFO] (SNC Energies) FUNCTIONAL PASS: tractor exposes its supply panel menu
[17:08:35] [Server thread/INFO] (SNC Energies) FUNCTIONAL PASS: seed slots accept regional and vanilla seeds only
[17:08:35] [Server thread/INFO] (SNC Energies) FUNCTIONAL PASS: engine refuses to start on an empty oil tank
[17:08:35] [Server thread/INFO] (SNC Energies) FUNCTIONAL PASS: engine starts with oil available
[17:08:35] [Server thread/INFO] (SNC Energies) FUNCTIONAL PASS: engine toggles off through the same button
[17:08:35] [Server thread/INFO] (SNC Energies) FUNCTIONAL PASS: one seed spent per planted row position (three rows, one occupied)
[17:08:35] [Server thread/INFO] (SNC Energies) FUNCTIONAL PASS: existing crop is never replaced by the planter
[17:08:35] [Server thread/INFO] (SNC Energies) FUNCTIONAL PASS: centre row plants wheat ahead of the tractor
[17:08:35] [Server thread/INFO] (SNC Energies) FUNCTIONAL PASS: left row plants soybeans from its own tank
[17:08:35] [Server thread/INFO] (SNC Energies) FUNCTIONAL PASS: right row plants wheat from its own tank
[17:08:35] [Server thread/INFO] (SNC Energies) FUNCTIONAL PASS: lift command synchronizes to the renderer state
[17:08:35] [Server thread/INFO] (SNC Energies) FUNCTIONAL PASS: raised planter spends no seeds
[17:08:35] [Server thread/INFO] (SNC Energies) FUNCTIONAL PASS: driving with the engine on burns exactly one oil tick
[17:08:35] [Server thread/INFO] (SNC Energies) FUNCTIONAL PASS: occupied positions across all rows spend no seeds
[17:08:35] [Server thread/INFO] (SNC Energies) FUNCTIONAL PASS: panel ignition button toggles the engine
[17:08:35] [Server thread/INFO] (SNC Energies) FUNCTIONAL PASS: implement starts unattached
[17:08:35] [Server thread/INFO] (SNC Energies) FUNCTIONAL PASS: hitch couples the parked implement
[17:08:35] [Server thread/INFO] (SNC Energies) FUNCTIONAL PASS: second hitch is refused while one implement is coupled
[17:08:35] [Server thread/INFO] (SNC Energies) FUNCTIONAL PASS: engine starts for the hitch pass
[17:08:35] [Server thread/INFO] (SNC Energies) FUNCTIONAL PASS: attached implement spends its own seeds (welded origin, occupied column skipped)
[17:08:35] [Server thread/INFO] (SNC Energies) FUNCTIONAL PASS: left row plants the implement's own wheat seeds
[17:08:35] [Server thread/INFO] (SNC Energies) FUNCTIONAL PASS: right row plants the implement's own soybean seeds
[17:08:35] [Server thread/INFO] (SNC Energies) FUNCTIONAL PASS: occupied centre cell is never replaced by the implement
[17:08:35] [Server thread/INFO] (SNC Energies) FUNCTIONAL PASS: implement rides welded at the tractor's rear hitch
[17:08:35] [Server thread/INFO] (SNC Energies) FUNCTIONAL PASS: implement mirrors working and lift state
[17:08:35] [Server thread/INFO] (SNC Energies) FUNCTIONAL PASS: hitch uncouples the implement
[17:08:35] [Server thread/INFO] (SNC Energies) FUNCTIONAL PASS: detached implement parks its mechanisms
[17:08:35] [Server thread/INFO] (SNC Energies) FUNCTIONAL PASS: detached implement keeps its remaining seeds
[17:08:35] [Server thread/INFO] (SNC Energies) FUNCTIONAL PASS: implement menu contract persists after detach
[17:08:35] [Server thread/INFO] (SNC Energies) FUNCTIONAL PASS: implement exposes its own tank menu
[17:08:35] [Server thread/INFO] (SNC Energies) FUNCTIONAL PASS: harvester exposes its supply panel menu
[17:08:35] [Server thread/INFO] (SNC Energies) FUNCTIONAL PASS: harvester refuses to start on an empty oil tank
[17:08:35] [Server thread/INFO] (SNC Energies) FUNCTIONAL PASS: harvester starts with oil available
[17:08:35] [Server thread/INFO] (SNC Energies) FUNCTIONAL PASS: every mature wheat plant in the sweep lands in the tank
[17:08:35] [Server thread/INFO] (SNC Energies) FUNCTIONAL PASS: mature carrots yield their roots into the tank
[17:08:35] [Server thread/INFO] (SNC Energies) FUNCTIONAL PASS: immature crops are never cut
[17:08:35] [Server thread/INFO] (SNC Energies) FUNCTIONAL PASS: cut crops reset to freshly planted for the next cycle
[17:08:35] [Server thread/INFO] (SNC Energies) FUNCTIONAL PASS: full tank spends nothing: crops stay standing
[17:08:35] [Server thread/INFO] (SNC Energies) FUNCTIONAL PASS: standing crops survive a full-tank pass
[17:08:35] [Server thread/INFO] (SNC Energies) FUNCTIONAL PASS: header lift toggles through the panel command
[17:08:35] [Server thread/INFO] (SNC Energies) FUNCTIONAL PASS: raised header harvests nothing
[17:08:35] [Server thread/INFO] (SNC Energies) FUNCTIONAL PASS: a work portion burns exactly one oil item with the header raised
[17:08:35] [Server thread/INFO] (SNC Energies) FUNCTIONAL PASS: oil exhaustion stops the engine silently
[17:08:35] [Server thread/INFO] (SNC Energies) FUNCTIONAL PASS: engine refuses to restart without oil
[17:08:35] [Server thread/INFO] (SNC Energies) FUNCTIONAL PASS: dead engine stops the oil drain
[17:08:35] [Server thread/INFO] (SNC Energies) FUNCTIONAL PASS: panel ignition button toggles the harvester
[17:08:35] [Server thread/INFO] (SNC Energies) FUNCTIONAL PASS: removal drops the tank contents before the entity is gone
[17:08:35] [Server thread/INFO] (SNC Energies) FUNCTIONAL PASS: compactor installs as a standard industrial multiblock
[17:08:35] [Server thread/INFO] (SNC Energies) FUNCTIONAL PASS: compactor starts a batch: hay_block
[17:08:35] [Server thread/INFO] (SNC Energies) FUNCTIONAL PASS: compactor recipe conserves inputs, output and energy: hay_block
[17:08:35] [Server thread/INFO] (SNC Energies) FUNCTIONAL PASS: compactor starts a batch: hay_block_rice
[17:08:35] [Server thread/INFO] (SNC Energies) FUNCTIONAL PASS: compactor recipe conserves inputs, output and energy: hay_block_rice
[17:08:35] [Server thread/INFO] (SNC Energies) FUNCTIONAL PASS: compactor starts a batch: bone_block
[17:08:35] [Server thread/INFO] (SNC Energies) FUNCTIONAL PASS: compactor recipe conserves inputs, output and energy: bone_block
[17:08:35] [Server thread/INFO] (SNC Energies) FUNCTIONAL PASS: compactor starts a batch: rice_husk_bale
[17:08:35] [Server thread/INFO] (SNC Energies) FUNCTIONAL PASS: compactor recipe conserves inputs, output and energy: rice_husk_bale
[17:08:35] [Server thread/INFO] (SNC Energies) FUNCTIONAL PASS: compactor starts a batch: sawdust_briquette_batch
[17:08:35] [Server thread/INFO] (SNC Energies) FUNCTIONAL PASS: compactor recipe conserves inputs, output and energy: sawdust_briquette_batch
[17:08:35] [Server thread/INFO] (SNC Energies) FUNCTIONAL PASS: compactor starts a batch: soy_meal_bale
[17:08:35] [Server thread/INFO] (SNC Energies) FUNCTIONAL PASS: compactor recipe conserves inputs, output and energy: soy_meal_bale
[17:08:35] [Server thread/INFO] (SNC Energies) FUNCTIONAL PASS: compactor starts a batch: sugar_to_cake_base
[17:08:35] [Server thread/INFO] (SNC Energies) FUNCTIONAL PASS: compactor recipe conserves inputs, output and energy: sugar_to_cake_base
[17:08:35] [Server thread/INFO] (SNC Energies) FUNCTIONAL PASS: compactor exposes the seven agroindustrial batch recipes
[17:08:35] [Server thread/INFO] (SNC Energies) FUNCTIONAL PASS: silo builds the twelve-cell ring without orientation
[17:08:35] [Server thread/INFO] (SNC Energies) FUNCTIONAL PASS: every silo cell resolves to the single controller
[17:08:35] [Server thread/INFO] (SNC Energies) FUNCTIONAL PASS: bulk deposit caps a row at 16384
[17:08:35] [Server thread/INFO] (SNC Energies) FUNCTIONAL PASS: rows absorb the intake buffer and feed the extraction buffer
[17:08:35] [Server thread/INFO] (SNC Energies) FUNCTIONAL PASS: a second crop lands on its own row and never leaves through the full wheat buffer
[17:08:35] [Server thread/INFO] (SNC Energies) FUNCTIONAL PASS: rows reject a different item kind
[17:08:35] [Server thread/INFO] (SNC Energies) FUNCTIONAL PASS: bulk withdrawal splits exact amounts
[17:08:35] [Server thread/WARN] (Minecraft) [net.minecraft.world.level.block.entity.BlockEntity] Serialization errors:
snc_energies:silo // com.snc.energies.blockentity.SiloBlockEntity@BlockPos{x=28, y=130, z=4}:
  Failed to append value 'ItemStackWithSlot[slot=1, stack=4872 minecraft:wheat]' to list 'Items': Value must be within range [1;99]: 4872
  Failed to append value 'ItemStackWithSlot[slot=2, stack=100 minecraft:carrot]' to list 'Items': Value must be within range [1;99]: 100
[17:08:35] [Server thread/INFO] (SNC Energies) FUNCTIONAL PASS: silo rows survive serialization (restored=4872/100 original=4872/100 buffers=0/64)
[17:08:35] [Server thread/INFO] (SNC Energies) FUNCTIONAL PASS: breaking the silo clears the ring and spills the grain
[17:08:35] [Server thread/INFO] (SNC Energies) FUNCTIONAL PASS: retrogen gamerule starts disabled
[17:08:35] [Server thread/INFO] (SNC Energies) FUNCTIONAL PASS: retrogen gamerule toggles on
[17:08:35] [Server thread/INFO] (SNC Energies) FUNCTIONAL PASS: retrogen force path runs and the structure registry stays healthy
[17:08:35] [Server thread/INFO] (SNC Energies) FUNCTIONAL PASS: beverage motor installs with its own block entity
[17:08:35] [Server thread/INFO] (SNC Energies) FUNCTIONAL PASS: engine without a docked machine conserves its buffer
[17:08:35] [Server thread/INFO] (SNC Energies) FUNCTIONAL PASS: engine ignores machines outside the beverage contract
[17:08:35] [Server thread/INFO] (SNC Energies) FUNCTIONAL PASS: engine energy and inventory survive serialization
[17:08:35] [Server thread/INFO] (SNC Energies) FUNCTIONAL PASS: electric UV lamp installs with its own block entity
[17:08:35] [Server thread/INFO] (SNC Energies) FUNCTIONAL PASS: lamp starts dark without energy
[17:08:35] [Server thread/INFO] (SNC Energies) FUNCTIONAL PASS: a paid cycle lights the lamp through its own energy buffer
[17:08:35] [Server thread/INFO] (SNC Energies) FUNCTIONAL PASS: every lit tick burns exactly its drain and counts down the cycle
[17:08:35] [Server thread/INFO] (SNC Energies) FUNCTIONAL PASS: running out of energy turns the lamp off by itself
[17:08:35] [Server thread/INFO] (SNC Energies) FUNCTIONAL PASS: lamp energy and cycle survive serialization
[17:08:35] [Server thread/INFO] (SNC Energies) FUNCTIONAL PASS: standalone profile exposes no motorizable batches
[17:08:35] [Server thread/INFO] (SNC Energies) WORLDGEN structure: mercadao=true village_plains=true
[17:08:35] [Server thread/INFO] (SNC Energies) WORLDGEN structure_set: mercadao=true villages=true
[17:08:35] [Server thread/INFO] (SNC Energies) WORLDGEN template_pool: mercadao/start=true
[17:08:35] [Server thread/INFO] (SNC Energies) WORLDGEN placed_feature: tin_ore=true voltaite_ore=true ore_coal_upper=true
[17:08:35] [Server thread/INFO] (SNC Energies) FUNCTIONAL PASS: ore configured and placed features registered in worldgen
[17:08:35] [Server thread/INFO] (SNC Energies) FUNCTIONAL PASS: tractor recipe loaded by RecipeManager
[17:08:36] [Server thread/INFO] (Minecraft) System chat: The nearest snc_energies:mercadao is at [-240, ~, 464] (508 blocks away)
[17:08:36] [Server thread/INFO] (Minecraft) Locating element snc_energies:mercadao took 47 ms
[17:08:36] [Server thread/INFO] (Minecraft) System chat: The nearest minecraft:village_plains is at [128, ~, 912] (905 blocks away)
[17:08:36] [Server thread/INFO] (Minecraft) Locating element minecraft:village_plains took 20 ms
[17:08:36] [Server thread/INFO] (SNC Energies) FUNCTIONAL PASS: grain cart exposes its cargo panel menu
[17:08:36] [Server thread/INFO] (SNC Energies) FUNCTIONAL PASS: panel hitch button couples the parked cart
[17:08:36] [Server thread/INFO] (SNC Energies) FUNCTIONAL PASS: unload button refuses an empty tank without error
[17:08:36] [Server thread/INFO] (SNC Energies) FUNCTIONAL PASS: panel hitch button uncouples through the same toggle
[17:08:36] [Server thread/INFO] (SNC Energies) FUNCTIONAL PASS: hitch couples the parked grain cart
[17:08:36] [Server thread/INFO] (SNC Energies) FUNCTIONAL PASS: second coupling is refused while one cart is attached
[17:08:36] [Server thread/INFO] (SNC Energies) FUNCTIONAL PASS: cart rides welded at the harvester's rear hitch after a drive step
[17:08:36] [Server thread/INFO] (SNC Energies) FUNCTIONAL PASS: towed mirror syncs to the renderer state
[17:08:36] [Server thread/INFO] (SNC Energies) FUNCTIONAL PASS: unload moves grain into the attached cart
[17:08:36] [Server thread/INFO] (SNC Energies) FUNCTIONAL PASS: unload conserves every grain exactly (94 wheat, 40 carrots)
[17:08:36] [Server thread/INFO] (SNC Energies) FUNCTIONAL PASS: second unload runs until no cart slot can take more
[17:08:36] [Server thread/INFO] (SNC Energies) FUNCTIONAL PASS: cart packs its fourteen wheat slots exactly
[17:08:36] [Server thread/INFO] (SNC Energies) FUNCTIONAL PASS: the carrot slot is untouched by the wheat pass
[17:08:36] [Server thread/INFO] (SNC Energies) FUNCTIONAL PASS: a slot below its stack cap keeps the cart from reporting full
[17:08:36] [Server thread/INFO] (SNC Energies) FUNCTIONAL PASS: the packed cart pauses the transfer and keeps the remainder in the tank
[17:08:36] [Server thread/INFO] (SNC Energies) FUNCTIONAL PASS: hitch uncouples the cart and parks it
[17:08:36] [Server thread/INFO] (SNC Energies) FUNCTIONAL PASS: detached cart keeps every grain in its cargo
[17:08:36] [Server thread/INFO] (SNC Energies) FUNCTIONAL PASS: unload refuses without an attached cart
[17:08:36] [Server thread/INFO] (SNC Energies) FUNCTIONAL PASS: removal drops every cargo slot before the cart is gone
[17:08:50] [Server thread/INFO] (SNC Energies) FUNCTIONAL PASS: large stove supplies energy through a cable on its far structural cell
[17:08:50] [Server thread/INFO] (SNC Energies) FUNCTIONAL PASS: large chimney shares the controller lit state
[17:08:50] [Server thread/INFO] (SNC Energies) FUNCTIONAL PASS: wood stove powers an electric furnace from one log
[17:08:50] [Server thread/INFO] (SNC Energies) FUNCTIONAL PASS: wood stove consumes logs and retains remaining burn
[17:08:50] [Server thread/INFO] (SNC Energies) FUNCTIONAL PASS: generator and multi-cable network smelt iron using native ticks
[17:08:50] [Server thread/INFO] (SNC Energies) FUNCTIONAL PASS: crusher produces two Voltaite dust
[17:08:50] [Server thread/INFO] (SNC Energies) FUNCTIONAL PASS: one coal starts a persistent burn
[17:08:50] [Server thread/INFO] (SNC Energies) FUNCTIONAL PASS: surplus power charges battery
[17:08:50] [Server thread/INFO] (SNC Energies) FUNCTIONAL PASS: incompatible output prevents consumption or item conversion
[17:08:50] [Server thread/INFO] (SNC Energies) FUNCTIONAL PASS: generator energy and burn survive serialization
[17:08:50] [Server thread/INFO] (SNC Energies) FUNCTIONAL PASS: furnace inventory and energy survive serialization
[17:09:00] [Server thread/INFO] (SNC Energies) FUNCTIONAL PASS: battery powers furnace without generator and dust smelts to ingot
[17:09:00] [Server thread/INFO] (SNC Energies) FUNCTIONAL PASS: no global machine tick registrations remain
[17:09:00] [Server thread/INFO] (SNC Energies) FUNCTIONAL TESTS PASSED
[17:09:00] [Server thread/INFO] (Minecraft) Stopping server
[17:09:00] [Server thread/INFO] (Minecraft) Saving players
[17:09:00] [Server thread/INFO] (Minecraft) Saving worlds
[17:09:00] [Server thread/INFO] (Minecraft) Saving chunks for level 'ServerLevel[machine-test]'/minecraft:overworld
[17:09:00] [Server thread/INFO] (Minecraft) Saving chunks for level 'ServerLevel[machine-test]'/minecraft:the_nether
[17:09:00] [Server thread/INFO] (Minecraft) Saving chunks for level 'ServerLevel[machine-test]'/minecraft:the_end
