
> Configure project :
Fabric Loom: 1.17.21

> Task :compileJava UP-TO-DATE
> Task :processResources UP-TO-DATE
> Task :classes UP-TO-DATE
> Task :generateLog4jConfig UP-TO-DATE
> Task :generateDLIConfig UP-TO-DATE
> Task :configureLaunch UP-TO-DATE
> Task :compileFunctionalTestJava UP-TO-DATE
> Task :processFunctionalTestResources UP-TO-DATE
> Task :functionalTestClasses UP-TO-DATE
> Task :functionalTestJar UP-TO-DATE

> Task :runServer
[18:57:07] [main/INFO] (FabricLoader/GameProvider) Loading Minecraft 26.3 with Fabric Loader 0.19.5
[18:57:07] [main/INFO] (FabricLoader/Mappings) Mappings not present!
[18:57:08] [main/INFO] (FabricLoader) Loading 45 mods:
	- fabric-advancement-api-v1 1.0.0+38c7a2d55d
	- fabric-api 0.161.0+26.3
	- fabric-api-base 2.0.6+fcdff87f5d
	- fabric-api-lookup-api-v1 2.0.24+3434d6d95d
	- fabric-biome-api-v1 20.0.9+74ed1ea55d
	- fabric-block-api-v1 3.1.0+0ae6f9115d
	- fabric-block-getter-api-v2 2.0.9+3434d6d95d
	- fabric-command-api-v2 3.1.2+fcdff87f5d
	- fabric-content-registries-v0 15.0.4+74ed1ea55d
	- fabric-convention-tags-v2 4.10.3+6b5b47fd5d
	- fabric-crash-report-info-v1 1.0.7+fcdff87f5d
	- fabric-creative-tab-api-v1 5.0.21+fcdff87f5d
	- fabric-data-attachment-api-v1 2.2.30+3434d6d95d
	- fabric-data-generation-api-v1 27.2.4+427eab975d
	- fabric-debug-api-v1 1.0.4+3434d6d95d
	- fabric-dimensions-v1 5.1.19+47f74c985d
	- fabric-entity-events-v1 6.0.4+3434d6d95d
	- fabric-events-interaction-v0 5.3.6+3434d6d95d
	- fabric-game-rule-api-v1 4.0.10+3434d6d95d
	- fabric-gametest-api-v1 4.0.32+3434d6d95d
	- fabric-item-api-v1 14.7.0+cf6bc2db5d
	- fabric-lifecycle-events-v1 4.1.9+ffef5f675d
	- fabric-loot-api-v3 4.0.8+4068fd645d
	- fabric-menu-api-v1 2.0.27+ed66f0a35d
	- fabric-message-api-v1 7.0.10+3434d6d95d
	- fabric-networking-api-v1 6.3.8+fcdff87f5d
	- fabric-object-builder-api-v1 24.1.9+3434d6d95d
	- fabric-particles-v1 5.0.24+3434d6d95d
	- fabric-permission-api-v1 1.0.8+fcdff87f5d
	- fabric-recipe-api-v1 10.0.8+fcdff87f5d
	- fabric-registry-sync-v0 8.0.1+fcdff87f5d
	- fabric-rendering-fluids-v1 6.0.6+3434d6d95d
	- fabric-resource-conditions-api-v1 6.1.5+3434d6d95d
	- fabric-resource-loader-v0 3.3.26+4fc5413f5d
	- fabric-resource-loader-v1 3.0.4+fcdff87f5d
	- fabric-serialization-api-v1 2.0.7+74ed1ea55d
	- fabric-tag-api-v1 2.1.10+fcdff87f5d
	- fabric-transfer-api-v1 8.0.25+fcdff87f5d
	- fabric-transitive-access-wideners-v1 8.1.16+52268a0e5d
	- fabricloader 0.19.5
	- java 25
	- minecraft 26.3
	- mixinextras 0.5.5
	- snc_energies 0.5.0
	- snc_functional_test 1.0.0
[18:57:08] [main/INFO] (FabricLoader/Mixin) SpongePowered MIXIN Subsystem Version=0.8.7 Source=file:/C:/Users/enzot/.gradle/caches/modules-2/files-2.1/net.fabricmc/sponge-mixin/0.17.4+mixin.0.8.7/5f66cc9f59b8efaa942155a3d5a30599bf6640dd/sponge-mixin-0.17.4+mixin.0.8.7.jar Service=Knot/Fabric Env=SERVER
[18:57:09] [main/INFO] (FabricLoader/MixinExtras|Service) Initializing MixinExtras via com.llamalad7.mixinextras.service.MixinExtrasServiceImpl(version=0.5.5).
[18:57:24] [main/INFO] (SNC Energies) SNC Energies blocks constructed
[18:57:24] [main/INFO] (SNC Energies) SNC Energies block entities registered
[18:57:24] [main/INFO] (SNC Energies) SNC Energies entities registered
[18:57:24] [main/INFO] (SNC Energies) SNC Energies items registered
[18:57:24] [main/INFO] (SNC Energies) SNC Energies menus registered
[18:57:24] [main/INFO] (SNC Energies) SNC Energies recipes ready
[18:57:24] [main/INFO] (SNC Energies) SNC Adventures absent; standalone progression enabled
[18:57:24] [main/INFO] (SNC Energies) SNC Energies initialized: the grid is live!
[18:57:24] [main/INFO] (Minecraft) Environment: Environment[discoveryUrl=https://discovery.minecraftservices.com/minecraft/client, name=PROD]
[18:57:27] [Worker-Main-7/INFO] (Minecraft) Loaded 1866 advancements
[18:57:27] [main/INFO] (BiomeModificationImpl) Applied 112 biome modifications to 56 of 67 new biomes in 11.64 ms
[18:57:27] [Server thread/INFO] (Minecraft) Starting minecraft server version 26.3
[18:57:27] [Server thread/INFO] (Minecraft) Loading properties
[18:57:27] [Server thread/INFO] (Minecraft) Default game type: SURVIVAL
[18:57:27] [Server thread/INFO] (Minecraft) Generating keypair
[18:57:27] [Server thread/INFO] (Minecraft) Starting Minecraft server on 127.0.0.1:25577
[18:57:28] [Server thread/WARN] (Minecraft) **** SERVER IS RUNNING IN OFFLINE/INSECURE MODE!
[18:57:28] [Server thread/WARN] (Minecraft) The server will make no attempt to authenticate usernames. Beware.
[18:57:28] [Server thread/WARN] (Minecraft) While this makes the game possible to play without internet access, it also opens up the ability for hackers to connect with any username they choose.
[18:57:28] [Server thread/WARN] (Minecraft) To change this, set "online-mode" to "true" in the server.properties file.
[18:57:28] [Server thread/INFO] (Minecraft) Preparing level "machine-test"
[18:57:28] [Server thread/INFO] (Minecraft) Loading 25 persistent chunks...
[18:57:29] [Server thread/INFO] (Minecraft) Preparing spawn area: 28%
[18:57:29] [Server thread/INFO] (Minecraft) Preparing spawn area: 28%
[18:57:29] [Server thread/INFO] (Minecraft) Preparing spawn area: 28%
[18:57:30] [Server thread/INFO] (Minecraft) Preparing spawn area: 28%
[18:57:30] [Server thread/INFO] (Minecraft) Time elapsed: 1834 ms
[18:57:30] [Server thread/INFO] (Minecraft) Done (2.472s)! For help, type "help"
[18:57:30] [Server thread/INFO] (Minecraft) Saving chunks for level 'ServerLevel[machine-test]'/minecraft:overworld
[18:57:31] [Server thread/INFO] (Minecraft) Saving chunks for level 'ServerLevel[machine-test]'/minecraft:the_end
[18:57:31] [Server thread/INFO] (Minecraft) Saving chunks for level 'ServerLevel[machine-test]'/minecraft:the_nether
[18:57:34] [Server thread/INFO] (SNC Energies) FUNCTIONAL PASS: companion biomass registry matches the selected test profile
[18:57:34] [Server thread/INFO] (SNC Energies) FUNCTIONAL PASS: empty biomass cannot produce energy
[18:57:34] [Server thread/INFO] (SNC Energies) FUNCTIONAL PASS: transfer conserves a one-unit source with a 160-unit budget
[18:57:34] [Server thread/INFO] (SNC Energies) FUNCTIONAL PASS: generator exposes its menu
[18:57:34] [Server thread/INFO] (SNC Energies) FUNCTIONAL PASS: furnace exposes its menu
[18:57:34] [Server thread/INFO] (SNC Energies) FUNCTIONAL PASS: crusher exposes its menu
[18:57:34] [Server thread/INFO] (SNC Energies) FUNCTIONAL PASS: menu retains synchronized energy and burn values
[18:57:34] [Server thread/INFO] (SNC Energies) FUNCTIONAL PASS: wood stove exposes its own fuel menu
[18:57:34] [Server thread/INFO] (SNC Energies) FUNCTIONAL PASS: wood stove accepts logs, planks and sticks
[18:57:34] [Server thread/INFO] (SNC Energies) FUNCTIONAL PASS: wood stove rejects non-wood and nonflammable fuel
[18:57:34] [Server thread/INFO] (SNC Energies) FUNCTIONAL PASS: obstruction blocks placement without replacing terrain: north
[18:57:34] [Server thread/INFO] (SNC Energies) FUNCTIONAL PASS: clear footprint accepted: north
[18:57:34] [Server thread/INFO] (SNC Energies) FUNCTIONAL PASS: structural cell shares controller north / 1
[18:57:34] [Server thread/INFO] (SNC Energies) FUNCTIONAL PASS: structural cell shares controller north / 2
[18:57:34] [Server thread/INFO] (SNC Energies) FUNCTIONAL PASS: structural cell shares controller north / 3
[18:57:34] [Server thread/INFO] (SNC Energies) FUNCTIONAL PASS: structural cell shares controller north / 4
[18:57:34] [Server thread/INFO] (SNC Energies) FUNCTIONAL PASS: structural cell shares controller north / 5
[18:57:34] [Server thread/INFO] (SNC Energies) FUNCTIONAL PASS: structural cell shares controller north / 6
[18:57:34] [Server thread/INFO] (SNC Energies) FUNCTIONAL PASS: structural cell shares controller north / 7
[18:57:34] [Server thread/INFO] (SNC Energies) FUNCTIONAL PASS: structure cannot be separated by pistons: north
[18:57:34] [Server thread/INFO] (SNC Energies) FUNCTIONAL PASS: breaking chimney removes cell north / 0
[18:57:34] [Server thread/INFO] (SNC Energies) FUNCTIONAL PASS: breaking chimney removes cell north / 1
[18:57:34] [Server thread/INFO] (SNC Energies) FUNCTIONAL PASS: breaking chimney removes cell north / 2
[18:57:34] [Server thread/INFO] (SNC Energies) FUNCTIONAL PASS: breaking chimney removes cell north / 3
[18:57:34] [Server thread/INFO] (SNC Energies) FUNCTIONAL PASS: breaking chimney removes cell north / 4
[18:57:34] [Server thread/INFO] (SNC Energies) FUNCTIONAL PASS: breaking chimney removes cell north / 5
[18:57:34] [Server thread/INFO] (SNC Energies) FUNCTIONAL PASS: breaking chimney removes cell north / 6
[18:57:34] [Server thread/INFO] (SNC Energies) FUNCTIONAL PASS: breaking chimney removes cell north / 7
[18:57:34] [Server thread/INFO] (SNC Energies) FUNCTIONAL PASS: breaking structure drops exactly one stove: north
[18:57:34] [Server thread/INFO] (SNC Energies) FUNCTIONAL PASS: obstruction blocks placement without replacing terrain: south
[18:57:34] [Server thread/INFO] (SNC Energies) FUNCTIONAL PASS: clear footprint accepted: south
[18:57:34] [Server thread/INFO] (SNC Energies) FUNCTIONAL PASS: structural cell shares controller south / 1
[18:57:34] [Server thread/INFO] (SNC Energies) FUNCTIONAL PASS: structural cell shares controller south / 2
[18:57:34] [Server thread/INFO] (SNC Energies) FUNCTIONAL PASS: structural cell shares controller south / 3
[18:57:34] [Server thread/INFO] (SNC Energies) FUNCTIONAL PASS: structural cell shares controller south / 4
[18:57:34] [Server thread/INFO] (SNC Energies) FUNCTIONAL PASS: structural cell shares controller south / 5
[18:57:34] [Server thread/INFO] (SNC Energies) FUNCTIONAL PASS: structural cell shares controller south / 6
[18:57:34] [Server thread/INFO] (SNC Energies) FUNCTIONAL PASS: structural cell shares controller south / 7
[18:57:34] [Server thread/INFO] (SNC Energies) FUNCTIONAL PASS: structure cannot be separated by pistons: south
[18:57:34] [Server thread/INFO] (SNC Energies) FUNCTIONAL PASS: breaking chimney removes cell south / 0
[18:57:34] [Server thread/INFO] (SNC Energies) FUNCTIONAL PASS: breaking chimney removes cell south / 1
[18:57:34] [Server thread/INFO] (SNC Energies) FUNCTIONAL PASS: breaking chimney removes cell south / 2
[18:57:34] [Server thread/INFO] (SNC Energies) FUNCTIONAL PASS: breaking chimney removes cell south / 3
[18:57:34] [Server thread/INFO] (SNC Energies) FUNCTIONAL PASS: breaking chimney removes cell south / 4
[18:57:34] [Server thread/INFO] (SNC Energies) FUNCTIONAL PASS: breaking chimney removes cell south / 5
[18:57:34] [Server thread/INFO] (SNC Energies) FUNCTIONAL PASS: breaking chimney removes cell south / 6
[18:57:34] [Server thread/INFO] (SNC Energies) FUNCTIONAL PASS: breaking chimney removes cell south / 7
[18:57:34] [Server thread/INFO] (SNC Energies) FUNCTIONAL PASS: breaking structure drops exactly one stove: south
[18:57:34] [Server thread/INFO] (SNC Energies) FUNCTIONAL PASS: obstruction blocks placement without replacing terrain: east
[18:57:34] [Server thread/INFO] (SNC Energies) FUNCTIONAL PASS: clear footprint accepted: east
[18:57:34] [Server thread/INFO] (SNC Energies) FUNCTIONAL PASS: structural cell shares controller east / 1
[18:57:34] [Server thread/INFO] (SNC Energies) FUNCTIONAL PASS: structural cell shares controller east / 2
[18:57:34] [Server thread/INFO] (SNC Energies) FUNCTIONAL PASS: structural cell shares controller east / 3
[18:57:34] [Server thread/INFO] (SNC Energies) FUNCTIONAL PASS: structural cell shares controller east / 4
[18:57:34] [Server thread/INFO] (SNC Energies) FUNCTIONAL PASS: structural cell shares controller east / 5
[18:57:34] [Server thread/INFO] (SNC Energies) FUNCTIONAL PASS: structural cell shares controller east / 6
[18:57:34] [Server thread/INFO] (SNC Energies) FUNCTIONAL PASS: structural cell shares controller east / 7
[18:57:34] [Server thread/INFO] (SNC Energies) FUNCTIONAL PASS: structure cannot be separated by pistons: east
[18:57:34] [Server thread/INFO] (SNC Energies) FUNCTIONAL PASS: breaking chimney removes cell east / 0
[18:57:34] [Server thread/INFO] (SNC Energies) FUNCTIONAL PASS: breaking chimney removes cell east / 1
[18:57:34] [Server thread/INFO] (SNC Energies) FUNCTIONAL PASS: breaking chimney removes cell east / 2
[18:57:34] [Server thread/INFO] (SNC Energies) FUNCTIONAL PASS: breaking chimney removes cell east / 3
[18:57:34] [Server thread/INFO] (SNC Energies) FUNCTIONAL PASS: breaking chimney removes cell east / 4
[18:57:34] [Server thread/INFO] (SNC Energies) FUNCTIONAL PASS: breaking chimney removes cell east / 5
[18:57:34] [Server thread/INFO] (SNC Energies) FUNCTIONAL PASS: breaking chimney removes cell east / 6
[18:57:34] [Server thread/INFO] (SNC Energies) FUNCTIONAL PASS: breaking chimney removes cell east / 7
[18:57:34] [Server thread/INFO] (SNC Energies) FUNCTIONAL PASS: breaking structure drops exactly one stove: east
[18:57:34] [Server thread/INFO] (SNC Energies) FUNCTIONAL PASS: obstruction blocks placement without replacing terrain: west
[18:57:34] [Server thread/INFO] (SNC Energies) FUNCTIONAL PASS: clear footprint accepted: west
[18:57:34] [Server thread/INFO] (SNC Energies) FUNCTIONAL PASS: structural cell shares controller west / 1
[18:57:34] [Server thread/INFO] (SNC Energies) FUNCTIONAL PASS: structural cell shares controller west / 2
[18:57:34] [Server thread/INFO] (SNC Energies) FUNCTIONAL PASS: structural cell shares controller west / 3
[18:57:34] [Server thread/INFO] (SNC Energies) FUNCTIONAL PASS: structural cell shares controller west / 4
[18:57:34] [Server thread/INFO] (SNC Energies) FUNCTIONAL PASS: structural cell shares controller west / 5
[18:57:34] [Server thread/INFO] (SNC Energies) FUNCTIONAL PASS: structural cell shares controller west / 6
[18:57:34] [Server thread/INFO] (SNC Energies) FUNCTIONAL PASS: structural cell shares controller west / 7
[18:57:34] [Server thread/INFO] (SNC Energies) FUNCTIONAL PASS: structure cannot be separated by pistons: west
[18:57:34] [Server thread/INFO] (SNC Energies) FUNCTIONAL PASS: breaking chimney removes cell west / 0
[18:57:34] [Server thread/INFO] (SNC Energies) FUNCTIONAL PASS: breaking chimney removes cell west / 1
[18:57:34] [Server thread/INFO] (SNC Energies) FUNCTIONAL PASS: breaking chimney removes cell west / 2
[18:57:34] [Server thread/INFO] (SNC Energies) FUNCTIONAL PASS: breaking chimney removes cell west / 3
[18:57:34] [Server thread/INFO] (SNC Energies) FUNCTIONAL PASS: breaking chimney removes cell west / 4
[18:57:34] [Server thread/INFO] (SNC Energies) FUNCTIONAL PASS: breaking chimney removes cell west / 5
[18:57:34] [Server thread/INFO] (SNC Energies) FUNCTIONAL PASS: breaking chimney removes cell west / 6
[18:57:34] [Server thread/INFO] (SNC Energies) FUNCTIONAL PASS: breaking chimney removes cell west / 7
[18:57:34] [Server thread/INFO] (SNC Energies) FUNCTIONAL PASS: breaking structure drops exactly one stove: west
[18:57:34] [Server thread/INFO] (SNC Energies) FUNCTIONAL PASS: legacy compact stove keeps its original footprint
[18:57:34] [Server thread/INFO] (SNC Energies) FUNCTIONAL PASS: workshop refuses obstructed footprint: north
[18:57:34] [Server thread/INFO] (SNC Energies) FUNCTIONAL PASS: workshop part shares controller: north/0
[18:57:34] [Server thread/INFO] (SNC Energies) FUNCTIONAL PASS: workshop structural parts have no duplicate inventory
[18:57:34] [Server thread/INFO] (SNC Energies) FUNCTIONAL PASS: workshop part shares controller: north/1
[18:57:34] [Server thread/INFO] (SNC Energies) FUNCTIONAL PASS: workshop structural parts have no duplicate inventory
[18:57:34] [Server thread/INFO] (SNC Energies) FUNCTIONAL PASS: workshop part shares controller: north/2
[18:57:34] [Server thread/INFO] (SNC Energies) FUNCTIONAL PASS: workshop structural parts have no duplicate inventory
[18:57:34] [Server thread/INFO] (SNC Energies) FUNCTIONAL PASS: workshop part shares controller: north/3
[18:57:34] [Server thread/INFO] (SNC Energies) FUNCTIONAL PASS: workshop structural parts have no duplicate inventory
[18:57:34] [Server thread/INFO] (SNC Energies) FUNCTIONAL PASS: workshop removal cleans every cell
[18:57:34] [Server thread/INFO] (SNC Energies) FUNCTIONAL PASS: workshop removal cleans every cell
[18:57:34] [Server thread/INFO] (SNC Energies) FUNCTIONAL PASS: workshop removal cleans every cell
[18:57:34] [Server thread/INFO] (SNC Energies) FUNCTIONAL PASS: workshop removal cleans every cell
[18:57:34] [Server thread/INFO] (SNC Energies) FUNCTIONAL PASS: workshop drops exactly one machine; delta=1
[18:57:34] [Server thread/INFO] (SNC Energies) FUNCTIONAL PASS: workshop returns stored items exactly once
[18:57:34] [Server thread/INFO] (SNC Energies) FUNCTIONAL PASS: workshop refuses obstructed footprint: east
[18:57:34] [Server thread/INFO] (SNC Energies) FUNCTIONAL PASS: workshop part shares controller: east/0
[18:57:34] [Server thread/INFO] (SNC Energies) FUNCTIONAL PASS: workshop structural parts have no duplicate inventory
[18:57:34] [Server thread/INFO] (SNC Energies) FUNCTIONAL PASS: workshop part shares controller: east/1
[18:57:34] [Server thread/INFO] (SNC Energies) FUNCTIONAL PASS: workshop structural parts have no duplicate inventory
[18:57:34] [Server thread/INFO] (SNC Energies) FUNCTIONAL PASS: workshop part shares controller: east/2
[18:57:34] [Server thread/INFO] (SNC Energies) FUNCTIONAL PASS: workshop structural parts have no duplicate inventory
[18:57:34] [Server thread/INFO] (SNC Energies) FUNCTIONAL PASS: workshop part shares controller: east/3
[18:57:34] [Server thread/INFO] (SNC Energies) FUNCTIONAL PASS: workshop structural parts have no duplicate inventory
[18:57:34] [Server thread/INFO] (SNC Energies) FUNCTIONAL PASS: workshop removal cleans every cell
[18:57:34] [Server thread/INFO] (SNC Energies) FUNCTIONAL PASS: workshop removal cleans every cell
[18:57:34] [Server thread/INFO] (SNC Energies) FUNCTIONAL PASS: workshop removal cleans every cell
[18:57:34] [Server thread/INFO] (SNC Energies) FUNCTIONAL PASS: workshop removal cleans every cell
[18:57:34] [Server thread/INFO] (SNC Energies) FUNCTIONAL PASS: workshop drops exactly one machine; delta=1
[18:57:34] [Server thread/INFO] (SNC Energies) FUNCTIONAL PASS: workshop returns stored items exactly once
[18:57:34] [Server thread/INFO] (SNC Energies) FUNCTIONAL PASS: workshop refuses obstructed footprint: south
[18:57:34] [Server thread/INFO] (SNC Energies) FUNCTIONAL PASS: workshop part shares controller: south/0
[18:57:34] [Server thread/INFO] (SNC Energies) FUNCTIONAL PASS: workshop structural parts have no duplicate inventory
[18:57:34] [Server thread/INFO] (SNC Energies) FUNCTIONAL PASS: workshop part shares controller: south/1
[18:57:34] [Server thread/INFO] (SNC Energies) FUNCTIONAL PASS: workshop structural parts have no duplicate inventory
[18:57:34] [Server thread/INFO] (SNC Energies) FUNCTIONAL PASS: workshop part shares controller: south/2
[18:57:34] [Server thread/INFO] (SNC Energies) FUNCTIONAL PASS: workshop structural parts have no duplicate inventory
[18:57:34] [Server thread/INFO] (SNC Energies) FUNCTIONAL PASS: workshop part shares controller: south/3
[18:57:34] [Server thread/INFO] (SNC Energies) FUNCTIONAL PASS: workshop structural parts have no duplicate inventory
[18:57:34] [Server thread/INFO] (SNC Energies) FUNCTIONAL PASS: workshop removal cleans every cell
[18:57:34] [Server thread/INFO] (SNC Energies) FUNCTIONAL PASS: workshop removal cleans every cell
[18:57:34] [Server thread/INFO] (SNC Energies) FUNCTIONAL PASS: workshop removal cleans every cell
[18:57:34] [Server thread/INFO] (SNC Energies) FUNCTIONAL PASS: workshop removal cleans every cell
[18:57:34] [Server thread/INFO] (SNC Energies) FUNCTIONAL PASS: workshop drops exactly one machine; delta=1
[18:57:34] [Server thread/INFO] (SNC Energies) FUNCTIONAL PASS: workshop returns stored items exactly once
[18:57:34] [Server thread/INFO] (SNC Energies) FUNCTIONAL PASS: workshop refuses obstructed footprint: west
[18:57:34] [Server thread/INFO] (SNC Energies) FUNCTIONAL PASS: workshop part shares controller: west/0
[18:57:34] [Server thread/INFO] (SNC Energies) FUNCTIONAL PASS: workshop structural parts have no duplicate inventory
[18:57:34] [Server thread/INFO] (SNC Energies) FUNCTIONAL PASS: workshop part shares controller: west/1
[18:57:34] [Server thread/INFO] (SNC Energies) FUNCTIONAL PASS: workshop structural parts have no duplicate inventory
[18:57:34] [Server thread/INFO] (SNC Energies) FUNCTIONAL PASS: workshop part shares controller: west/2
[18:57:34] [Server thread/INFO] (SNC Energies) FUNCTIONAL PASS: workshop structural parts have no duplicate inventory
[18:57:34] [Server thread/INFO] (SNC Energies) FUNCTIONAL PASS: workshop part shares controller: west/3
[18:57:34] [Server thread/INFO] (SNC Energies) FUNCTIONAL PASS: workshop structural parts have no duplicate inventory
[18:57:34] [Server thread/INFO] (SNC Energies) FUNCTIONAL PASS: workshop removal cleans every cell
[18:57:34] [Server thread/INFO] (SNC Energies) FUNCTIONAL PASS: workshop removal cleans every cell
[18:57:34] [Server thread/INFO] (SNC Energies) FUNCTIONAL PASS: workshop removal cleans every cell
[18:57:34] [Server thread/INFO] (SNC Energies) FUNCTIONAL PASS: workshop removal cleans every cell
[18:57:34] [Server thread/INFO] (SNC Energies) FUNCTIONAL PASS: workshop drops exactly one machine; delta=1
[18:57:34] [Server thread/INFO] (SNC Energies) FUNCTIONAL PASS: workshop returns stored items exactly once
[18:57:34] [Server thread/INFO] (SNC Energies) FUNCTIONAL PASS: workshop refuses obstructed footprint: north
[18:57:34] [Server thread/INFO] (SNC Energies) FUNCTIONAL PASS: workshop part shares controller: north/0
[18:57:34] [Server thread/INFO] (SNC Energies) FUNCTIONAL PASS: workshop structural parts have no duplicate inventory
[18:57:34] [Server thread/INFO] (SNC Energies) FUNCTIONAL PASS: workshop part shares controller: north/1
[18:57:34] [Server thread/INFO] (SNC Energies) FUNCTIONAL PASS: workshop structural parts have no duplicate inventory
[18:57:34] [Server thread/INFO] (SNC Energies) FUNCTIONAL PASS: workshop part shares controller: north/2
[18:57:34] [Server thread/INFO] (SNC Energies) FUNCTIONAL PASS: workshop structural parts have no duplicate inventory
[18:57:34] [Server thread/INFO] (SNC Energies) FUNCTIONAL PASS: workshop part shares controller: north/3
[18:57:34] [Server thread/INFO] (SNC Energies) FUNCTIONAL PASS: workshop structural parts have no duplicate inventory
[18:57:34] [Server thread/INFO] (SNC Energies) FUNCTIONAL PASS: workshop removal cleans every cell
[18:57:34] [Server thread/INFO] (SNC Energies) FUNCTIONAL PASS: workshop removal cleans every cell
[18:57:34] [Server thread/INFO] (SNC Energies) FUNCTIONAL PASS: workshop removal cleans every cell
[18:57:34] [Server thread/INFO] (SNC Energies) FUNCTIONAL PASS: workshop removal cleans every cell
[18:57:34] [Server thread/INFO] (SNC Energies) FUNCTIONAL PASS: workshop drops exactly one machine; delta=1
[18:57:34] [Server thread/INFO] (SNC Energies) FUNCTIONAL PASS: workshop returns stored items exactly once
[18:57:34] [Server thread/INFO] (SNC Energies) FUNCTIONAL PASS: workshop refuses obstructed footprint: east
[18:57:34] [Server thread/INFO] (SNC Energies) FUNCTIONAL PASS: workshop part shares controller: east/0
[18:57:34] [Server thread/INFO] (SNC Energies) FUNCTIONAL PASS: workshop structural parts have no duplicate inventory
[18:57:34] [Server thread/INFO] (SNC Energies) FUNCTIONAL PASS: workshop part shares controller: east/1
[18:57:34] [Server thread/INFO] (SNC Energies) FUNCTIONAL PASS: workshop structural parts have no duplicate inventory
[18:57:34] [Server thread/INFO] (SNC Energies) FUNCTIONAL PASS: workshop part shares controller: east/2
[18:57:34] [Server thread/INFO] (SNC Energies) FUNCTIONAL PASS: workshop structural parts have no duplicate inventory
[18:57:34] [Server thread/INFO] (SNC Energies) FUNCTIONAL PASS: workshop part shares controller: east/3
[18:57:34] [Server thread/INFO] (SNC Energies) FUNCTIONAL PASS: workshop structural parts have no duplicate inventory
[18:57:34] [Server thread/INFO] (SNC Energies) FUNCTIONAL PASS: workshop removal cleans every cell
[18:57:34] [Server thread/INFO] (SNC Energies) FUNCTIONAL PASS: workshop removal cleans every cell
[18:57:34] [Server thread/INFO] (SNC Energies) FUNCTIONAL PASS: workshop removal cleans every cell
[18:57:34] [Server thread/INFO] (SNC Energies) FUNCTIONAL PASS: workshop removal cleans every cell
[18:57:34] [Server thread/INFO] (SNC Energies) FUNCTIONAL PASS: workshop drops exactly one machine; delta=1
[18:57:34] [Server thread/INFO] (SNC Energies) FUNCTIONAL PASS: workshop returns stored items exactly once
[18:57:34] [Server thread/INFO] (SNC Energies) FUNCTIONAL PASS: workshop refuses obstructed footprint: south
[18:57:34] [Server thread/INFO] (SNC Energies) FUNCTIONAL PASS: workshop part shares controller: south/0
[18:57:34] [Server thread/INFO] (SNC Energies) FUNCTIONAL PASS: workshop structural parts have no duplicate inventory
[18:57:34] [Server thread/INFO] (SNC Energies) FUNCTIONAL PASS: workshop part shares controller: south/1
[18:57:34] [Server thread/INFO] (SNC Energies) FUNCTIONAL PASS: workshop structural parts have no duplicate inventory
[18:57:34] [Server thread/INFO] (SNC Energies) FUNCTIONAL PASS: workshop part shares controller: south/2
[18:57:34] [Server thread/INFO] (SNC Energies) FUNCTIONAL PASS: workshop structural parts have no duplicate inventory
[18:57:34] [Server thread/INFO] (SNC Energies) FUNCTIONAL PASS: workshop part shares controller: south/3
[18:57:34] [Server thread/INFO] (SNC Energies) FUNCTIONAL PASS: workshop structural parts have no duplicate inventory
[18:57:34] [Server thread/INFO] (SNC Energies) FUNCTIONAL PASS: workshop removal cleans every cell
[18:57:34] [Server thread/INFO] (SNC Energies) FUNCTIONAL PASS: workshop removal cleans every cell
[18:57:34] [Server thread/INFO] (SNC Energies) FUNCTIONAL PASS: workshop removal cleans every cell
[18:57:34] [Server thread/INFO] (SNC Energies) FUNCTIONAL PASS: workshop removal cleans every cell
[18:57:34] [Server thread/INFO] (SNC Energies) FUNCTIONAL PASS: workshop drops exactly one machine; delta=1
[18:57:34] [Server thread/INFO] (SNC Energies) FUNCTIONAL PASS: workshop returns stored items exactly once
[18:57:34] [Server thread/INFO] (SNC Energies) FUNCTIONAL PASS: workshop refuses obstructed footprint: west
[18:57:34] [Server thread/INFO] (SNC Energies) FUNCTIONAL PASS: workshop part shares controller: west/0
[18:57:34] [Server thread/INFO] (SNC Energies) FUNCTIONAL PASS: workshop structural parts have no duplicate inventory
[18:57:34] [Server thread/INFO] (SNC Energies) FUNCTIONAL PASS: workshop part shares controller: west/1
[18:57:34] [Server thread/INFO] (SNC Energies) FUNCTIONAL PASS: workshop structural parts have no duplicate inventory
[18:57:34] [Server thread/INFO] (SNC Energies) FUNCTIONAL PASS: workshop part shares controller: west/2
[18:57:34] [Server thread/INFO] (SNC Energies) FUNCTIONAL PASS: workshop structural parts have no duplicate inventory
[18:57:34] [Server thread/INFO] (SNC Energies) FUNCTIONAL PASS: workshop part shares controller: west/3
[18:57:34] [Server thread/INFO] (SNC Energies) FUNCTIONAL PASS: workshop structural parts have no duplicate inventory
[18:57:34] [Server thread/INFO] (SNC Energies) FUNCTIONAL PASS: workshop removal cleans every cell
[18:57:34] [Server thread/INFO] (SNC Energies) FUNCTIONAL PASS: workshop removal cleans every cell
[18:57:34] [Server thread/INFO] (SNC Energies) FUNCTIONAL PASS: workshop removal cleans every cell
[18:57:34] [Server thread/INFO] (SNC Energies) FUNCTIONAL PASS: workshop removal cleans every cell
[18:57:34] [Server thread/INFO] (SNC Energies) FUNCTIONAL PASS: workshop drops exactly one machine; delta=1
[18:57:34] [Server thread/INFO] (SNC Energies) FUNCTIONAL PASS: workshop returns stored items exactly once
[18:57:34] [Server thread/INFO] (SNC Energies) FUNCTIONAL PASS: manual workshop waits for work
[18:57:34] [Server thread/INFO] (SNC Energies) FUNCTIONAL PASS: crank is server-authoritative and limited to one charge per tick
[18:57:34] [Server thread/INFO] (SNC Energies) FUNCTIONAL PASS: full residue slot blocks all input and work consumption
[18:57:34] [Server thread/INFO] (SNC Energies) FUNCTIONAL PASS: workshop persists partial processing, work and input
[18:57:34] [Server thread/INFO] (SNC Energies) FUNCTIONAL PASS: milling conserves exact ingredient, product, residue and work quantities
[18:57:34] [Server thread/INFO] (SNC Energies) FUNCTIONAL PASS: workshop sided access protects input and output slots
[18:57:34] [Server thread/INFO] (SNC Energies) FUNCTIONAL PASS: invalid workshop button is rejected
[18:57:34] [Server thread/INFO] (SNC Energies) FUNCTIONAL PASS: removed workshop cannot be cranked through a stale menu
[18:57:34] [Server thread/INFO] (SNC Energies) FUNCTIONAL PASS: press produces oil and meal atomically without free containers
[18:57:34] [Server thread/INFO] (SNC Energies) FUNCTIONAL PASS: four rice husks produce one briquette without a phantom residue
[18:57:34] [Server thread/INFO] (SNC Energies) FUNCTIONAL PASS: regional fuels expose documented burn values
[18:57:34] [Server thread/INFO] (SNC Energies) FUNCTIONAL PASS: changing recipe cannot reuse progress from a different ingredient
[18:57:34] [Server thread/INFO] (SNC Energies) FUNCTIONAL PASS: output stack components are preserved rather than overwritten
[18:57:34] [Server thread/INFO] (SNC Energies) FUNCTIONAL PASS: young crop returns seed without harvest exploit
[18:57:34] [Server thread/INFO] (SNC Energies) FUNCTIONAL PASS: mature crop yields documented seeds and produce
[18:57:34] [Server thread/INFO] (SNC Energies) FUNCTIONAL PASS: young crop returns seed without harvest exploit
[18:57:34] [Server thread/INFO] (SNC Energies) FUNCTIONAL PASS: mature crop yields documented seeds and produce
[18:57:34] [Server thread/INFO] (SNC Energies) FUNCTIONAL PASS: young crop returns seed without harvest exploit
[18:57:34] [Server thread/INFO] (SNC Energies) FUNCTIONAL PASS: mature crop yields documented seeds and produce
[18:57:34] [Server thread/INFO] (SNC Energies) FUNCTIONAL PASS: optional mate milling preserves the batch without phantom residue
[18:57:34] [Server thread/INFO] (SNC Energies) FUNCTIONAL PASS: mate infusion returns its bowl after consumption
[18:57:34] [Server thread/INFO] (SNC Energies) FUNCTIONAL PASS: industrial footprint rejects obstruction: BOILER / north
[18:57:34] [Server thread/INFO] (SNC Energies) FUNCTIONAL PASS: industrial multiblock has exactly one controller and inventory: BOILER / north
[18:57:34] [Server thread/INFO] (SNC Energies) FUNCTIONAL PASS: industrial removal returns one machine and exact inventory: BOILER / north
[18:57:34] [Server thread/INFO] (SNC Energies) FUNCTIONAL PASS: industrial footprint rejects obstruction: BOILER / east
[18:57:34] [Server thread/INFO] (SNC Energies) FUNCTIONAL PASS: industrial multiblock has exactly one controller and inventory: BOILER / east
[18:57:34] [Server thread/INFO] (SNC Energies) FUNCTIONAL PASS: industrial removal returns one machine and exact inventory: BOILER / east
[18:57:34] [Server thread/INFO] (SNC Energies) FUNCTIONAL PASS: industrial footprint rejects obstruction: BOILER / south
[18:57:34] [Server thread/INFO] (SNC Energies) FUNCTIONAL PASS: industrial multiblock has exactly one controller and inventory: BOILER / south
[18:57:34] [Server thread/INFO] (SNC Energies) FUNCTIONAL PASS: industrial removal returns one machine and exact inventory: BOILER / south
[18:57:34] [Server thread/INFO] (SNC Energies) FUNCTIONAL PASS: industrial footprint rejects obstruction: BOILER / west
[18:57:34] [Server thread/INFO] (SNC Energies) FUNCTIONAL PASS: industrial multiblock has exactly one controller and inventory: BOILER / west
[18:57:34] [Server thread/INFO] (SNC Energies) FUNCTIONAL PASS: industrial removal returns one machine and exact inventory: BOILER / west
[18:57:34] [Server thread/INFO] (SNC Energies) FUNCTIONAL PASS: industrial footprint rejects obstruction: SAWMILL / north
[18:57:34] [Server thread/INFO] (SNC Energies) FUNCTIONAL PASS: industrial multiblock has exactly one controller and inventory: SAWMILL / north
[18:57:34] [Server thread/INFO] (SNC Energies) FUNCTIONAL PASS: industrial removal returns one machine and exact inventory: SAWMILL / north
[18:57:34] [Server thread/INFO] (SNC Energies) FUNCTIONAL PASS: industrial footprint rejects obstruction: SAWMILL / east
[18:57:34] [Server thread/INFO] (SNC Energies) FUNCTIONAL PASS: industrial multiblock has exactly one controller and inventory: SAWMILL / east
[18:57:34] [Server thread/INFO] (SNC Energies) FUNCTIONAL PASS: industrial removal returns one machine and exact inventory: SAWMILL / east
[18:57:34] [Server thread/INFO] (SNC Energies) FUNCTIONAL PASS: industrial footprint rejects obstruction: SAWMILL / south
[18:57:34] [Server thread/INFO] (SNC Energies) FUNCTIONAL PASS: industrial multiblock has exactly one controller and inventory: SAWMILL / south
[18:57:34] [Server thread/INFO] (SNC Energies) FUNCTIONAL PASS: industrial removal returns one machine and exact inventory: SAWMILL / south
[18:57:34] [Server thread/INFO] (SNC Energies) FUNCTIONAL PASS: industrial footprint rejects obstruction: SAWMILL / west
[18:57:34] [Server thread/INFO] (SNC Energies) FUNCTIONAL PASS: industrial multiblock has exactly one controller and inventory: SAWMILL / west
[18:57:34] [Server thread/INFO] (SNC Energies) FUNCTIONAL PASS: industrial removal returns one machine and exact inventory: SAWMILL / west
[18:57:34] [Server thread/INFO] (SNC Energies) FUNCTIONAL PASS: industrial footprint rejects obstruction: FOUNDRY / north
[18:57:34] [Server thread/INFO] (SNC Energies) FUNCTIONAL PASS: industrial multiblock has exactly one controller and inventory: FOUNDRY / north
[18:57:34] [Server thread/INFO] (SNC Energies) FUNCTIONAL PASS: industrial removal returns one machine and exact inventory: FOUNDRY / north
[18:57:34] [Server thread/INFO] (SNC Energies) FUNCTIONAL PASS: industrial footprint rejects obstruction: FOUNDRY / east
[18:57:34] [Server thread/INFO] (SNC Energies) FUNCTIONAL PASS: industrial multiblock has exactly one controller and inventory: FOUNDRY / east
[18:57:34] [Server thread/INFO] (SNC Energies) FUNCTIONAL PASS: industrial removal returns one machine and exact inventory: FOUNDRY / east
[18:57:34] [Server thread/INFO] (SNC Energies) FUNCTIONAL PASS: industrial footprint rejects obstruction: FOUNDRY / south
[18:57:34] [Server thread/INFO] (SNC Energies) FUNCTIONAL PASS: industrial multiblock has exactly one controller and inventory: FOUNDRY / south
[18:57:34] [Server thread/INFO] (SNC Energies) FUNCTIONAL PASS: industrial removal returns one machine and exact inventory: FOUNDRY / south
[18:57:34] [Server thread/INFO] (SNC Energies) FUNCTIONAL PASS: industrial footprint rejects obstruction: FOUNDRY / west
[18:57:34] [Server thread/INFO] (SNC Energies) FUNCTIONAL PASS: industrial multiblock has exactly one controller and inventory: FOUNDRY / west
[18:57:34] [Server thread/INFO] (SNC Energies) FUNCTIONAL PASS: industrial removal returns one machine and exact inventory: FOUNDRY / west
[18:57:34] [Server thread/INFO] (SNC Energies) FUNCTIONAL PASS: industrial footprint rejects obstruction: TURBINE / north
[18:57:34] [Server thread/INFO] (SNC Energies) FUNCTIONAL PASS: industrial multiblock has exactly one controller and inventory: TURBINE / north
[18:57:34] [Server thread/INFO] (SNC Energies) FUNCTIONAL PASS: industrial removal returns one machine and exact inventory: TURBINE / north
[18:57:34] [Server thread/INFO] (SNC Energies) FUNCTIONAL PASS: industrial footprint rejects obstruction: TURBINE / east
[18:57:34] [Server thread/INFO] (SNC Energies) FUNCTIONAL PASS: industrial multiblock has exactly one controller and inventory: TURBINE / east
[18:57:34] [Server thread/INFO] (SNC Energies) FUNCTIONAL PASS: industrial removal returns one machine and exact inventory: TURBINE / east
[18:57:34] [Server thread/INFO] (SNC Energies) FUNCTIONAL PASS: industrial footprint rejects obstruction: TURBINE / south
[18:57:34] [Server thread/INFO] (SNC Energies) FUNCTIONAL PASS: industrial multiblock has exactly one controller and inventory: TURBINE / south
[18:57:34] [Server thread/INFO] (SNC Energies) FUNCTIONAL PASS: industrial removal returns one machine and exact inventory: TURBINE / south
[18:57:34] [Server thread/INFO] (SNC Energies) FUNCTIONAL PASS: industrial footprint rejects obstruction: TURBINE / west
[18:57:34] [Server thread/INFO] (SNC Energies) FUNCTIONAL PASS: industrial multiblock has exactly one controller and inventory: TURBINE / west
[18:57:34] [Server thread/INFO] (SNC Energies) FUNCTIONAL PASS: industrial removal returns one machine and exact inventory: TURBINE / west
[18:57:34] [Server thread/INFO] (SNC Energies) FUNCTIONAL PASS: industrial footprint rejects obstruction: LAMINATOR / north
[18:57:34] [Server thread/INFO] (SNC Energies) FUNCTIONAL PASS: industrial multiblock has exactly one controller and inventory: LAMINATOR / north
[18:57:34] [Server thread/INFO] (SNC Energies) FUNCTIONAL PASS: industrial removal returns one machine and exact inventory: LAMINATOR / north
[18:57:34] [Server thread/INFO] (SNC Energies) FUNCTIONAL PASS: industrial footprint rejects obstruction: LAMINATOR / east
[18:57:34] [Server thread/INFO] (SNC Energies) FUNCTIONAL PASS: industrial multiblock has exactly one controller and inventory: LAMINATOR / east
[18:57:34] [Server thread/INFO] (SNC Energies) FUNCTIONAL PASS: industrial removal returns one machine and exact inventory: LAMINATOR / east
[18:57:34] [Server thread/INFO] (SNC Energies) FUNCTIONAL PASS: industrial footprint rejects obstruction: LAMINATOR / south
[18:57:34] [Server thread/INFO] (SNC Energies) FUNCTIONAL PASS: industrial multiblock has exactly one controller and inventory: LAMINATOR / south
[18:57:34] [Server thread/INFO] (SNC Energies) FUNCTIONAL PASS: industrial removal returns one machine and exact inventory: LAMINATOR / south
[18:57:34] [Server thread/INFO] (SNC Energies) FUNCTIONAL PASS: industrial footprint rejects obstruction: LAMINATOR / west
[18:57:34] [Server thread/INFO] (SNC Energies) FUNCTIONAL PASS: industrial multiblock has exactly one controller and inventory: LAMINATOR / west
[18:57:34] [Server thread/INFO] (SNC Energies) FUNCTIONAL PASS: industrial removal returns one machine and exact inventory: LAMINATOR / west
[18:57:34] [Server thread/INFO] (SNC Energies) FUNCTIONAL PASS: industrial footprint rejects obstruction: DRYER / north
[18:57:34] [Server thread/INFO] (SNC Energies) FUNCTIONAL PASS: industrial multiblock has exactly one controller and inventory: DRYER / north
[18:57:34] [Server thread/INFO] (SNC Energies) FUNCTIONAL PASS: industrial removal returns one machine and exact inventory: DRYER / north
[18:57:34] [Server thread/INFO] (SNC Energies) FUNCTIONAL PASS: industrial footprint rejects obstruction: DRYER / east
[18:57:34] [Server thread/INFO] (SNC Energies) FUNCTIONAL PASS: industrial multiblock has exactly one controller and inventory: DRYER / east
[18:57:34] [Server thread/INFO] (SNC Energies) FUNCTIONAL PASS: industrial removal returns one machine and exact inventory: DRYER / east
[18:57:34] [Server thread/INFO] (SNC Energies) FUNCTIONAL PASS: industrial footprint rejects obstruction: DRYER / south
[18:57:34] [Server thread/INFO] (SNC Energies) FUNCTIONAL PASS: industrial multiblock has exactly one controller and inventory: DRYER / south
[18:57:34] [Server thread/INFO] (SNC Energies) FUNCTIONAL PASS: industrial removal returns one machine and exact inventory: DRYER / south
[18:57:34] [Server thread/INFO] (SNC Energies) FUNCTIONAL PASS: industrial footprint rejects obstruction: DRYER / west
[18:57:34] [Server thread/INFO] (SNC Energies) FUNCTIONAL PASS: industrial multiblock has exactly one controller and inventory: DRYER / west
[18:57:34] [Server thread/INFO] (SNC Energies) FUNCTIONAL PASS: industrial removal returns one machine and exact inventory: DRYER / west
[18:57:34] [Server thread/INFO] (SNC Energies) FUNCTIONAL PASS: industrial footprint rejects obstruction: EXTRACTOR / north
[18:57:34] [Server thread/INFO] (SNC Energies) FUNCTIONAL PASS: industrial multiblock has exactly one controller and inventory: EXTRACTOR / north
[18:57:34] [Server thread/INFO] (SNC Energies) FUNCTIONAL PASS: industrial removal returns one machine and exact inventory: EXTRACTOR / north
[18:57:34] [Server thread/INFO] (SNC Energies) FUNCTIONAL PASS: industrial footprint rejects obstruction: EXTRACTOR / east
[18:57:34] [Server thread/INFO] (SNC Energies) FUNCTIONAL PASS: industrial multiblock has exactly one controller and inventory: EXTRACTOR / east
[18:57:34] [Server thread/INFO] (SNC Energies) FUNCTIONAL PASS: industrial removal returns one machine and exact inventory: EXTRACTOR / east
[18:57:34] [Server thread/INFO] (SNC Energies) FUNCTIONAL PASS: industrial footprint rejects obstruction: EXTRACTOR / south
[18:57:34] [Server thread/INFO] (SNC Energies) FUNCTIONAL PASS: industrial multiblock has exactly one controller and inventory: EXTRACTOR / south
[18:57:34] [Server thread/INFO] (SNC Energies) FUNCTIONAL PASS: industrial removal returns one machine and exact inventory: EXTRACTOR / south
[18:57:34] [Server thread/INFO] (SNC Energies) FUNCTIONAL PASS: industrial footprint rejects obstruction: EXTRACTOR / west
[18:57:34] [Server thread/INFO] (SNC Energies) FUNCTIONAL PASS: industrial multiblock has exactly one controller and inventory: EXTRACTOR / west
[18:57:34] [Server thread/INFO] (SNC Energies) FUNCTIONAL PASS: industrial removal returns one machine and exact inventory: EXTRACTOR / west
[18:57:34] [Server thread/INFO] (SNC Energies) FUNCTIONAL PASS: industrial footprint rejects obstruction: REFINERY / north
[18:57:34] [Server thread/INFO] (SNC Energies) FUNCTIONAL PASS: industrial multiblock has exactly one controller and inventory: REFINERY / north
[18:57:34] [Server thread/INFO] (SNC Energies) FUNCTIONAL PASS: industrial removal returns one machine and exact inventory: REFINERY / north
[18:57:34] [Server thread/INFO] (SNC Energies) FUNCTIONAL PASS: industrial footprint rejects obstruction: REFINERY / east
[18:57:34] [Server thread/INFO] (SNC Energies) FUNCTIONAL PASS: industrial multiblock has exactly one controller and inventory: REFINERY / east
[18:57:34] [Server thread/INFO] (SNC Energies) FUNCTIONAL PASS: industrial removal returns one machine and exact inventory: REFINERY / east
[18:57:34] [Server thread/INFO] (SNC Energies) FUNCTIONAL PASS: industrial footprint rejects obstruction: REFINERY / south
[18:57:34] [Server thread/INFO] (SNC Energies) FUNCTIONAL PASS: industrial multiblock has exactly one controller and inventory: REFINERY / south
[18:57:34] [Server thread/INFO] (SNC Energies) FUNCTIONAL PASS: industrial removal returns one machine and exact inventory: REFINERY / south
[18:57:34] [Server thread/INFO] (SNC Energies) FUNCTIONAL PASS: industrial footprint rejects obstruction: REFINERY / west
[18:57:34] [Server thread/INFO] (SNC Energies) FUNCTIONAL PASS: industrial multiblock has exactly one controller and inventory: REFINERY / west
[18:57:34] [Server thread/INFO] (SNC Energies) FUNCTIONAL PASS: industrial removal returns one machine and exact inventory: REFINERY / west
[18:57:34] [Server thread/INFO] (SNC Energies) FUNCTIONAL PASS: industrial footprint rejects obstruction: SYNTHESIZER / north
[18:57:34] [Server thread/INFO] (SNC Energies) FUNCTIONAL PASS: industrial multiblock has exactly one controller and inventory: SYNTHESIZER / north
[18:57:34] [Server thread/INFO] (SNC Energies) FUNCTIONAL PASS: industrial removal returns one machine and exact inventory: SYNTHESIZER / north
[18:57:34] [Server thread/INFO] (SNC Energies) FUNCTIONAL PASS: industrial footprint rejects obstruction: SYNTHESIZER / east
[18:57:34] [Server thread/INFO] (SNC Energies) FUNCTIONAL PASS: industrial multiblock has exactly one controller and inventory: SYNTHESIZER / east
[18:57:34] [Server thread/INFO] (SNC Energies) FUNCTIONAL PASS: industrial removal returns one machine and exact inventory: SYNTHESIZER / east
[18:57:34] [Server thread/INFO] (SNC Energies) FUNCTIONAL PASS: industrial footprint rejects obstruction: SYNTHESIZER / south
[18:57:34] [Server thread/INFO] (SNC Energies) FUNCTIONAL PASS: industrial multiblock has exactly one controller and inventory: SYNTHESIZER / south
[18:57:34] [Server thread/INFO] (SNC Energies) FUNCTIONAL PASS: industrial removal returns one machine and exact inventory: SYNTHESIZER / south
[18:57:34] [Server thread/INFO] (SNC Energies) FUNCTIONAL PASS: industrial footprint rejects obstruction: SYNTHESIZER / west
[18:57:34] [Server thread/INFO] (SNC Energies) FUNCTIONAL PASS: industrial multiblock has exactly one controller and inventory: SYNTHESIZER / west
[18:57:34] [Server thread/INFO] (SNC Energies) FUNCTIONAL PASS: industrial removal returns one machine and exact inventory: SYNTHESIZER / west
[18:57:34] [Server thread/INFO] (SNC Energies) FUNCTIONAL PASS: dry boiler consumes neither fuel nor water
[18:57:34] [Server thread/INFO] (SNC Energies) FUNCTIONAL PASS: boiler conserves two water buckets, fuel and 16000 mB steam
[18:57:34] [Server thread/INFO] (SNC Energies) FUNCTIONAL PASS: full boiler pauses fuel consumption safely
[18:57:34] [Server thread/INFO] (SNC Energies) FUNCTIONAL PASS: boiler fluids and bucket inventory survive persistence
[18:57:34] [Server thread/INFO] (SNC Energies) FUNCTIONAL PASS: steam network conserves a bounded transfer across two ducts
[18:57:34] [Server thread/INFO] (SNC Energies) FUNCTIONAL PASS: steam ducts have no electric cable entities or per-pipe ticks
[18:57:34] [Server thread/INFO] (SNC Energies) FUNCTIONAL PASS: steam insertion rejects overflow and negative amounts
[18:57:34] [Server thread/INFO] (SNC Energies) FUNCTIONAL PASS: full consumer cannot delete or duplicate source steam
[18:57:34] [Server thread/INFO] (SNC Energies) FUNCTIONAL PASS: turbine converts 8000 mB into exactly 8000 E and cannot accept back-fed power
[18:57:34] [Server thread/INFO] (SNC Energies) FUNCTIONAL PASS: blocked output prevents all processing: wood_0
[18:57:34] [Server thread/INFO] (SNC Energies) FUNCTIONAL PASS: industrial partial batch survives save/load: wood_0
[18:57:34] [Server thread/INFO] (SNC Energies) FUNCTIONAL PASS: industrial recipe conserves inputs, outputs and operating cost: wood_0
[18:57:34] [Server thread/INFO] (SNC Energies) FUNCTIONAL PASS: reagent consumption matches recipe contract: wood_0
[18:57:34] [Server thread/INFO] (SNC Energies) FUNCTIONAL PASS: blocked output prevents all processing: wood_1
[18:57:34] [Server thread/INFO] (SNC Energies) FUNCTIONAL PASS: industrial partial batch survives save/load: wood_1
[18:57:34] [Server thread/INFO] (SNC Energies) FUNCTIONAL PASS: industrial recipe conserves inputs, outputs and operating cost: wood_1
[18:57:34] [Server thread/INFO] (SNC Energies) FUNCTIONAL PASS: reagent consumption matches recipe contract: wood_1
[18:57:34] [Server thread/INFO] (SNC Energies) FUNCTIONAL PASS: blocked output prevents all processing: wood_2
[18:57:34] [Server thread/INFO] (SNC Energies) FUNCTIONAL PASS: industrial partial batch survives save/load: wood_2
[18:57:34] [Server thread/INFO] (SNC Energies) FUNCTIONAL PASS: industrial recipe conserves inputs, outputs and operating cost: wood_2
[18:57:34] [Server thread/INFO] (SNC Energies) FUNCTIONAL PASS: reagent consumption matches recipe contract: wood_2
[18:57:34] [Server thread/INFO] (SNC Energies) FUNCTIONAL PASS: blocked output prevents all processing: wood_3
[18:57:34] [Server thread/INFO] (SNC Energies) FUNCTIONAL PASS: industrial partial batch survives save/load: wood_3
[18:57:34] [Server thread/INFO] (SNC Energies) FUNCTIONAL PASS: industrial recipe conserves inputs, outputs and operating cost: wood_3
[18:57:34] [Server thread/INFO] (SNC Energies) FUNCTIONAL PASS: reagent consumption matches recipe contract: wood_3
[18:57:34] [Server thread/INFO] (SNC Energies) FUNCTIONAL PASS: blocked output prevents all processing: wood_4
[18:57:34] [Server thread/INFO] (SNC Energies) FUNCTIONAL PASS: industrial partial batch survives save/load: wood_4
[18:57:34] [Server thread/INFO] (SNC Energies) FUNCTIONAL PASS: industrial recipe conserves inputs, outputs and operating cost: wood_4
[18:57:34] [Server thread/INFO] (SNC Energies) FUNCTIONAL PASS: reagent consumption matches recipe contract: wood_4
[18:57:34] [Server thread/INFO] (SNC Energies) FUNCTIONAL PASS: blocked output prevents all processing: wood_5
[18:57:34] [Server thread/INFO] (SNC Energies) FUNCTIONAL PASS: industrial partial batch survives save/load: wood_5
[18:57:34] [Server thread/INFO] (SNC Energies) FUNCTIONAL PASS: industrial recipe conserves inputs, outputs and operating cost: wood_5
[18:57:34] [Server thread/INFO] (SNC Energies) FUNCTIONAL PASS: reagent consumption matches recipe contract: wood_5
[18:57:34] [Server thread/INFO] (SNC Energies) FUNCTIONAL PASS: blocked output prevents all processing: wood_6
[18:57:34] [Server thread/INFO] (SNC Energies) FUNCTIONAL PASS: industrial partial batch survives save/load: wood_6
[18:57:34] [Server thread/INFO] (SNC Energies) FUNCTIONAL PASS: industrial recipe conserves inputs, outputs and operating cost: wood_6
[18:57:34] [Server thread/INFO] (SNC Energies) FUNCTIONAL PASS: reagent consumption matches recipe contract: wood_6
[18:57:34] [Server thread/INFO] (SNC Energies) FUNCTIONAL PASS: blocked output prevents all processing: wood_7
[18:57:34] [Server thread/INFO] (SNC Energies) FUNCTIONAL PASS: industrial partial batch survives save/load: wood_7
[18:57:34] [Server thread/INFO] (SNC Energies) FUNCTIONAL PASS: industrial recipe conserves inputs, outputs and operating cost: wood_7
[18:57:34] [Server thread/INFO] (SNC Energies) FUNCTIONAL PASS: reagent consumption matches recipe contract: wood_7
[18:57:34] [Server thread/INFO] (SNC Energies) FUNCTIONAL PASS: blocked output prevents all processing: steel_minecraft:coal
[18:57:34] [Server thread/INFO] (SNC Energies) FUNCTIONAL PASS: industrial partial batch survives save/load: steel_minecraft:coal
[18:57:34] [Server thread/INFO] (SNC Energies) FUNCTIONAL PASS: industrial recipe conserves inputs, outputs and operating cost: steel_minecraft:coal
[18:57:34] [Server thread/INFO] (SNC Energies) FUNCTIONAL PASS: reagent consumption matches recipe contract: steel_minecraft:coal
[18:57:34] [Server thread/INFO] (SNC Energies) FUNCTIONAL PASS: blocked output prevents all processing: steel_minecraft:charcoal
[18:57:34] [Server thread/INFO] (SNC Energies) FUNCTIONAL PASS: industrial partial batch survives save/load: steel_minecraft:charcoal
[18:57:34] [Server thread/INFO] (SNC Energies) FUNCTIONAL PASS: industrial recipe conserves inputs, outputs and operating cost: steel_minecraft:charcoal
[18:57:34] [Server thread/INFO] (SNC Energies) FUNCTIONAL PASS: reagent consumption matches recipe contract: steel_minecraft:charcoal
[18:57:34] [Server thread/INFO] (SNC Energies) FUNCTIONAL PASS: blocked output prevents all processing: steel_plate
[18:57:34] [Server thread/INFO] (SNC Energies) FUNCTIONAL PASS: industrial partial batch survives save/load: steel_plate
[18:57:34] [Server thread/INFO] (SNC Energies) FUNCTIONAL PASS: industrial recipe conserves inputs, outputs and operating cost: steel_plate
[18:57:34] [Server thread/INFO] (SNC Energies) FUNCTIONAL PASS: reagent consumption matches recipe contract: steel_plate
[18:57:34] [Server thread/INFO] (SNC Energies) FUNCTIONAL PASS: blocked output prevents all processing: copper_wire
[18:57:34] [Server thread/INFO] (SNC Energies) FUNCTIONAL PASS: industrial partial batch survives save/load: copper_wire
[18:57:34] [Server thread/INFO] (SNC Energies) FUNCTIONAL PASS: industrial recipe conserves inputs, outputs and operating cost: copper_wire
[18:57:34] [Server thread/INFO] (SNC Energies) FUNCTIONAL PASS: reagent consumption matches recipe contract: copper_wire
[18:57:34] [Server thread/INFO] (SNC Energies) FUNCTIONAL PASS: blocked output prevents all processing: rice_batch
[18:57:34] [Server thread/INFO] (SNC Energies) FUNCTIONAL PASS: industrial partial batch survives save/load: rice_batch
[18:57:34] [Server thread/INFO] (SNC Energies) FUNCTIONAL PASS: industrial recipe conserves inputs, outputs and operating cost: rice_batch
[18:57:34] [Server thread/INFO] (SNC Energies) FUNCTIONAL PASS: reagent consumption matches recipe contract: rice_batch
[18:57:34] [Server thread/INFO] (SNC Energies) FUNCTIONAL PASS: blocked output prevents all processing: mate_batch
[18:57:34] [Server thread/INFO] (SNC Energies) FUNCTIONAL PASS: industrial partial batch survives save/load: mate_batch
[18:57:34] [Server thread/INFO] (SNC Energies) FUNCTIONAL PASS: industrial recipe conserves inputs, outputs and operating cost: mate_batch
[18:57:34] [Server thread/INFO] (SNC Energies) FUNCTIONAL PASS: reagent consumption matches recipe contract: mate_batch
[18:57:34] [Server thread/INFO] (SNC Energies) FUNCTIONAL PASS: blocked output prevents all processing: insulation
[18:57:34] [Server thread/INFO] (SNC Energies) FUNCTIONAL PASS: industrial partial batch survives save/load: insulation
[18:57:34] [Server thread/INFO] (SNC Energies) FUNCTIONAL PASS: industrial recipe conserves inputs, outputs and operating cost: insulation
[18:57:34] [Server thread/INFO] (SNC Energies) FUNCTIONAL PASS: reagent consumption matches recipe contract: insulation
[18:57:34] [Server thread/INFO] (SNC Energies) FUNCTIONAL PASS: blocked output prevents all processing: oil_batch
[18:57:34] [Server thread/INFO] (SNC Energies) FUNCTIONAL PASS: industrial partial batch survives save/load: oil_batch
[18:57:34] [Server thread/INFO] (SNC Energies) FUNCTIONAL PASS: industrial recipe conserves inputs, outputs and operating cost: oil_batch
[18:57:34] [Server thread/INFO] (SNC Energies) FUNCTIONAL PASS: reagent consumption matches recipe contract: oil_batch
[18:57:34] [Server thread/INFO] (SNC Energies) FUNCTIONAL PASS: blocked output prevents all processing: refined_voltaite
[18:57:34] [Server thread/INFO] (SNC Energies) FUNCTIONAL PASS: industrial partial batch survives save/load: refined_voltaite
[18:57:34] [Server thread/INFO] (SNC Energies) FUNCTIONAL PASS: industrial recipe conserves inputs, outputs and operating cost: refined_voltaite
[18:57:34] [Server thread/INFO] (SNC Energies) FUNCTIONAL PASS: reagent consumption matches recipe contract: refined_voltaite
[18:57:34] [Server thread/INFO] (SNC Energies) FUNCTIONAL PASS: blocked output prevents all processing: mineral_matrix
[18:57:34] [Server thread/INFO] (SNC Energies) FUNCTIONAL PASS: industrial partial batch survives save/load: mineral_matrix
[18:57:34] [Server thread/INFO] (SNC Energies) FUNCTIONAL PASS: industrial recipe conserves inputs, outputs and operating cost: mineral_matrix
[18:57:34] [Server thread/INFO] (SNC Energies) FUNCTIONAL PASS: reagent consumption matches recipe contract: mineral_matrix
[18:57:34] [Server thread/INFO] (SNC Energies) FUNCTIONAL PASS: blocked output prevents all processing: synthesis_minecraft:raw_iron
[18:57:34] [Server thread/INFO] (SNC Energies) FUNCTIONAL PASS: industrial partial batch survives save/load: synthesis_minecraft:raw_iron
[18:57:34] [Server thread/INFO] (SNC Energies) FUNCTIONAL PASS: industrial recipe conserves inputs, outputs and operating cost: synthesis_minecraft:raw_iron
[18:57:34] [Server thread/INFO] (SNC Energies) FUNCTIONAL PASS: reagent consumption matches recipe contract: synthesis_minecraft:raw_iron
[18:57:34] [Server thread/INFO] (SNC Energies) FUNCTIONAL PASS: blocked output prevents all processing: synthesis_minecraft:raw_copper
[18:57:34] [Server thread/INFO] (SNC Energies) FUNCTIONAL PASS: industrial partial batch survives save/load: synthesis_minecraft:raw_copper
[18:57:34] [Server thread/INFO] (SNC Energies) FUNCTIONAL PASS: industrial recipe conserves inputs, outputs and operating cost: synthesis_minecraft:raw_copper
[18:57:34] [Server thread/INFO] (SNC Energies) FUNCTIONAL PASS: reagent consumption matches recipe contract: synthesis_minecraft:raw_copper
[18:57:34] [Server thread/INFO] (SNC Energies) FUNCTIONAL PASS: blocked output prevents all processing: synthesis_minecraft:raw_gold
[18:57:34] [Server thread/INFO] (SNC Energies) FUNCTIONAL PASS: industrial partial batch survives save/load: synthesis_minecraft:raw_gold
[18:57:34] [Server thread/INFO] (SNC Energies) FUNCTIONAL PASS: industrial recipe conserves inputs, outputs and operating cost: synthesis_minecraft:raw_gold
[18:57:34] [Server thread/INFO] (SNC Energies) FUNCTIONAL PASS: reagent consumption matches recipe contract: synthesis_minecraft:raw_gold
[18:57:34] [Server thread/INFO] (SNC Energies) FUNCTIONAL PASS: blocked output prevents all processing: synthesis_snc_energies:raw_tin
[18:57:34] [Server thread/INFO] (SNC Energies) FUNCTIONAL PASS: industrial partial batch survives save/load: synthesis_snc_energies:raw_tin
[18:57:34] [Server thread/INFO] (SNC Energies) FUNCTIONAL PASS: industrial recipe conserves inputs, outputs and operating cost: synthesis_snc_energies:raw_tin
[18:57:34] [Server thread/INFO] (SNC Energies) FUNCTIONAL PASS: reagent consumption matches recipe contract: synthesis_snc_energies:raw_tin
[18:57:34] [Server thread/INFO] (SNC Energies) FUNCTIONAL PASS: blocked output prevents all processing: synthesis_snc_energies:raw_voltaite
[18:57:34] [Server thread/INFO] (SNC Energies) FUNCTIONAL PASS: industrial partial batch survives save/load: synthesis_snc_energies:raw_voltaite
[18:57:34] [Server thread/INFO] (SNC Energies) FUNCTIONAL PASS: industrial recipe conserves inputs, outputs and operating cost: synthesis_snc_energies:raw_voltaite
[18:57:34] [Server thread/INFO] (SNC Energies) FUNCTIONAL PASS: reagent consumption matches recipe contract: synthesis_snc_energies:raw_voltaite
[18:57:34] [Server thread/INFO] (SNC Energies) FUNCTIONAL PASS: duct network delivers one raw iron into a furnace input without loss or duplication
[18:57:34] [Server thread/INFO] (SNC Energies) FUNCTIONAL PASS: duct buffer exposes standard hopper windows on every face
[18:57:34] [Server thread/INFO] (SNC Energies) FUNCTIONAL PASS: duct holding an item rejects further insertion
[18:57:34] [Server thread/INFO] (SNC Energies) FUNCTIONAL PASS: blocked network parks the item in a duct without merging, ejecting or destroying it
[18:57:34] [Server thread/INFO] (SNC Energies) FUNCTIONAL PASS: parked item resumes delivery once the destination accepts again
[18:57:34] [Server thread/INFO] (SNC Energies) FUNCTIONAL PASS: furnace produces before suction check
[18:57:34] [Server thread/INFO] (SNC Energies) FUNCTIONAL PASS: empty duct pulls a finished ingot out of a machine output
[18:57:34] [Server thread/INFO] (SNC Energies) FUNCTIONAL PASS: industrial anchor hosts the controller cell
[18:57:34] [Server thread/INFO] (SNC Energies) FUNCTIONAL PASS: industrial outputs extract only downwards
[18:57:34] [Server thread/INFO] (SNC Energies) FUNCTIONAL PASS: side and top faces offer insertion windows without extraction
[18:57:34] [Server thread/INFO] (SNC Energies) FUNCTIONAL PASS: duct suction removes exactly one plate per step from an industrial output
[18:57:34] [Server thread/INFO] (SNC Energies) FUNCTIONAL PASS: machines default to always-on operation
[18:57:34] [Server thread/INFO] (SNC Energies) FUNCTIONAL PASS: panel toggle switches to redstone mode
[18:57:34] [Server thread/INFO] (SNC Energies) FUNCTIONAL PASS: redstone mode without signal reports the gate status
[18:57:34] [Server thread/INFO] (SNC Energies) FUNCTIONAL PASS: redstone power starts processing
[18:57:34] [Server thread/INFO] (SNC Energies) FUNCTIONAL PASS: in-flight batch completes after the signal drops
[18:57:34] [Server thread/INFO] (SNC Energies) FUNCTIONAL PASS: no new batch starts while unpowered; inputs and gate state are preserved
[18:57:34] [Server thread/INFO] (SNC Energies) FUNCTIONAL PASS: run mode survives persistence
[18:57:34] [Server thread/INFO] (SNC Energies) FUNCTIONAL PASS: gate test machine remains the single controller
[18:57:34] [Server thread/INFO] (SNC Energies) FUNCTIONAL PASS: default face modes keep the 0.2.0 contract: outputs below, inputs elsewhere
[18:57:34] [Server thread/INFO] (SNC Energies) FUNCTIONAL PASS: default windows: extraction only below, insertion above and beside
[18:57:34] [Server thread/INFO] (SNC Energies) FUNCTIONAL PASS: screwdriver reconfigures the front face to output only
[18:57:34] [Server thread/INFO] (SNC Energies) FUNCTIONAL PASS: second cycle turns the front face into a both-ways window
[18:57:34] [Server thread/INFO] (SNC Energies) FUNCTIONAL PASS: screwdriver cycles through to the inverted redstone mode
[18:57:34] [Server thread/INFO] (SNC Energies) FUNCTIONAL PASS: inverted mode runs while unpowered
[18:57:34] [Server thread/INFO] (SNC Energies) FUNCTIONAL PASS: power halts an inverted machine with the new gate status without losing progress
[18:57:34] [Server thread/INFO] (SNC Energies) FUNCTIONAL PASS: inverted machine resumes once the signal drops
[18:57:34] [Server thread/INFO] (SNC Energies) FUNCTIONAL PASS: face modes and the inverted mode persist across save and load
[18:57:34] [Server thread/INFO] (SNC Energies) FUNCTIONAL PASS: empty whitelist lets every item into the duct
[18:57:34] [Server thread/INFO] (SNC Energies) FUNCTIONAL PASS: whitelist admits only listed items through the insertion windows
[18:57:34] [Server thread/INFO] (SNC Energies) FUNCTIONAL PASS: whitelist blocks suction of an unlisted machine output
[18:57:34] [Server thread/INFO] (SNC Energies) FUNCTIONAL PASS: whitelisted output leaves the machine window without loss
[18:57:34] [Server thread/INFO] (SNC Energies) FUNCTIONAL PASS: filter persists across save and load
[18:57:34] [Server thread/INFO] (SNC Energies) FUNCTIONAL PASS: clearing the whitelist restores universal acceptance
[18:57:34] [Server thread/INFO] (SNC Energies) FUNCTIONAL PASS: shelf and anchor block entities load
[18:57:34] [Server thread/INFO] (SNC Energies) FUNCTIONAL PASS: beverage shelf bound to the beverage catalog line
[18:57:34] [Server thread/INFO] (SNC Energies) FUNCTIONAL PASS: anchor spawns the Mercajeiro on the counter post
[18:57:34] [Server thread/INFO] (SNC Energies) FUNCTIONAL PASS: Mercajeiro is bound to the market post
[18:57:34] [Server thread/INFO] (SNC Energies) Mercadão catalog ready: 8 offers (0 from Adventures)
[18:57:34] [Server thread/INFO] (SNC Energies) FUNCTIONAL PASS: menu exposes ten counter positions
[18:57:34] [Server thread/INFO] (SNC Energies) FUNCTIONAL PASS: out-of-catalog position is rejected by the server menu
[18:57:34] [Server thread/INFO] (SNC Energies) FUNCTIONAL PASS: standalone profile refuses the sale (no wallet, no second economy)
[18:57:34] [Server thread/INFO] (SNC Energies) SNC Adventures absent; Mercadão runs without wallet purchases
[18:57:34] [Server thread/INFO] (SNC Energies) FUNCTIONAL PASS: no balance exists when Adventures is absent
[18:57:34] [Server thread/INFO] (SNC Energies) FUNCTIONAL PASS: Mercajeiro click opens the purchase menu
[18:57:34] [Server thread/INFO] (SNC Energies) MercadaoFunctionalTest OK
[18:57:34] [Server thread/INFO] (SNC Energies) FUNCTIONAL PASS: tractor exposes its supply panel menu
[18:57:34] [Server thread/INFO] (SNC Energies) FUNCTIONAL PASS: seed slots accept regional and vanilla seeds only
[18:57:34] [Server thread/INFO] (SNC Energies) FUNCTIONAL PASS: engine refuses to start on an empty oil tank
[18:57:34] [Server thread/INFO] (SNC Energies) FUNCTIONAL PASS: engine starts with oil available
[18:57:34] [Server thread/INFO] (SNC Energies) FUNCTIONAL PASS: engine toggles off through the same button
[18:57:34] [Server thread/INFO] (SNC Energies) DBG drive enter attached=false implRemoved=false
[18:57:34] [Server thread/INFO] (SNC Energies) DBG after-move tractorZ=3.7000000029802322 distance=0.2 lowered=true
[18:57:34] [Server thread/INFO] (SNC Energies) DBG tryPlant row=0 target=BlockPos{x=44, y=121, z=6} below=Block{minecraft:farmland} at=Block{minecraft:air}
[18:57:34] [Server thread/INFO] (SNC Energies) DBG tryPlant row=1 target=BlockPos{x=45, y=121, z=6} below=Block{minecraft:farmland} at=Block{minecraft:air}
[18:57:34] [Server thread/INFO] (SNC Energies) DBG tryPlant row=2 target=BlockPos{x=46, y=121, z=6} below=Block{minecraft:farmland} at=Block{minecraft:air}
[18:57:34] [Server thread/INFO] (SNC Energies) DBG tickAttach enter attached=false removed=false
[18:57:34] [Server thread/INFO] (SNC Energies) FUNCTIONAL PASS: one seed spent per planted row position (three rows, one occupied)
[18:57:34] [Server thread/INFO] (SNC Energies) FUNCTIONAL PASS: existing crop is never replaced by the planter
[18:57:34] [Server thread/INFO] (SNC Energies) FUNCTIONAL PASS: centre row plants wheat ahead of the tractor
[18:57:34] [Server thread/INFO] (SNC Energies) FUNCTIONAL PASS: left row plants soybeans from its own tank
[18:57:34] [Server thread/INFO] (SNC Energies) FUNCTIONAL PASS: right row plants wheat from its own tank
[18:57:34] [Server thread/INFO] (SNC Energies) FUNCTIONAL PASS: lift command synchronizes to the renderer state
[18:57:34] [Server thread/INFO] (SNC Energies) DBG drive enter attached=false implRemoved=false
[18:57:34] [Server thread/INFO] (SNC Energies) DBG after-move tractorZ=6.700000002980232 distance=0.2 lowered=false
[18:57:34] [Server thread/INFO] (SNC Energies) DBG tickAttach enter attached=false removed=false
[18:57:34] [Server thread/INFO] (SNC Energies) FUNCTIONAL PASS: raised planter spends no seeds
[18:57:34] [Server thread/INFO] (SNC Energies) DBG drive enter attached=false implRemoved=false
[18:57:34] [Server thread/INFO] (SNC Energies) DBG after-move tractorZ=6.9000000059604645 distance=0.2 lowered=true
[18:57:34] [Server thread/INFO] (SNC Energies) DBG tryPlant row=0 target=BlockPos{x=44, y=121, z=9} below=Block{minecraft:farmland} at=Block{minecraft:air}
[18:57:34] [Server thread/INFO] (SNC Energies) DBG tryPlant row=1 target=BlockPos{x=45, y=121, z=9} below=Block{minecraft:farmland} at=Block{minecraft:air}
[18:57:34] [Server thread/INFO] (SNC Energies) DBG tryPlant row=2 target=BlockPos{x=46, y=121, z=9} below=Block{minecraft:farmland} at=Block{minecraft:air}
[18:57:34] [Server thread/INFO] (SNC Energies) DBG tickAttach enter attached=false removed=false
[18:57:34] [Server thread/INFO] (SNC Energies) FUNCTIONAL PASS: driving with the engine on burns exactly one oil tick
[18:57:34] [Server thread/INFO] (SNC Energies) DBG drive enter attached=false implRemoved=false
[18:57:34] [Server thread/INFO] (SNC Energies) DBG after-move tractorZ=4.700000002980232 distance=0.2 lowered=true
[18:57:34] [Server thread/INFO] (SNC Energies) DBG tryPlant row=0 target=BlockPos{x=44, y=121, z=7} below=Block{minecraft:farmland} at=Block{minecraft:wheat}
[18:57:34] [Server thread/INFO] (SNC Energies) DBG tryPlant row=1 target=BlockPos{x=45, y=121, z=7} below=Block{minecraft:farmland} at=Block{minecraft:wheat}
[18:57:34] [Server thread/INFO] (SNC Energies) DBG tryPlant row=2 target=BlockPos{x=46, y=121, z=7} below=Block{minecraft:farmland} at=Block{minecraft:wheat}
[18:57:34] [Server thread/INFO] (SNC Energies) DBG tickAttach enter attached=false removed=false
[18:57:34] [Server thread/INFO] (SNC Energies) FUNCTIONAL PASS: occupied positions across all rows spend no seeds
[18:57:34] [Server thread/INFO] (SNC Energies) FUNCTIONAL PASS: panel ignition button toggles the engine
[18:57:34] [Server thread/INFO] (SNC Energies) FUNCTIONAL PASS: implement starts unattached
[18:57:34] [Server thread/INFO] (SNC Energies) FUNCTIONAL PASS: hitch couples the parked implement
[18:57:34] [Server thread/INFO] (SNC Energies) FUNCTIONAL PASS: second hitch is refused while one implement is coupled
[18:57:34] [Server thread/INFO] (SNC Energies) DEBUG pre-tick attached=true tractorZ=10.5 implementZ=8.5 oil=396 plantZ=11
[18:57:34] [Server thread/INFO] (SNC Energies) DBG drive enter attached=true implRemoved=false
[18:57:34] [Server thread/INFO] (SNC Energies) DBG after-move tractorZ=10.700000002980232 distance=0.2 lowered=true
[18:57:34] [Server thread/INFO] (SNC Energies) DBG tryPlant row=0 target=BlockPos{x=44, y=121, z=11} below=Block{minecraft:farmland} at=Block{minecraft:air}
[18:57:34] [Server thread/INFO] (SNC Energies) DBG tryPlant row=1 target=BlockPos{x=45, y=121, z=11} below=Block{minecraft:farmland} at=Block{minecraft:wheat}
[18:57:34] [Server thread/INFO] (SNC Energies) DBG tryPlant row=2 target=BlockPos{x=46, y=121, z=11} below=Block{minecraft:farmland} at=Block{minecraft:air}
[18:57:34] [Server thread/INFO] (SNC Energies) DBG tickAttach enter attached=true removed=false
[18:57:34] [Server thread/INFO] (SNC Energies) DBG tickAttach posed implZ=9.012500002980232
[18:57:34] [Server thread/INFO] (SNC Energies) DEBUG implement before=30 after=28 hitchZ=9.012500002980232 left=Block{minecraft:wheat} right=Block{snc_energies:soy_crop} centre=Block{minecraft:wheat}
[18:57:34] [Server thread/INFO] (SNC Energies) FUNCTIONAL PASS: attached implement spends its own seeds (occupied column skipped)
[18:57:34] [Server thread/INFO] (SNC Energies) FUNCTIONAL PASS: left row plants the implement's own wheat seeds
[18:57:34] [Server thread/INFO] (SNC Energies) FUNCTIONAL PASS: right row plants the implement's own soybean seeds
[18:57:34] [Server thread/INFO] (SNC Energies) FUNCTIONAL PASS: occupied centre cell is never replaced by the implement
[18:57:34] [Server thread/INFO] (SNC Energies) FUNCTIONAL PASS: implement rides welded at the tractor's rear hitch
[18:57:34] [Server thread/INFO] (SNC Energies) DBG mirror tractorWorking=false implWorking=false implRaised=false
[18:57:34] [Server thread/ERROR] (SNC Energies) FUNCTIONAL TESTS FAILED

java.lang.AssertionError: implement mirrors working and lift state
	at knot//com.snc.energies.TractorFunctionalTest.check(TractorFunctionalTest.java:32)
	at knot//com.snc.energies.TractorFunctionalTest.run(TractorFunctionalTest.java:197)
	at knot//com.snc.energies.TractorFunctionalTest.run(TractorFunctionalTest.java:29)
	at knot//com.snc.energies.MachineFunctionalTest.setup(MachineFunctionalTest.java:140)
	at knot//com.snc.energies.MachineFunctionalTest.lambda$onInitializeServer$1(MachineFunctionalTest.java:57)
	at knot//net.fabricmc.fabric.api.event.lifecycle.v1.ServerTickEvents.lambda$static$3(ServerTickEvents.java:55)
	at knot//net.minecraft.server.MinecraftServer.handler$zdj000$fabric-lifecycle-events-v1$onEndTick(MinecraftServer.java:4416)
	at knot//net.minecraft.server.MinecraftServer.tickServer(MinecraftServer.java:1004)
	at knot//net.minecraft.server.dedicated.DedicatedServer.tickServer(DedicatedServer.java:278)
	at knot//net.minecraft.server.MinecraftServer.processPacketsAndTick(MinecraftServer.java:1013)
	at knot//net.minecraft.server.MinecraftServer.runServer(MinecraftServer.java:752)
	at knot//net.minecraft.server.MinecraftServer.lambda$spin$0(MinecraftServer.java:310)
	at java.base/java.lang.Thread.run(Thread.java:1474)
[18:57:34] [Server thread/INFO] (Minecraft) Stopping server
[18:57:34] [Server thread/INFO] (Minecraft) Saving players
[18:57:34] [Server thread/INFO] (Minecraft) Saving worlds
[18:57:35] [Server thread/INFO] (Minecraft) Saving chunks for level 'ServerLevel[machine-test]'/minecraft:overworld
[18:57:35] [Server thread/INFO] (Minecraft) Saving chunks for level 'ServerLevel[machine-test]'/minecraft:the_end
[18:57:35] [Server thread/INFO] (Minecraft) Saving chunks for level 'ServerLevel[machine-test]'/minecraft:the_nether

> Task :runServer FAILED

FAILURE: Build failed with an exception.

* Where:
Initialization script 'C:\Users\enzot\curseforge\minecraft\Instances\Mods SNC\snc_energies\tools\functional-test.init.gradle' line: 37

* What went wrong:
Execution failed for task ':runServer' (registered by plugin 'fabric-loom').
> Functional server did not pass; inspect C:\Users\enzot\curseforge\minecraft\Instances\Mods SNC\snc_energies\run\functional-standalone\logs\latest.log

* Try:
> Run with --stacktrace option to get the stack trace.
> Run with --info or --debug option to get more log output.
> Run with --scan to get full insights from a Build Scan (powered by Develocity).
> Get more help at https://help.gradle.org.

BUILD FAILED in 32s
8 actionable tasks: 1 executed, 7 up-to-date
